ASxxxx Linker V03.00/V05.40 + sdld,  page 1.
Hexadecimal  [32-Bits]

Area                                    Addr        Size        Decimal Bytes (Attributes)
--------------------------------        ----        ----        ------- ----- ------------
CABS                                00000000    00000000 =           0. bytes (ABS,CON,CODE)

      Value  Global                              Global Defined In Module
      -----  --------------------------------   ------------------------
C:   00000000  l_BIT_BANK                      
C:   00000000  l_CABS                          
C:   00000000  l_GSINIT                        
C:   00000000  l_GSINIT1                       
C:   00000000  l_GSINIT5                       
C:   00000000  l_IABS                          
C:   00000000  l_ISEG                          
C:   00000000  l_PSEG                          
C:   00000000  l_REG_BANK_1                    
C:   00000000  l_REG_BANK_2                    
C:   00000000  l_REG_BANK_3                    
C:   00000000  l_RSEG                          
C:   00000000  l_RSEG0                         
C:   00000000  l_RSEG1                         
C:   00000000  l_XABS                          
C:   00000000  l_XINIT                         
C:   00000000  l_XISEG                         
C:   00000000  l__CODE                         
C:   00000000  s_BSEG                          
C:   00000000  s_CABS                          
C:   00000000  s_DSEG                          
C:   00000000  s_HOME                          
C:   00000000  s_IABS                          
C:   00000000  s_ISEG                          
C:   00000000  s_REG_BANK_0                    
C:   00000000  s_RSEG                          
C:   00000000  s_RSEG0                         
C:   00000000  s_RSEG1                         
C:   00000000  s_XABS                          
C:   00000001  l_BSEG                          
C:   00000001  l_BSEG_BYTES                    
C:   00000001  s_PSEG                          
C:   00000001  s_XSEG                          
C:   00000003  l_GSFINAL                       
C:   00000003  l_GSINIT0                       
C:   00000008  l_REG_BANK_0                    
C:   00000008  s_REG_BANK_1                    
C:   0000000A  l_GSINIT2                       
C:   0000000E  l_OSEG                          
C:   00000010  s_REG_BANK_2                    
C:   00000018  s_BIT_BANK                      
C:   00000018  s_REG_BANK_3                    
C:   00000020  s_BSEG_BYTES                    
C:   00000020  s__CODE                         
C:   00000022  l_GSINIT3                       
C:   0000002A  l_GSINIT4                       
C:   00000036  l_SSEG                          
C:   0000003C  s_OSEG                          
C:   0000004A  s_SSEG                          
C:   0000004C  l_HOME                          
ASxxxx Linker V03.00/V05.40 + sdld,  page 2.
Hexadecimal  [32-Bits]

Area                                    Addr        Size        Decimal Bytes (Attributes)
--------------------------------        ----        ----        ------- ----- ------------
CABS                                00000000    00000000 =           0. bytes (ABS,CON,CODE)

      Value  Global                              Global Defined In Module
      -----  --------------------------------   ------------------------
C:   0000004C  s_GSINIT0                       
C:   0000004F  s_GSINIT1                       
C:   0000004F  s_GSINIT2                       
C:   00000059  s_GSINIT3                       
C:   0000007B  s_GSINIT4                       
C:   0000007F  l_DSEG                          
C:   00000080  l_IRAM                          
C:   000000A5  s_GSFINAL                       
C:   000000A5  s_GSINIT                        
C:   000000A5  s_GSINIT5                       
C:   000000A8  s_CSEG                          
C:   0000014A  l_CONST                         
C:   000002C7  l_XSEG                          
C:   000002C8  s_XISEG                         
C:   00003A2D  l_CSEG                          
C:   00003AD5  s_CONST                         
C:   00003C1F  s_XINIT                         

ASxxxx Linker V03.00/V05.40 + sdld,  page 3.
Hexadecimal  [32-Bits]

Area                                    Addr        Size        Decimal Bytes (Attributes)
--------------------------------        ----        ----        ------- ----- ------------
.  .ABS.                            00000000    00000000 =           0. bytes (ABS,CON)

      Value  Global                              Global Defined In Module
      -----  --------------------------------   ------------------------
     00000000  .__.ABS.                           _startup
     00000080  _P0                                DateTime
     00000080  _P0_0                              DateTime
     00000081  _P0_1                              DateTime
     00000081  _SP                                DateTime
     00000082  _DPL                               DateTime
     00000082  _P0_2                              DateTime
     00000083  _DPH                               DateTime
     00000083  _P0_3                              DateTime
     00000084  _P0_4                              DateTime
     00000085  _P0_5                              DateTime
     00000086  _P0_6                              DateTime
     00000087  _P0_7                              DateTime
     00000087  _PCON                              DateTime
     00000088  _IT0                               DateTime
     00000088  _TCON                              DateTime
     00000089  _IE0                               DateTime
     00000089  _TMOD                              DateTime
     0000008A  _IT1                               DateTime
     0000008A  _TL0                               DateTime
     0000008B  _IE1                               DateTime
     0000008B  _TL1                               DateTime
     0000008C  _TH0                               DateTime
     0000008C  _TR0                               DateTime
     0000008D  _TF0                               DateTime
     0000008D  _TH1                               DateTime
     0000008E  _AUXR                              DateTime
     0000008E  _TR1                               DateTime
     0000008F  _CKCON0                            DateTime
     0000008F  _TF1                               DateTime
     00000090  _P1                                DateTime
     00000090  _P1_0                              DateTime
     00000091  _P1_1                              DateTime
     00000092  _P1_2                              DateTime
     00000093  _P1_3                              DateTime
     00000094  _P1_4                              DateTime
     00000095  _P1_5                              DateTime
     00000096  _P1_6                              DateTime
     00000097  _CKRL                              DateTime
     00000097  _P1_7                              DateTime
     00000098  _RI                                DateTime
     00000098  _SCON                              DateTime
     00000099  _SBUF                              DateTime
     00000099  _TI                                DateTime
     0000009A  _BRL                               DateTime
     0000009A  _RB8                               DateTime
     0000009B  _BDRCON                            DateTime
     0000009B  _TB8                               DateTime
     0000009C  _KBLS                              DateTime
     0000009C  _REN                               DateTime
ASxxxx Linker V03.00/V05.40 + sdld,  page 4.
Hexadecimal  [32-Bits]

Area                                    Addr        Size        Decimal Bytes (Attributes)
--------------------------------        ----        ----        ------- ----- ------------
.  .ABS.                            00000000    00000000 =           0. bytes (ABS,CON)

      Value  Global                              Global Defined In Module
      -----  --------------------------------   ------------------------
     0000009D  _KBE                               DateTime
     0000009D  _SM2                               DateTime
     0000009E  _KBF                               DateTime
     0000009E  _SM1                               DateTime
     0000009F  _SM0                               DateTime
     000000A0  _P2                                DateTime
     000000A0  _P2_0                              DateTime
     000000A0  __XPAGE                            
     000000A1  _P2_1                              DateTime
     000000A2  _AUXR1                             DateTime
     000000A2  _P2_2                              DateTime
     000000A3  _P2_3                              DateTime
     000000A4  _P2_4                              DateTime
     000000A5  _P2_5                              DateTime
     000000A6  _P2_6                              DateTime
     000000A6  _WDTRST                            DateTime
     000000A7  _P2_7                              DateTime
     000000A7  _WDTPRG                            DateTime
     000000A8  _EX0                               DateTime
     000000A8  _IE                                DateTime
     000000A8  _IEN0                              DateTime
     000000A9  _ET0                               DateTime
     000000A9  _SADDR                             DateTime
     000000AA  _EX1                               DateTime
     000000AB  _ET1                               DateTime
     000000AC  _ES                                DateTime
     000000AD  _ET2                               DateTime
     000000AE  _EC                                DateTime
     000000AF  _CKCON1                            DateTime
     000000AF  _EA                                DateTime
     000000B0  _P3                                DateTime
     000000B0  _P3_0                              DateTime
     000000B0  _RXD                               DateTime
     000000B1  _IEN1                              DateTime
     000000B1  _P3_1                              DateTime
     000000B1  _TXD                               DateTime
     000000B2  _INT0                              DateTime
     000000B2  _IPL1                              DateTime
     000000B2  _P3_2                              DateTime
     000000B3  _INT1                              DateTime
     000000B3  _IPH1                              DateTime
     000000B3  _P3_3                              DateTime
     000000B4  _P3_4                              DateTime
     000000B4  _T0                                DateTime
     000000B5  _P3_5                              DateTime
     000000B5  _T1                                DateTime
     000000B6  _P3_6                              DateTime
     000000B6  _WR                                DateTime
     000000B7  _IPH0                              DateTime
     000000B7  _P3_7                              DateTime
     000000B7  _RD                                DateTime
ASxxxx Linker V03.00/V05.40 + sdld,  page 5.
Hexadecimal  [32-Bits]

Area                                    Addr        Size        Decimal Bytes (Attributes)
--------------------------------        ----        ----        ------- ----- ------------
.  .ABS.                            00000000    00000000 =           0. bytes (ABS,CON)

      Value  Global                              Global Defined In Module
      -----  --------------------------------   ------------------------
     000000B8  _IP                                DateTime
     000000B8  _IPL0                              DateTime
     000000B8  _PX0                               DateTime
     000000B8  _PX0L                              DateTime
     000000B9  _PT0                               DateTime
     000000B9  _PT0L                              DateTime
     000000B9  _SADEN                             DateTime
     000000BA  _PX1                               DateTime
     000000BA  _PX1L                              DateTime
     000000BB  _PT1                               DateTime
     000000BB  _PT1L                              DateTime
     000000BC  _PS                                DateTime
     000000BC  _PSL                               DateTime
     000000BD  _PT2                               DateTime
     000000BD  _PT2L                              DateTime
     000000BE  _PPCL                              DateTime
     000000C0  _P4                                DateTime
     000000C0  _P4_0                              DateTime
     000000C1  _P4_1                              DateTime
     000000C2  _P4_2                              DateTime
     000000C3  _P4_3                              DateTime
     000000C3  _SPCON                             DateTime
     000000C4  _P4_4                              DateTime
     000000C4  _SPSTA                             DateTime
     000000C5  _P4_5                              DateTime
     000000C5  _SPDAT                             DateTime
     000000C6  _P4_6                              DateTime
     000000C7  _P4_7                              DateTime
     000000C8  _CP_RL2                            DateTime
     000000C8  _T2CON                             DateTime
     000000C8  _T2CON_0                           DateTime
     000000C9  _C_T2                              DateTime
     000000C9  _T2CON_1                           DateTime
     000000C9  _T2MOD                             DateTime
     000000CA  _RCAP2L                            DateTime
     000000CA  _T2CON_2                           DateTime
     000000CA  _TR2                               DateTime
     000000CB  _EXEN2                             DateTime
     000000CB  _RCAP2H                            DateTime
     000000CB  _T2CON_3                           DateTime
     000000CC  _T2CON_4                           DateTime
     000000CC  _TCLK                              DateTime
     000000CC  _TL2                               DateTime
     000000CD  _RCLK                              DateTime
     000000CD  _T2CON_5                           DateTime
     000000CD  _TH2                               DateTime
     000000CE  _EXF2                              DateTime
     000000CE  _T2CON_6                           DateTime
     000000CF  _T2CON_7                           DateTime
     000000CF  _TF2                               DateTime
     000000D0  _P                                 DateTime
ASxxxx Linker V03.00/V05.40 + sdld,  page 6.
Hexadecimal  [32-Bits]

Area                                    Addr        Size        Decimal Bytes (Attributes)
--------------------------------        ----        ----        ------- ----- ------------
.  .ABS.                            00000000    00000000 =           0. bytes (ABS,CON)

      Value  Global                              Global Defined In Module
      -----  --------------------------------   ------------------------
     000000D0  _PSW                               DateTime
     000000D1  _F1                                DateTime
     000000D2  _EECON                             DateTime
     000000D2  _OV                                DateTime
     000000D3  _RS0                               DateTime
     000000D4  _RS1                               DateTime
     000000D5  _F0                                DateTime
     000000D6  _AC                                DateTime
     000000D7  _CY                                DateTime
     000000D8  _CCF0                              DateTime
     000000D8  _CCON                              DateTime
     000000D9  _CCF1                              DateTime
     000000D9  _CMOD                              DateTime
     000000DA  _CCAPM0                            DateTime
     000000DA  _CCF2                              DateTime
     000000DB  _CCAPM1                            DateTime
     000000DB  _CCF3                              DateTime
     000000DC  _CCAPM2                            DateTime
     000000DC  _CCF4                              DateTime
     000000DD  _CCAPM3                            DateTime
     000000DE  _CCAPM4                            DateTime
     000000DE  _CR                                DateTime
     000000DF  _CF                                DateTime
     000000E0  _ACC                               DateTime
     000000E8  _P5                                DateTime
     000000E8  _P5_0                              DateTime
     000000E9  _CL                                DateTime
     000000E9  _P5_1                              DateTime
     000000EA  _CCAP0L                            DateTime
     000000EA  _P5_2                              DateTime
     000000EB  _CCAP1L                            DateTime
     000000EB  _P5_3                              DateTime
     000000EC  _CCAP2L                            DateTime
     000000EC  _P5_4                              DateTime
     000000ED  _CCAP3L                            DateTime
     000000ED  _P5_5                              DateTime
     000000EE  _CCAP4L                            DateTime
     000000EE  _P5_6                              DateTime
     000000EF  _P5_7                              DateTime
     000000F0  _B                                 DateTime
     000000F5  _B_5                               _gptrget
     000000F6  _B_6                               _gptrget
     000000F7  _B_7                               _gptrget
     000000F9  _CH                                DateTime
     000000FA  _CCAP0H                            DateTime
     000000FB  _CCAP1H                            DateTime
     000000FC  _CCAP2H                            DateTime
     000000FD  _CCAP3H                            DateTime
     000000FE  _CCAP4H                            DateTime
ASxxxx Linker V03.00/V05.40 + sdld,  page 7.
Hexadecimal  [32-Bits]

Area                                    Addr        Size        Decimal Bytes (Attributes)
--------------------------------        ----        ----        ------- ----- ------------
BSEG_BYTES                          00000020    00000001 =           1. bytes (REL,CON)

      Value  Global                              Global Defined In Module
      -----  --------------------------------   ------------------------
ASxxxx Linker V03.00/V05.40 + sdld,  page 8.
Hexadecimal  [32-Bits]

Area                                    Addr        Size        Decimal Bytes (Attributes)
--------------------------------        ----        ----        ------- ----- ------------
REG_BANK_0                          00000000    00000008 =           8. bytes (REL,OVR)

      Value  Global                              Global Defined In Module
      -----  --------------------------------   ------------------------
ASxxxx Linker V03.00/V05.40 + sdld,  page 9.
Hexadecimal  [32-Bits]

Area                                    Addr        Size        Decimal Bytes (Attributes)
--------------------------------        ----        ----        ------- ----- ------------
DSEG                                00000000    0000007F =         127. bytes (REL,CON)

      Value  Global                              Global Defined In Module
      -----  --------------------------------   ------------------------
     0000001E  _bp                                _bp

ASxxxx Linker V03.00/V05.40 + sdld,  page 10.
Hexadecimal  [32-Bits]

Area                                    Addr        Size        Decimal Bytes (Attributes)
--------------------------------        ----        ----        ------- ----- ------------
OSEG                                0000003C    0000000E =          14. bytes (REL,OVR)

      Value  Global                              Global Defined In Module
      -----  --------------------------------   ------------------------
ASxxxx Linker V03.00/V05.40 + sdld,  page 11.
Hexadecimal  [32-Bits]

Area                                    Addr        Size        Decimal Bytes (Attributes)
--------------------------------        ----        ----        ------- ----- ------------
SSEG                                0000004A    00000036 =          54. bytes (REL,OVR)

      Value  Global                              Global Defined In Module
      -----  --------------------------------   ------------------------
     0000004A  __start__stack                     89C51Board

ASxxxx Linker V03.00/V05.40 + sdld,  page 12.
Hexadecimal  [32-Bits]

Area                                    Addr        Size        Decimal Bytes (Attributes)
--------------------------------        ----        ----        ------- ----- ------------
XSEG                                00000001    000002C7 =         711. bytes (REL,CON,XDATA)

      Value  Global                              Global Defined In Module
      -----  --------------------------------   ------------------------
D:   00000001  _pRegisterForTimer                 89C51Board
D:   00000003  _pEnableTimer                      89C51Board
D:   00000005  _pGetRtc                           89C51Board
D:   00000007  _pSetRtc                           89C51Board
D:   00000009  _pWriteDisplayBuffer               89C51Board
D:   0000000B  _pGetKeyState                      89C51Board
D:   0000000D  _pGetInputPortValues               89C51Board
D:   0000000F  _pSetOutputPortValues              89C51Board
D:   00000011  _pCrashDump                        89C51Board
D:   00000013  _timers                            89C51Board
D:   0000006D  _displayBuffer                     SimpleCentralHeating
D:   000000A3  _MenuDefinitions                   MenuMgr
D:   0000016B  _MenuDefinitionCounter             MenuMgr
D:   0000016D  _MenuController                    MenuMgr
D:   00000173  _AddMenuDefinition_PARM_2          MenuMgr
D:   00000175  _AddMenuDefinition_PARM_3          MenuMgr
D:   0000017B  _RenderActiveMenu_PARM_2           MenuMgr
D:   0000017D  _RenderActiveMenu_PARM_3           MenuMgr
D:   00000185  _GetMenuItemExtent_PARM_2          MenuMgr
D:   00000188  _GetMenuItemExtent_PARM_3          MenuMgr
D:   0000018F  _RenderMenuOnBuffer_PARM_2         MenuMgr
D:   00000198  _screenBuffer                      CentralHeating
D:   000001B9  _lastKeys                          CentralHeating
D:   000001BA  _currentScreen                     CentralHeating
D:   000001BB  _flashDateTime                     CentralHeating
D:   000001BC  _lastInputState                    CentralHeating
D:   000001BD  _lastOutputState                   CentralHeating
D:   000001BE  _animationType                     CentralHeating
D:   000001BF  _hotWaterNeeded                    CentralHeating
D:   000001C0  _currentDateTime                   CentralHeating
D:   000001C7  _provideHotwaterUntil              CentralHeating
D:   000001E3  _PartialWriteToScreen_PARM_2       CentralHeating
D:   000001E5  _PartialWriteToScreen_PARM_3       CentralHeating
D:   000001EA  _HandleMenuCommand_PARM_2          CentralHeating
D:   00000221  _TestAndDisplay_PARM_2             CentralHeating
D:   00000252  _SendAddressWithDirection_PARM_2   I2C
D:   00000254  _I2C_SendData_PARM_2               I2C
D:   00000257  _I2C_SendData_PARM_3               I2C
D:   0000025A  _I2C_RecvData_PARM_2               I2C
D:   0000025D  _I2C_RecvData_PARM_3               I2C
D:   0000027A  _IntToString_PARM_2                StringUtils
D:   00000281  _UnsignedCharToString_PARM_2       StringUtils
D:   00000289  _strcat_PARM_2                     StringUtils
D:   0000028F  _strcpy_PARM_2                     StringUtils
D:   00000298  _FormatTime_PARM_2                 DateTime
D:   0000029B  _FormatTime_PARM_3                 DateTime
D:   0000029F  _FormatDate_PARM_2                 DateTime
D:   000002A5  _AddSecondsToDateTime_PARM_2       DateTime
D:   000002A7  _AddSecondsToDateTime_PARM_3       DateTime
D:   000002AF  _CompareDateTime_PARM_2            DateTime
ASxxxx Linker V03.00/V05.40 + sdld,  page 13.
Hexadecimal  [32-Bits]

Area                                    Addr        Size        Decimal Bytes (Attributes)
--------------------------------        ----        ----        ------- ----- ------------
XSEG                                00000001    000002C7 =         711. bytes (REL,CON,XDATA)

      Value  Global                              Global Defined In Module
      -----  --------------------------------   ------------------------
D:   000002B5  __divuint_PARM_2                   _divuint
D:   000002BC  __gptrput_PARM_2                   _gptrput
D:   000002BD  __mulint_PARM_2                    _mulint
D:   000002BF  __modsint_PARM_2                   _modsint
D:   000002C3  __moduint_PARM_2                   _moduint

ASxxxx Linker V03.00/V05.40 + sdld,  page 14.
Hexadecimal  [32-Bits]

Area                                    Addr        Size        Decimal Bytes (Attributes)
--------------------------------        ----        ----        ------- ----- ------------
HOME                                00000000    0000004C =          76. bytes (REL,CON,CODE)

      Value  Global                              Global Defined In Module
      -----  --------------------------------   ------------------------
C:   00000008  sdcc_atomic_exchange_rollback_st   89C51Board
C:   0000002F  sdcc_atomic_exchange_gptr_impl     89C51Board
C:   0000002F  sdcc_atomic_exchange_rollback_en   89C51Board
C:   0000003F  sdcc_atomic_compare_exchange_gpt   89C51Board
C:   00000049  __sdcc_program_startup             89C51Board

ASxxxx Linker V03.00/V05.40 + sdld,  page 15.
Hexadecimal  [32-Bits]

Area                                    Addr        Size        Decimal Bytes (Attributes)
--------------------------------        ----        ----        ------- ----- ------------
GSINIT0                             0000004C    00000003 =           3. bytes (REL,CON,CODE)

      Value  Global                              Global Defined In Module
      -----  --------------------------------   ------------------------
C:   0000004C  __sdcc_gsinit_startup              

ASxxxx Linker V03.00/V05.40 + sdld,  page 16.
Hexadecimal  [32-Bits]

Area                                    Addr        Size        Decimal Bytes (Attributes)
--------------------------------        ----        ----        ------- ----- ------------
GSINIT2                             0000004F    0000000A =          10. bytes (REL,CON,CODE)

      Value  Global                              Global Defined In Module
      -----  --------------------------------   ------------------------
ASxxxx Linker V03.00/V05.40 + sdld,  page 17.
Hexadecimal  [32-Bits]

Area                                    Addr        Size        Decimal Bytes (Attributes)
--------------------------------        ----        ----        ------- ----- ------------
GSINIT3                             00000059    00000022 =          34. bytes (REL,CON,CODE)

      Value  Global                              Global Defined In Module
      -----  --------------------------------   ------------------------
C:   00000059  __mcs51_genXINIT                   

ASxxxx Linker V03.00/V05.40 + sdld,  page 18.
Hexadecimal  [32-Bits]

Area                                    Addr        Size        Decimal Bytes (Attributes)
--------------------------------        ----        ----        ------- ----- ------------
GSINIT4                             0000007B    0000002A =          42. bytes (REL,CON,CODE)

      Value  Global                              Global Defined In Module
      -----  --------------------------------   ------------------------
C:   0000007B  __mcs51_genRAMCLEAR                
C:   00000081  __mcs51_genXRAMCLEAR               

ASxxxx Linker V03.00/V05.40 + sdld,  page 19.
Hexadecimal  [32-Bits]

Area                                    Addr        Size        Decimal Bytes (Attributes)
--------------------------------        ----        ----        ------- ----- ------------
GSFINAL                             000000A5    00000003 =           3. bytes (REL,CON,CODE)

      Value  Global                              Global Defined In Module
      -----  --------------------------------   ------------------------
ASxxxx Linker V03.00/V05.40 + sdld,  page 20.
Hexadecimal  [32-Bits]

Area                                    Addr        Size        Decimal Bytes (Attributes)
--------------------------------        ----        ----        ------- ----- ------------
CSEG                                000000A8    00003A2D =       14893. bytes (REL,CON,CODE)

      Value  Global                              Global Defined In Module
      -----  --------------------------------   ------------------------
C:   000000A8  _main                              89C51Board
C:   000000B4  _Hardware_ScheduleUserCalls        89C51Board
C:   000001EB  _Hardware_InitialiseHardware       89C51Board
C:   0000027E  _Hardware_RegisterForTimer         89C51Board
C:   00000370  _Hardware_EnableTimer              89C51Board
C:   0000041A  _Hardware_WriteDisplayBuffer       89C51Board
C:   0000041D  _Hardware_SetRtc                   89C51Board
C:   00000420  _Hardware_GetRtc                   89C51Board
C:   00000423  _Hardware_GetKeyState              89C51Board
C:   000004E2  _Hardware_GetInputPortValues       89C51Board
C:   00000512  _Hardware_SetOutputPortValues      89C51Board
C:   00000516  _Hardware_CrashDump                89C51Board
C:   00000570  _SimpleCentralHeating              SimpleCentralHeating
C:   000009FA  _InitialiseMenuDefinitions         MenuMgr
C:   00000A04  _TerminateMenuDefinitions          MenuMgr
C:   00000A86  _AddMenuDefinition                 MenuMgr
C:   00000B74  _InitialiseMenuController          MenuMgr
C:   00000BB1  _MenuNavigation                    MenuMgr
C:   00000C19  _RenderActiveMenu                  MenuMgr
C:   00000EB8  _GetMenuItemExtent                 MenuMgr
C:   0000105F  _RenderMenuOnBuffer                MenuMgr
C:   00001143  _IsParentMenu                      MenuMgr
C:   000011B5  _IsGoBack                          MenuMgr
C:   000011DE  _GoSubMenu                         MenuMgr
C:   000012A8  _GoRight                           MenuMgr
C:   00001341  _GoLeft                            MenuMgr
C:   000013CF  _GoBackUp                          MenuMgr
C:   00001447  _UserProgram                       CentralHeating
C:   00001558  _Callback                          CentralHeating
C:   0000164A  _DisplayMenuOnHardware             CentralHeating
C:   000016BC  _PartialWriteToScreen              CentralHeating
C:   0000173F  _ClearTopLine                      CentralHeating
C:   0000175C  _HandleMenuCommand                 CentralHeating
C:   00001D32  _WriteCurrentTime                  CentralHeating
C:   00001D7D  _PreviewTimeAdjustment             CentralHeating
C:   00001DCA  _PreviewDateAdjustment             CentralHeating
C:   00001E11  _TestAndDisplay                    CentralHeating
C:   00001E5C  _ProcessHeating                    CentralHeating
C:   00001F8D  _AnimateScreen                     CentralHeating
C:   000021EB  _BuildCentralHeatingMenuDefiniti   CentralHeatingMenus
C:   0000250D  _InitialiseLcd                     LcdDisplay
C:   0000258A  _WriteInstructionToLcd             LcdDisplay
C:   000025BC  _WriteDataToLcd                    LcdDisplay
C:   000025EE  _PulseLcdEnable                    LcdDisplay
C:   00002600  _WaitLcdReady                      LcdDisplay
C:   00002620  _ClearDisplay                      LcdDisplay
C:   00002626  _SetCursorPos                      LcdDisplay
C:   00002634  _DirectWriteToDisplay              LcdDisplay
C:   000026FD  _I2C_Initialise                    I2C
C:   00002702  _Delay                             I2C
ASxxxx Linker V03.00/V05.40 + sdld,  page 21.
Hexadecimal  [32-Bits]

Area                                    Addr        Size        Decimal Bytes (Attributes)
--------------------------------        ----        ----        ------- ----- ------------
CSEG                                000000A8    00003A2D =       14893. bytes (REL,CON,CODE)

      Value  Global                              Global Defined In Module
      -----  --------------------------------   ------------------------
C:   00002710  _SendStart                         I2C
C:   0000271F  _SendStop                          I2C
C:   0000272B  _ReadAckNack                       I2C
C:   00002750  _SendByte                          I2C
C:   0000278B  _RecvByte                          I2C
C:   000027EB  _SendAddressWithDirection          I2C
C:   00002808  _I2C_SendData                      I2C
C:   00002899  _I2C_RecvData                      I2C
C:   00002938  _EncodeAsBcd                       RTC1307
C:   00002958  _DecodeBcd                         RTC1307
C:   00002982  _Rtc_ReadClock                     RTC1307
C:   00002B70  _Rtc_WriteClock                    RTC1307
C:   00002CC9  _Rtc_Initialise                    RTC1307
C:   00002CCC  _IntToString                       StringUtils
C:   00002DBF  _UnsignedCharToString              StringUtils
C:   00002E91  _strcat                            StringUtils
C:   00002F21  _strcpy                            StringUtils
C:   00002F93  _GetNumDaysInMonth                 DateTime
C:   0000309F  _FormatTime                        DateTime
C:   00003221  _FormatDate                        DateTime
C:   0000338F  _AddSecondsToDateTime              DateTime
C:   000036FB  _CompareDateTime                   DateTime
C:   000038DA  __divuint                          _divuint
C:   00003967  __gptrput                          _gptrput
C:   00003982  __mulint                           _mulint
C:   000039A2  __modsint                          _modsint
C:   00003A0A  __moduint                          _moduint
C:   00003AB5  __gptrget                          _gptrget
C:   00003AD1  ___sdcc_external_startup           _startup

ASxxxx Linker V03.00/V05.40 + sdld,  page 22.
Hexadecimal  [32-Bits]

Area                                    Addr        Size        Decimal Bytes (Attributes)
--------------------------------        ----        ----        ------- ----- ------------
CONST                               00003AD5    0000014A =         330. bytes (REL,CON,CODE)

      Value  Global                              Global Defined In Module
      -----  --------------------------------   ------------------------
C:   00003C1B  _rowStartAddresses                 LcdDisplay

ASxxxx Linker V03.00/V05.40 + sdld,  page 23.

Files Linked                              [ module(s) ]

89C51Board.rel                            [  ]
SimpleCentralHeating.rel                  [  ]
MenuMgr.rel                               [  ]
CentralHeating.rel                        [  ]
CentralHeatingMenus.rel                   [  ]
LcdDisplay.rel                            [  ]
I2C.rel                                   [  ]
RTC1307.rel                               [  ]
StringUtils.rel                           [  ]
DateTime.rel                              [  ]


Libraries Linked                          [ object file ]

C:\Program Files\SDCC\bin\..\lib\large/libint.lib
                                          [ _divuint.rel ]
C:\Program Files\SDCC\bin\..\lib\large/mcs51.lib
                                          [ crtclear.rel ]
C:\Program Files\SDCC\bin\..\lib\large/mcs51.lib
                                          [ crtxinit.rel ]
C:\Program Files\SDCC\bin\..\lib\large/libsdcc.lib
                                          [ _gptrput.rel ]
C:\Program Files\SDCC\bin\..\lib\large/libint.lib
                                          [ _mulint.rel ]
C:\Program Files\SDCC\bin\..\lib\large/libint.lib
                                          [ _modsint.rel ]
C:\Program Files\SDCC\bin\..\lib\large/libint.lib
                                          [ _moduint.rel ]
C:\Program Files\SDCC\bin\..\lib\large/mcs51.lib
                                          [ crtxclear.rel ]
C:\Program Files\SDCC\bin\..\lib\large/libsdcc.lib
                                          [ _bp.rel ]
C:\Program Files\SDCC\bin\..\lib\large/mcs51.lib
                                          [ crtpagesfr.rel ]
C:\Program Files\SDCC\bin\..\lib\large/mcs51.lib
                                          [ crtstart.rel ]
C:\Program Files\SDCC\bin\..\lib\large/libsdcc.lib
                                          [ _gptrget.rel ]
C:\Program Files\SDCC\bin\..\lib\large/libsdcc.lib
                                          [ _startup.rel ]

ASxxxx Linker V03.00/V05.40 + sdld,  page 24.

User Base Address Definitions

HOME = 0x0000
XSEG = 0x0001
PSEG = 0x0001
ISEG = 0x0000
BSEG = 0x0000

