                                      1 ;--------------------------------------------------------
                                      2 ; File Created by SDCC : free open source ANSI-C Compiler
                                      3 ; Version 4.0.0 #11528 (MINGW64)
                                      4 ;--------------------------------------------------------
                                      5 	.module LcdDisplay
                                      6 	.optsdcc -mmcs51 --model-large
                                      7 	
                                      8 ;--------------------------------------------------------
                                      9 ; Public variables in this module
                                     10 ;--------------------------------------------------------
                                     11 	.globl _rowStartAddresses
                                     12 	.globl _P5_7
                                     13 	.globl _P5_6
                                     14 	.globl _P5_5
                                     15 	.globl _P5_4
                                     16 	.globl _P5_3
                                     17 	.globl _P5_2
                                     18 	.globl _P5_1
                                     19 	.globl _P5_0
                                     20 	.globl _P4_7
                                     21 	.globl _P4_6
                                     22 	.globl _P4_5
                                     23 	.globl _P4_4
                                     24 	.globl _P4_3
                                     25 	.globl _P4_2
                                     26 	.globl _P4_1
                                     27 	.globl _P4_0
                                     28 	.globl _PX0L
                                     29 	.globl _PT0L
                                     30 	.globl _PX1L
                                     31 	.globl _PT1L
                                     32 	.globl _PSL
                                     33 	.globl _PT2L
                                     34 	.globl _PPCL
                                     35 	.globl _EC
                                     36 	.globl _CCF0
                                     37 	.globl _CCF1
                                     38 	.globl _CCF2
                                     39 	.globl _CCF3
                                     40 	.globl _CCF4
                                     41 	.globl _CR
                                     42 	.globl _CF
                                     43 	.globl _TF2
                                     44 	.globl _EXF2
                                     45 	.globl _RCLK
                                     46 	.globl _TCLK
                                     47 	.globl _EXEN2
                                     48 	.globl _TR2
                                     49 	.globl _C_T2
                                     50 	.globl _CP_RL2
                                     51 	.globl _T2CON_7
                                     52 	.globl _T2CON_6
                                     53 	.globl _T2CON_5
                                     54 	.globl _T2CON_4
                                     55 	.globl _T2CON_3
                                     56 	.globl _T2CON_2
                                     57 	.globl _T2CON_1
                                     58 	.globl _T2CON_0
                                     59 	.globl _PT2
                                     60 	.globl _ET2
                                     61 	.globl _CY
                                     62 	.globl _AC
                                     63 	.globl _F0
                                     64 	.globl _RS1
                                     65 	.globl _RS0
                                     66 	.globl _OV
                                     67 	.globl _F1
                                     68 	.globl _P
                                     69 	.globl _PS
                                     70 	.globl _PT1
                                     71 	.globl _PX1
                                     72 	.globl _PT0
                                     73 	.globl _PX0
                                     74 	.globl _RD
                                     75 	.globl _WR
                                     76 	.globl _T1
                                     77 	.globl _T0
                                     78 	.globl _INT1
                                     79 	.globl _INT0
                                     80 	.globl _TXD
                                     81 	.globl _RXD
                                     82 	.globl _P3_7
                                     83 	.globl _P3_6
                                     84 	.globl _P3_5
                                     85 	.globl _P3_4
                                     86 	.globl _P3_3
                                     87 	.globl _P3_2
                                     88 	.globl _P3_1
                                     89 	.globl _P3_0
                                     90 	.globl _EA
                                     91 	.globl _ES
                                     92 	.globl _ET1
                                     93 	.globl _EX1
                                     94 	.globl _ET0
                                     95 	.globl _EX0
                                     96 	.globl _P2_7
                                     97 	.globl _P2_6
                                     98 	.globl _P2_5
                                     99 	.globl _P2_4
                                    100 	.globl _P2_3
                                    101 	.globl _P2_2
                                    102 	.globl _P2_1
                                    103 	.globl _P2_0
                                    104 	.globl _SM0
                                    105 	.globl _SM1
                                    106 	.globl _SM2
                                    107 	.globl _REN
                                    108 	.globl _TB8
                                    109 	.globl _RB8
                                    110 	.globl _TI
                                    111 	.globl _RI
                                    112 	.globl _P1_7
                                    113 	.globl _P1_6
                                    114 	.globl _P1_5
                                    115 	.globl _P1_4
                                    116 	.globl _P1_3
                                    117 	.globl _P1_2
                                    118 	.globl _P1_1
                                    119 	.globl _P1_0
                                    120 	.globl _TF1
                                    121 	.globl _TR1
                                    122 	.globl _TF0
                                    123 	.globl _TR0
                                    124 	.globl _IE1
                                    125 	.globl _IT1
                                    126 	.globl _IE0
                                    127 	.globl _IT0
                                    128 	.globl _P0_7
                                    129 	.globl _P0_6
                                    130 	.globl _P0_5
                                    131 	.globl _P0_4
                                    132 	.globl _P0_3
                                    133 	.globl _P0_2
                                    134 	.globl _P0_1
                                    135 	.globl _P0_0
                                    136 	.globl _EECON
                                    137 	.globl _KBF
                                    138 	.globl _KBE
                                    139 	.globl _KBLS
                                    140 	.globl _BRL
                                    141 	.globl _BDRCON
                                    142 	.globl _T2MOD
                                    143 	.globl _SPDAT
                                    144 	.globl _SPSTA
                                    145 	.globl _SPCON
                                    146 	.globl _SADEN
                                    147 	.globl _SADDR
                                    148 	.globl _WDTPRG
                                    149 	.globl _WDTRST
                                    150 	.globl _P5
                                    151 	.globl _P4
                                    152 	.globl _IPH1
                                    153 	.globl _IPL1
                                    154 	.globl _IPH0
                                    155 	.globl _IPL0
                                    156 	.globl _IEN1
                                    157 	.globl _IEN0
                                    158 	.globl _CMOD
                                    159 	.globl _CL
                                    160 	.globl _CH
                                    161 	.globl _CCON
                                    162 	.globl _CCAPM4
                                    163 	.globl _CCAPM3
                                    164 	.globl _CCAPM2
                                    165 	.globl _CCAPM1
                                    166 	.globl _CCAPM0
                                    167 	.globl _CCAP4L
                                    168 	.globl _CCAP3L
                                    169 	.globl _CCAP2L
                                    170 	.globl _CCAP1L
                                    171 	.globl _CCAP0L
                                    172 	.globl _CCAP4H
                                    173 	.globl _CCAP3H
                                    174 	.globl _CCAP2H
                                    175 	.globl _CCAP1H
                                    176 	.globl _CCAP0H
                                    177 	.globl _CKCON1
                                    178 	.globl _CKCON0
                                    179 	.globl _CKRL
                                    180 	.globl _AUXR1
                                    181 	.globl _AUXR
                                    182 	.globl _TH2
                                    183 	.globl _TL2
                                    184 	.globl _RCAP2H
                                    185 	.globl _RCAP2L
                                    186 	.globl _T2CON
                                    187 	.globl _B
                                    188 	.globl _ACC
                                    189 	.globl _PSW
                                    190 	.globl _IP
                                    191 	.globl _P3
                                    192 	.globl _IE
                                    193 	.globl _P2
                                    194 	.globl _SBUF
                                    195 	.globl _SCON
                                    196 	.globl _P1
                                    197 	.globl _TH1
                                    198 	.globl _TH0
                                    199 	.globl _TL1
                                    200 	.globl _TL0
                                    201 	.globl _TMOD
                                    202 	.globl _TCON
                                    203 	.globl _PCON
                                    204 	.globl _DPH
                                    205 	.globl _DPL
                                    206 	.globl _SP
                                    207 	.globl _P0
                                    208 	.globl _InitialiseLcd
                                    209 	.globl _WriteInstructionToLcd
                                    210 	.globl _WriteDataToLcd
                                    211 	.globl _PulseLcdEnable
                                    212 	.globl _WaitLcdReady
                                    213 	.globl _ClearDisplay
                                    214 	.globl _SetCursorPos
                                    215 	.globl _DirectWriteToDisplay
                                    216 ;--------------------------------------------------------
                                    217 ; special function registers
                                    218 ;--------------------------------------------------------
                                    219 	.area RSEG    (ABS,DATA)
      000000                        220 	.org 0x0000
                           000080   221 _P0	=	0x0080
                           000081   222 _SP	=	0x0081
                           000082   223 _DPL	=	0x0082
                           000083   224 _DPH	=	0x0083
                           000087   225 _PCON	=	0x0087
                           000088   226 _TCON	=	0x0088
                           000089   227 _TMOD	=	0x0089
                           00008A   228 _TL0	=	0x008a
                           00008B   229 _TL1	=	0x008b
                           00008C   230 _TH0	=	0x008c
                           00008D   231 _TH1	=	0x008d
                           000090   232 _P1	=	0x0090
                           000098   233 _SCON	=	0x0098
                           000099   234 _SBUF	=	0x0099
                           0000A0   235 _P2	=	0x00a0
                           0000A8   236 _IE	=	0x00a8
                           0000B0   237 _P3	=	0x00b0
                           0000B8   238 _IP	=	0x00b8
                           0000D0   239 _PSW	=	0x00d0
                           0000E0   240 _ACC	=	0x00e0
                           0000F0   241 _B	=	0x00f0
                           0000C8   242 _T2CON	=	0x00c8
                           0000CA   243 _RCAP2L	=	0x00ca
                           0000CB   244 _RCAP2H	=	0x00cb
                           0000CC   245 _TL2	=	0x00cc
                           0000CD   246 _TH2	=	0x00cd
                           00008E   247 _AUXR	=	0x008e
                           0000A2   248 _AUXR1	=	0x00a2
                           000097   249 _CKRL	=	0x0097
                           00008F   250 _CKCON0	=	0x008f
                           0000AF   251 _CKCON1	=	0x00af
                           0000FA   252 _CCAP0H	=	0x00fa
                           0000FB   253 _CCAP1H	=	0x00fb
                           0000FC   254 _CCAP2H	=	0x00fc
                           0000FD   255 _CCAP3H	=	0x00fd
                           0000FE   256 _CCAP4H	=	0x00fe
                           0000EA   257 _CCAP0L	=	0x00ea
                           0000EB   258 _CCAP1L	=	0x00eb
                           0000EC   259 _CCAP2L	=	0x00ec
                           0000ED   260 _CCAP3L	=	0x00ed
                           0000EE   261 _CCAP4L	=	0x00ee
                           0000DA   262 _CCAPM0	=	0x00da
                           0000DB   263 _CCAPM1	=	0x00db
                           0000DC   264 _CCAPM2	=	0x00dc
                           0000DD   265 _CCAPM3	=	0x00dd
                           0000DE   266 _CCAPM4	=	0x00de
                           0000D8   267 _CCON	=	0x00d8
                           0000F9   268 _CH	=	0x00f9
                           0000E9   269 _CL	=	0x00e9
                           0000D9   270 _CMOD	=	0x00d9
                           0000A8   271 _IEN0	=	0x00a8
                           0000B1   272 _IEN1	=	0x00b1
                           0000B8   273 _IPL0	=	0x00b8
                           0000B7   274 _IPH0	=	0x00b7
                           0000B2   275 _IPL1	=	0x00b2
                           0000B3   276 _IPH1	=	0x00b3
                           0000C0   277 _P4	=	0x00c0
                           0000E8   278 _P5	=	0x00e8
                           0000A6   279 _WDTRST	=	0x00a6
                           0000A7   280 _WDTPRG	=	0x00a7
                           0000A9   281 _SADDR	=	0x00a9
                           0000B9   282 _SADEN	=	0x00b9
                           0000C3   283 _SPCON	=	0x00c3
                           0000C4   284 _SPSTA	=	0x00c4
                           0000C5   285 _SPDAT	=	0x00c5
                           0000C9   286 _T2MOD	=	0x00c9
                           00009B   287 _BDRCON	=	0x009b
                           00009A   288 _BRL	=	0x009a
                           00009C   289 _KBLS	=	0x009c
                           00009D   290 _KBE	=	0x009d
                           00009E   291 _KBF	=	0x009e
                           0000D2   292 _EECON	=	0x00d2
                                    293 ;--------------------------------------------------------
                                    294 ; special function bits
                                    295 ;--------------------------------------------------------
                                    296 	.area RSEG    (ABS,DATA)
      000000                        297 	.org 0x0000
                           000080   298 _P0_0	=	0x0080
                           000081   299 _P0_1	=	0x0081
                           000082   300 _P0_2	=	0x0082
                           000083   301 _P0_3	=	0x0083
                           000084   302 _P0_4	=	0x0084
                           000085   303 _P0_5	=	0x0085
                           000086   304 _P0_6	=	0x0086
                           000087   305 _P0_7	=	0x0087
                           000088   306 _IT0	=	0x0088
                           000089   307 _IE0	=	0x0089
                           00008A   308 _IT1	=	0x008a
                           00008B   309 _IE1	=	0x008b
                           00008C   310 _TR0	=	0x008c
                           00008D   311 _TF0	=	0x008d
                           00008E   312 _TR1	=	0x008e
                           00008F   313 _TF1	=	0x008f
                           000090   314 _P1_0	=	0x0090
                           000091   315 _P1_1	=	0x0091
                           000092   316 _P1_2	=	0x0092
                           000093   317 _P1_3	=	0x0093
                           000094   318 _P1_4	=	0x0094
                           000095   319 _P1_5	=	0x0095
                           000096   320 _P1_6	=	0x0096
                           000097   321 _P1_7	=	0x0097
                           000098   322 _RI	=	0x0098
                           000099   323 _TI	=	0x0099
                           00009A   324 _RB8	=	0x009a
                           00009B   325 _TB8	=	0x009b
                           00009C   326 _REN	=	0x009c
                           00009D   327 _SM2	=	0x009d
                           00009E   328 _SM1	=	0x009e
                           00009F   329 _SM0	=	0x009f
                           0000A0   330 _P2_0	=	0x00a0
                           0000A1   331 _P2_1	=	0x00a1
                           0000A2   332 _P2_2	=	0x00a2
                           0000A3   333 _P2_3	=	0x00a3
                           0000A4   334 _P2_4	=	0x00a4
                           0000A5   335 _P2_5	=	0x00a5
                           0000A6   336 _P2_6	=	0x00a6
                           0000A7   337 _P2_7	=	0x00a7
                           0000A8   338 _EX0	=	0x00a8
                           0000A9   339 _ET0	=	0x00a9
                           0000AA   340 _EX1	=	0x00aa
                           0000AB   341 _ET1	=	0x00ab
                           0000AC   342 _ES	=	0x00ac
                           0000AF   343 _EA	=	0x00af
                           0000B0   344 _P3_0	=	0x00b0
                           0000B1   345 _P3_1	=	0x00b1
                           0000B2   346 _P3_2	=	0x00b2
                           0000B3   347 _P3_3	=	0x00b3
                           0000B4   348 _P3_4	=	0x00b4
                           0000B5   349 _P3_5	=	0x00b5
                           0000B6   350 _P3_6	=	0x00b6
                           0000B7   351 _P3_7	=	0x00b7
                           0000B0   352 _RXD	=	0x00b0
                           0000B1   353 _TXD	=	0x00b1
                           0000B2   354 _INT0	=	0x00b2
                           0000B3   355 _INT1	=	0x00b3
                           0000B4   356 _T0	=	0x00b4
                           0000B5   357 _T1	=	0x00b5
                           0000B6   358 _WR	=	0x00b6
                           0000B7   359 _RD	=	0x00b7
                           0000B8   360 _PX0	=	0x00b8
                           0000B9   361 _PT0	=	0x00b9
                           0000BA   362 _PX1	=	0x00ba
                           0000BB   363 _PT1	=	0x00bb
                           0000BC   364 _PS	=	0x00bc
                           0000D0   365 _P	=	0x00d0
                           0000D1   366 _F1	=	0x00d1
                           0000D2   367 _OV	=	0x00d2
                           0000D3   368 _RS0	=	0x00d3
                           0000D4   369 _RS1	=	0x00d4
                           0000D5   370 _F0	=	0x00d5
                           0000D6   371 _AC	=	0x00d6
                           0000D7   372 _CY	=	0x00d7
                           0000AD   373 _ET2	=	0x00ad
                           0000BD   374 _PT2	=	0x00bd
                           0000C8   375 _T2CON_0	=	0x00c8
                           0000C9   376 _T2CON_1	=	0x00c9
                           0000CA   377 _T2CON_2	=	0x00ca
                           0000CB   378 _T2CON_3	=	0x00cb
                           0000CC   379 _T2CON_4	=	0x00cc
                           0000CD   380 _T2CON_5	=	0x00cd
                           0000CE   381 _T2CON_6	=	0x00ce
                           0000CF   382 _T2CON_7	=	0x00cf
                           0000C8   383 _CP_RL2	=	0x00c8
                           0000C9   384 _C_T2	=	0x00c9
                           0000CA   385 _TR2	=	0x00ca
                           0000CB   386 _EXEN2	=	0x00cb
                           0000CC   387 _TCLK	=	0x00cc
                           0000CD   388 _RCLK	=	0x00cd
                           0000CE   389 _EXF2	=	0x00ce
                           0000CF   390 _TF2	=	0x00cf
                           0000DF   391 _CF	=	0x00df
                           0000DE   392 _CR	=	0x00de
                           0000DC   393 _CCF4	=	0x00dc
                           0000DB   394 _CCF3	=	0x00db
                           0000DA   395 _CCF2	=	0x00da
                           0000D9   396 _CCF1	=	0x00d9
                           0000D8   397 _CCF0	=	0x00d8
                           0000AE   398 _EC	=	0x00ae
                           0000BE   399 _PPCL	=	0x00be
                           0000BD   400 _PT2L	=	0x00bd
                           0000BC   401 _PSL	=	0x00bc
                           0000BB   402 _PT1L	=	0x00bb
                           0000BA   403 _PX1L	=	0x00ba
                           0000B9   404 _PT0L	=	0x00b9
                           0000B8   405 _PX0L	=	0x00b8
                           0000C0   406 _P4_0	=	0x00c0
                           0000C1   407 _P4_1	=	0x00c1
                           0000C2   408 _P4_2	=	0x00c2
                           0000C3   409 _P4_3	=	0x00c3
                           0000C4   410 _P4_4	=	0x00c4
                           0000C5   411 _P4_5	=	0x00c5
                           0000C6   412 _P4_6	=	0x00c6
                           0000C7   413 _P4_7	=	0x00c7
                           0000E8   414 _P5_0	=	0x00e8
                           0000E9   415 _P5_1	=	0x00e9
                           0000EA   416 _P5_2	=	0x00ea
                           0000EB   417 _P5_3	=	0x00eb
                           0000EC   418 _P5_4	=	0x00ec
                           0000ED   419 _P5_5	=	0x00ed
                           0000EE   420 _P5_6	=	0x00ee
                           0000EF   421 _P5_7	=	0x00ef
                                    422 ;--------------------------------------------------------
                                    423 ; overlayable register banks
                                    424 ;--------------------------------------------------------
                                    425 	.area REG_BANK_0	(REL,OVR,DATA)
      000000                        426 	.ds 8
                                    427 ;--------------------------------------------------------
                                    428 ; internal ram data
                                    429 ;--------------------------------------------------------
                                    430 	.area DSEG    (DATA)
                                    431 ;--------------------------------------------------------
                                    432 ; overlayable items in internal ram 
                                    433 ;--------------------------------------------------------
                                    434 ;--------------------------------------------------------
                                    435 ; indirectly addressable internal ram data
                                    436 ;--------------------------------------------------------
                                    437 	.area ISEG    (DATA)
                                    438 ;--------------------------------------------------------
                                    439 ; absolute internal ram data
                                    440 ;--------------------------------------------------------
                                    441 	.area IABS    (ABS,DATA)
                                    442 	.area IABS    (ABS,DATA)
                                    443 ;--------------------------------------------------------
                                    444 ; bit data
                                    445 ;--------------------------------------------------------
                                    446 	.area BSEG    (BIT)
                                    447 ;--------------------------------------------------------
                                    448 ; paged external ram data
                                    449 ;--------------------------------------------------------
                                    450 	.area PSEG    (PAG,XDATA)
                                    451 ;--------------------------------------------------------
                                    452 ; external ram data
                                    453 ;--------------------------------------------------------
                                    454 	.area XSEG    (XDATA)
      000000                        455 _WriteInstructionToLcd_i_65536_60:
      000000                        456 	.ds 1
      000001                        457 _WriteDataToLcd_i_65536_62:
      000001                        458 	.ds 1
      000002                        459 _WaitLcdReady_busy_status_65536_68:
      000002                        460 	.ds 1
      000003                        461 _SetCursorPos_pos_65536_72:
      000003                        462 	.ds 1
      000004                        463 _DirectWriteToDisplay_contents_65536_74:
      000004                        464 	.ds 3
      000007                        465 _DirectWriteToDisplay_p_65536_75:
      000007                        466 	.ds 3
                                    467 ;--------------------------------------------------------
                                    468 ; absolute external ram data
                                    469 ;--------------------------------------------------------
                                    470 	.area XABS    (ABS,XDATA)
                                    471 ;--------------------------------------------------------
                                    472 ; external initialized ram data
                                    473 ;--------------------------------------------------------
                                    474 	.area XISEG   (XDATA)
                                    475 	.area HOME    (CODE)
                                    476 	.area GSINIT0 (CODE)
                                    477 	.area GSINIT1 (CODE)
                                    478 	.area GSINIT2 (CODE)
                                    479 	.area GSINIT3 (CODE)
                                    480 	.area GSINIT4 (CODE)
                                    481 	.area GSINIT5 (CODE)
                                    482 	.area GSINIT  (CODE)
                                    483 	.area GSFINAL (CODE)
                                    484 	.area CSEG    (CODE)
                                    485 ;--------------------------------------------------------
                                    486 ; global & static initialisations
                                    487 ;--------------------------------------------------------
                                    488 	.area HOME    (CODE)
                                    489 	.area GSINIT  (CODE)
                                    490 	.area GSFINAL (CODE)
                                    491 	.area GSINIT  (CODE)
                                    492 ;--------------------------------------------------------
                                    493 ; Home
                                    494 ;--------------------------------------------------------
                                    495 	.area HOME    (CODE)
                                    496 	.area HOME    (CODE)
                                    497 ;--------------------------------------------------------
                                    498 ; code
                                    499 ;--------------------------------------------------------
                                    500 	.area CSEG    (CODE)
                                    501 ;------------------------------------------------------------
                                    502 ;Allocation info for local variables in function 'InitialiseLcd'
                                    503 ;------------------------------------------------------------
                                    504 ;i                         Allocated with name '_InitialiseLcd_i_65536_56'
                                    505 ;------------------------------------------------------------
                                    506 ;	LcdDisplay.c:51: void InitialiseLcd()
                                    507 ;	-----------------------------------------
                                    508 ;	 function InitialiseLcd
                                    509 ;	-----------------------------------------
      000000                        510 _InitialiseLcd:
                           000007   511 	ar7 = 0x07
                           000006   512 	ar6 = 0x06
                           000005   513 	ar5 = 0x05
                           000004   514 	ar4 = 0x04
                           000003   515 	ar3 = 0x03
                           000002   516 	ar2 = 0x02
                           000001   517 	ar1 = 0x01
                           000000   518 	ar0 = 0x00
                                    519 ;	LcdDisplay.c:55: PORT_LCD_E = 0;						// Start LCD Control (Disable)
                                    520 ;	assignBit
      000000 C2 81            [12]  521 	clr	_P0_1
                                    522 ;	LcdDisplay.c:56: PORT_LCD_RS = 0;						// Default Instruction
                                    523 ;	assignBit
      000002 C2 83            [12]  524 	clr	_P0_3
                                    525 ;	LcdDisplay.c:57: PORT_LCD_RW = 0;						// Default = Write Direction
                                    526 ;	assignBit
      000004 C2 82            [12]  527 	clr	_P0_2
                                    528 ;	LcdDisplay.c:58: for (i=0;i<10000;i++);				// Power-On Delay (15 mS)  
      000006 7E 10            [12]  529 	mov	r6,#0x10
      000008 7F 27            [12]  530 	mov	r7,#0x27
      00000A                        531 00112$:
      00000A 1E               [12]  532 	dec	r6
      00000B BE FF 01         [24]  533 	cjne	r6,#0xff,00164$
      00000E 1F               [12]  534 	dec	r7
      00000F                        535 00164$:
      00000F EE               [12]  536 	mov	a,r6
      000010 4F               [12]  537 	orl	a,r7
      000011 70 F7            [24]  538 	jnz	00112$
                                    539 ;	LcdDisplay.c:60: PORT_LCD &= 0x0F;       				// Clear old LCD Data (Bit[7..4])
      000013 53 80 0F         [24]  540 	anl	_P0,#0x0f
                                    541 ;	LcdDisplay.c:61: PORT_LCD |= 0x30;						// DB5:DB4 = 1:1
      000016 43 80 30         [24]  542 	orl	_P0,#0x30
                                    543 ;	LcdDisplay.c:62: PulseLcdEnable();							// Enable Pulse
      000019 12r00rE1         [24]  544 	lcall	_PulseLcdEnable
                                    545 ;	LcdDisplay.c:63: for (i=0;i<2500;i++);					// Delay 4.1mS
      00001C 7E C4            [12]  546 	mov	r6,#0xc4
      00001E 7F 09            [12]  547 	mov	r7,#0x09
      000020                        548 00115$:
      000020 1E               [12]  549 	dec	r6
      000021 BE FF 01         [24]  550 	cjne	r6,#0xff,00166$
      000024 1F               [12]  551 	dec	r7
      000025                        552 00166$:
      000025 EE               [12]  553 	mov	a,r6
      000026 4F               [12]  554 	orl	a,r7
      000027 70 F7            [24]  555 	jnz	00115$
                                    556 ;	LcdDisplay.c:65: PORT_LCD &= 0x0F;       				// Clear old LCD Data (Bit[7..4])
      000029 53 80 0F         [24]  557 	anl	_P0,#0x0f
                                    558 ;	LcdDisplay.c:66: PORT_LCD |= 0x30;						// DB5:DB4 = 1:1
      00002C 43 80 30         [24]  559 	orl	_P0,#0x30
                                    560 ;	LcdDisplay.c:67: PulseLcdEnable();							// Enable Pulse
      00002F 12r00rE1         [24]  561 	lcall	_PulseLcdEnable
                                    562 ;	LcdDisplay.c:68: for (i=0;i<100;i++);					// delay 100uS
      000032 7E 64            [12]  563 	mov	r6,#0x64
      000034 7F 00            [12]  564 	mov	r7,#0x00
      000036                        565 00118$:
      000036 1E               [12]  566 	dec	r6
      000037 BE FF 01         [24]  567 	cjne	r6,#0xff,00168$
      00003A 1F               [12]  568 	dec	r7
      00003B                        569 00168$:
      00003B EE               [12]  570 	mov	a,r6
      00003C 4F               [12]  571 	orl	a,r7
      00003D 70 F7            [24]  572 	jnz	00118$
                                    573 ;	LcdDisplay.c:70: PORT_LCD &= 0x0F;       				// Clear old LCD Data (Bit[7..4])
      00003F 53 80 0F         [24]  574 	anl	_P0,#0x0f
                                    575 ;	LcdDisplay.c:71: PORT_LCD |= 0x30;						// DB5:DB4 = 1:1
      000042 43 80 30         [24]  576 	orl	_P0,#0x30
                                    577 ;	LcdDisplay.c:72: PulseLcdEnable();							// Enable Pulse
      000045 12r00rE1         [24]  578 	lcall	_PulseLcdEnable
                                    579 ;	LcdDisplay.c:73: while(WaitLcdReady());      				// Wait LCD Execute Complete
      000048                        580 00104$:
      000048 12r00rF3         [24]  581 	lcall	_WaitLcdReady
      00004B E5 82            [12]  582 	mov	a,dpl
      00004D 70 F9            [24]  583 	jnz	00104$
                                    584 ;	LcdDisplay.c:75: PORT_LCD &= 0x0F;       				// Clear old LCD Data (Bit[7..4])
      00004F 53 80 0F         [24]  585 	anl	_P0,#0x0f
                                    586 ;	LcdDisplay.c:76: PORT_LCD |= 0x20;						// DB5:DB4 = 1:0
      000052 43 80 20         [24]  587 	orl	_P0,#0x20
                                    588 ;	LcdDisplay.c:77: PulseLcdEnable();							// Enable Pulse
      000055 12r00rE1         [24]  589 	lcall	_PulseLcdEnable
                                    590 ;	LcdDisplay.c:78: while(WaitLcdReady());      				// Wait LCD Execute Complete
      000058                        591 00107$:
      000058 12r00rF3         [24]  592 	lcall	_WaitLcdReady
      00005B E5 82            [12]  593 	mov	a,dpl
      00005D 70 F9            [24]  594 	jnz	00107$
                                    595 ;	LcdDisplay.c:80: WriteInstructionToLcd(0x28);  					// Function Set (DL=0 4-Bit,N=1 2 Line,F=0 5X7)
      00005F 75 82 28         [24]  596 	mov	dpl,#0x28
      000062 12r00r7D         [24]  597 	lcall	_WriteInstructionToLcd
                                    598 ;	LcdDisplay.c:81: WriteInstructionToLcd(0x0C);  					// Display on/off Control (Entry Display,Cursor off,Cursor not Blink)
      000065 75 82 0C         [24]  599 	mov	dpl,#0x0c
      000068 12r00r7D         [24]  600 	lcall	_WriteInstructionToLcd
                                    601 ;	LcdDisplay.c:82: WriteInstructionToLcd(0x06);  					// Entry Mode Set (I/D=1 Increment,S=0 Cursor Shift)
      00006B 75 82 06         [24]  602 	mov	dpl,#0x06
      00006E 12r00r7D         [24]  603 	lcall	_WriteInstructionToLcd
                                    604 ;	LcdDisplay.c:83: WriteInstructionToLcd(0x01);  					// Clear Display  (Clear Display,Set DD RAM Address=0)
      000071 75 82 01         [24]  605 	mov	dpl,#0x01
      000074 12r00r7D         [24]  606 	lcall	_WriteInstructionToLcd
                                    607 ;	LcdDisplay.c:85: SetCursorPos(0);
      000077 75 82 00         [24]  608 	mov	dpl,#0x00
                                    609 ;	LcdDisplay.c:88: }
      00007A 02r01r19         [24]  610 	ljmp	_SetCursorPos
                                    611 ;------------------------------------------------------------
                                    612 ;Allocation info for local variables in function 'WriteInstructionToLcd'
                                    613 ;------------------------------------------------------------
                                    614 ;i                         Allocated with name '_WriteInstructionToLcd_i_65536_60'
                                    615 ;------------------------------------------------------------
                                    616 ;	LcdDisplay.c:93: void WriteInstructionToLcd(unsigned char i)
                                    617 ;	-----------------------------------------
                                    618 ;	 function WriteInstructionToLcd
                                    619 ;	-----------------------------------------
      00007D                        620 _WriteInstructionToLcd:
      00007D E5 82            [12]  621 	mov	a,dpl
      00007F 90r00r00         [24]  622 	mov	dptr,#_WriteInstructionToLcd_i_65536_60
      000082 F0               [24]  623 	movx	@dptr,a
                                    624 ;	LcdDisplay.c:95: PORT_LCD_RS  = 0;			 			// Instruction Select
                                    625 ;	assignBit
      000083 C2 83            [12]  626 	clr	_P0_3
                                    627 ;	LcdDisplay.c:96: PORT_LCD_RW  = 0;						// Write Select
                                    628 ;	assignBit
      000085 C2 82            [12]  629 	clr	_P0_2
                                    630 ;	LcdDisplay.c:98: PORT_LCD &= 0x0F;       				// Clear old LCD Data (Bit[7..4])
      000087 53 80 0F         [24]  631 	anl	_P0,#0x0f
                                    632 ;	LcdDisplay.c:99: PORT_LCD |= i & 0xF0;   				// Strobe High Nibble Command
      00008A 90r00r00         [24]  633 	mov	dptr,#_WriteInstructionToLcd_i_65536_60
      00008D E0               [24]  634 	movx	a,@dptr
      00008E FF               [12]  635 	mov	r7,a
      00008F 74 F0            [12]  636 	mov	a,#0xf0
      000091 5F               [12]  637 	anl	a,r7
      000092 42 80            [12]  638 	orl	_P0,a
                                    639 ;	LcdDisplay.c:100: PulseLcdEnable();							// Enable Pulse
      000094 C0 07            [24]  640 	push	ar7
      000096 12r00rE1         [24]  641 	lcall	_PulseLcdEnable
      000099 D0 07            [24]  642 	pop	ar7
                                    643 ;	LcdDisplay.c:102: PORT_LCD &= 0x0F;        				// Clear old LCD Data (Bit[7..4])
      00009B 53 80 0F         [24]  644 	anl	_P0,#0x0f
                                    645 ;	LcdDisplay.c:103: PORT_LCD |= (i << 4) & 0xF0;			// Strobe Low Nibble Command
      00009E EF               [12]  646 	mov	a,r7
      00009F C4               [12]  647 	swap	a
      0000A0 54 F0            [12]  648 	anl	a,#(0xf0&0xf0)
      0000A2 42 80            [12]  649 	orl	_P0,a
                                    650 ;	LcdDisplay.c:104: PulseLcdEnable();							// Enable Pulse
      0000A4 12r00rE1         [24]  651 	lcall	_PulseLcdEnable
                                    652 ;	LcdDisplay.c:106: while(WaitLcdReady());      				// Wait LCD Execute Complete
      0000A7                        653 00101$:
      0000A7 12r00rF3         [24]  654 	lcall	_WaitLcdReady
      0000AA E5 82            [12]  655 	mov	a,dpl
      0000AC 70 F9            [24]  656 	jnz	00101$
                                    657 ;	LcdDisplay.c:107: }
      0000AE 22               [24]  658 	ret
                                    659 ;------------------------------------------------------------
                                    660 ;Allocation info for local variables in function 'WriteDataToLcd'
                                    661 ;------------------------------------------------------------
                                    662 ;i                         Allocated with name '_WriteDataToLcd_i_65536_62'
                                    663 ;------------------------------------------------------------
                                    664 ;	LcdDisplay.c:112: void WriteDataToLcd(unsigned char i)
                                    665 ;	-----------------------------------------
                                    666 ;	 function WriteDataToLcd
                                    667 ;	-----------------------------------------
      0000AF                        668 _WriteDataToLcd:
      0000AF E5 82            [12]  669 	mov	a,dpl
      0000B1 90r00r01         [24]  670 	mov	dptr,#_WriteDataToLcd_i_65536_62
      0000B4 F0               [24]  671 	movx	@dptr,a
                                    672 ;	LcdDisplay.c:114: PORT_LCD_RS  = 1;				  		// Data Select
                                    673 ;	assignBit
      0000B5 D2 83            [12]  674 	setb	_P0_3
                                    675 ;	LcdDisplay.c:115: PORT_LCD_RW  = 0;						// Write Select
                                    676 ;	assignBit
      0000B7 C2 82            [12]  677 	clr	_P0_2
                                    678 ;	LcdDisplay.c:117: PORT_LCD &= 0x0F;    					// Clear old LCD Data (Bit[7..4])
      0000B9 53 80 0F         [24]  679 	anl	_P0,#0x0f
                                    680 ;	LcdDisplay.c:118: PORT_LCD |= i & 0xF0;  				// Strobe High Nibble Data
      0000BC 90r00r01         [24]  681 	mov	dptr,#_WriteDataToLcd_i_65536_62
      0000BF E0               [24]  682 	movx	a,@dptr
      0000C0 FF               [12]  683 	mov	r7,a
      0000C1 74 F0            [12]  684 	mov	a,#0xf0
      0000C3 5F               [12]  685 	anl	a,r7
      0000C4 42 80            [12]  686 	orl	_P0,a
                                    687 ;	LcdDisplay.c:119: PulseLcdEnable();							// Enable Pulse  
      0000C6 C0 07            [24]  688 	push	ar7
      0000C8 12r00rE1         [24]  689 	lcall	_PulseLcdEnable
      0000CB D0 07            [24]  690 	pop	ar7
                                    691 ;	LcdDisplay.c:121: PORT_LCD &= 0x0F;    					// Clear old LCD Data (Bit[7..4])
      0000CD 53 80 0F         [24]  692 	anl	_P0,#0x0f
                                    693 ;	LcdDisplay.c:122: PORT_LCD |= (i << 4) & 0xF0; 			// Strobe Low Nibble Data
      0000D0 EF               [12]  694 	mov	a,r7
      0000D1 C4               [12]  695 	swap	a
      0000D2 54 F0            [12]  696 	anl	a,#(0xf0&0xf0)
      0000D4 42 80            [12]  697 	orl	_P0,a
                                    698 ;	LcdDisplay.c:123: PulseLcdEnable();							// Enable Pulse
      0000D6 12r00rE1         [24]  699 	lcall	_PulseLcdEnable
                                    700 ;	LcdDisplay.c:125: while(WaitLcdReady());      				// Wait LCD Execute Complete
      0000D9                        701 00101$:
      0000D9 12r00rF3         [24]  702 	lcall	_WaitLcdReady
      0000DC E5 82            [12]  703 	mov	a,dpl
      0000DE 70 F9            [24]  704 	jnz	00101$
                                    705 ;	LcdDisplay.c:126: }
      0000E0 22               [24]  706 	ret
                                    707 ;------------------------------------------------------------
                                    708 ;Allocation info for local variables in function 'PulseLcdEnable'
                                    709 ;------------------------------------------------------------
                                    710 ;i                         Allocated with name '_PulseLcdEnable_i_65536_65'
                                    711 ;------------------------------------------------------------
                                    712 ;	LcdDisplay.c:131: void PulseLcdEnable(void)	 				// Enable Pulse
                                    713 ;	-----------------------------------------
                                    714 ;	 function PulseLcdEnable
                                    715 ;	-----------------------------------------
      0000E1                        716 _PulseLcdEnable:
                                    717 ;	LcdDisplay.c:134: PORT_LCD_E = 1;   					// Enable ON
                                    718 ;	assignBit
      0000E1 D2 81            [12]  719 	setb	_P0_1
                                    720 ;	LcdDisplay.c:135: for (i=0;i<500;i++);
      0000E3 7E F4            [12]  721 	mov	r6,#0xf4
      0000E5 7F 01            [12]  722 	mov	r7,#0x01
      0000E7                        723 00104$:
      0000E7 1E               [12]  724 	dec	r6
      0000E8 BE FF 01         [24]  725 	cjne	r6,#0xff,00116$
      0000EB 1F               [12]  726 	dec	r7
      0000EC                        727 00116$:
      0000EC EE               [12]  728 	mov	a,r6
      0000ED 4F               [12]  729 	orl	a,r7
      0000EE 70 F7            [24]  730 	jnz	00104$
                                    731 ;	LcdDisplay.c:136: PORT_LCD_E = 0;   					// Enable OFF 
                                    732 ;	assignBit
      0000F0 C2 81            [12]  733 	clr	_P0_1
                                    734 ;	LcdDisplay.c:137: }
      0000F2 22               [24]  735 	ret
                                    736 ;------------------------------------------------------------
                                    737 ;Allocation info for local variables in function 'WaitLcdReady'
                                    738 ;------------------------------------------------------------
                                    739 ;busy_status               Allocated with name '_WaitLcdReady_busy_status_65536_68'
                                    740 ;------------------------------------------------------------
                                    741 ;	LcdDisplay.c:142: char WaitLcdReady(void)
                                    742 ;	-----------------------------------------
                                    743 ;	 function WaitLcdReady
                                    744 ;	-----------------------------------------
      0000F3                        745 _WaitLcdReady:
                                    746 ;	LcdDisplay.c:146: PORT_LCD_RS  = 0;			 			// Instruction Select
                                    747 ;	assignBit
      0000F3 C2 83            [12]  748 	clr	_P0_3
                                    749 ;	LcdDisplay.c:147: PORT_LCD_RW  = 1; 					// Read Direction
                                    750 ;	assignBit
      0000F5 D2 82            [12]  751 	setb	_P0_2
                                    752 ;	LcdDisplay.c:148: PORT_LCD_E = 1;						// Start Read Busy
                                    753 ;	assignBit
      0000F7 D2 81            [12]  754 	setb	_P0_1
                                    755 ;	LcdDisplay.c:149: busy_status = PORT_LCD;				// Read LCD Data
      0000F9 90r00r02         [24]  756 	mov	dptr,#_WaitLcdReady_busy_status_65536_68
      0000FC E5 80            [12]  757 	mov	a,_P0
      0000FE F0               [24]  758 	movx	@dptr,a
                                    759 ;	LcdDisplay.c:151: if(busy_status & 0x80)   				// Read & Check Busy Flag
      0000FF E0               [24]  760 	movx	a,@dptr
      000100 30 E7 08         [24]  761 	jnb	acc.7,00102$
                                    762 ;	LcdDisplay.c:153: PORT_LCD_E = 0;       				// Disable Read
                                    763 ;	assignBit
      000103 C2 81            [12]  764 	clr	_P0_1
                                    765 ;	LcdDisplay.c:154: PORT_LCD_RW = 0;					// Default = Write Direction
                                    766 ;	assignBit
      000105 C2 82            [12]  767 	clr	_P0_2
                                    768 ;	LcdDisplay.c:155: return 1;							// LCD Busy Status
      000107 75 82 01         [24]  769 	mov	dpl,#0x01
      00010A 22               [24]  770 	ret
      00010B                        771 00102$:
                                    772 ;	LcdDisplay.c:159: PORT_LCD_E = 0;       				// Disable Read
                                    773 ;	assignBit
      00010B C2 81            [12]  774 	clr	_P0_1
                                    775 ;	LcdDisplay.c:160: PORT_LCD_RW = 0;					// Default = Write Direction
                                    776 ;	assignBit
      00010D C2 82            [12]  777 	clr	_P0_2
                                    778 ;	LcdDisplay.c:161: return 0;							// LCD Ready Status
      00010F 75 82 00         [24]  779 	mov	dpl,#0x00
                                    780 ;	LcdDisplay.c:163: }
      000112 22               [24]  781 	ret
                                    782 ;------------------------------------------------------------
                                    783 ;Allocation info for local variables in function 'ClearDisplay'
                                    784 ;------------------------------------------------------------
                                    785 ;	LcdDisplay.c:167: void ClearDisplay()
                                    786 ;	-----------------------------------------
                                    787 ;	 function ClearDisplay
                                    788 ;	-----------------------------------------
      000113                        789 _ClearDisplay:
                                    790 ;	LcdDisplay.c:169: WriteInstructionToLcd(0x01);
      000113 75 82 01         [24]  791 	mov	dpl,#0x01
                                    792 ;	LcdDisplay.c:170: }
      000116 02r00r7D         [24]  793 	ljmp	_WriteInstructionToLcd
                                    794 ;------------------------------------------------------------
                                    795 ;Allocation info for local variables in function 'SetCursorPos'
                                    796 ;------------------------------------------------------------
                                    797 ;pos                       Allocated with name '_SetCursorPos_pos_65536_72'
                                    798 ;------------------------------------------------------------
                                    799 ;	LcdDisplay.c:177: void SetCursorPos(unsigned char pos)
                                    800 ;	-----------------------------------------
                                    801 ;	 function SetCursorPos
                                    802 ;	-----------------------------------------
      000119                        803 _SetCursorPos:
      000119 E5 82            [12]  804 	mov	a,dpl
      00011B 90r00r03         [24]  805 	mov	dptr,#_SetCursorPos_pos_65536_72
      00011E F0               [24]  806 	movx	@dptr,a
                                    807 ;	LcdDisplay.c:179: WriteInstructionToLcd(pos | 0x80);			// Set DD-RAM Address Command  
      00011F E0               [24]  808 	movx	a,@dptr
      000120 44 80            [12]  809 	orl	a,#0x80
      000122 F5 82            [12]  810 	mov	dpl,a
                                    811 ;	LcdDisplay.c:180: }
      000124 02r00r7D         [24]  812 	ljmp	_WriteInstructionToLcd
                                    813 ;------------------------------------------------------------
                                    814 ;Allocation info for local variables in function 'DirectWriteToDisplay'
                                    815 ;------------------------------------------------------------
                                    816 ;contents                  Allocated with name '_DirectWriteToDisplay_contents_65536_74'
                                    817 ;row                       Allocated with name '_DirectWriteToDisplay_row_65536_75'
                                    818 ;col                       Allocated with name '_DirectWriteToDisplay_col_65536_75'
                                    819 ;p                         Allocated with name '_DirectWriteToDisplay_p_65536_75'
                                    820 ;------------------------------------------------------------
                                    821 ;	LcdDisplay.c:287: void DirectWriteToDisplay(unsigned char* contents)
                                    822 ;	-----------------------------------------
                                    823 ;	 function DirectWriteToDisplay
                                    824 ;	-----------------------------------------
      000127                        825 _DirectWriteToDisplay:
      000127 AF F0            [24]  826 	mov	r7,b
      000129 AE 83            [24]  827 	mov	r6,dph
      00012B E5 82            [12]  828 	mov	a,dpl
      00012D 90r00r04         [24]  829 	mov	dptr,#_DirectWriteToDisplay_contents_65536_74
      000130 F0               [24]  830 	movx	@dptr,a
      000131 EE               [12]  831 	mov	a,r6
      000132 A3               [24]  832 	inc	dptr
      000133 F0               [24]  833 	movx	@dptr,a
      000134 EF               [12]  834 	mov	a,r7
      000135 A3               [24]  835 	inc	dptr
      000136 F0               [24]  836 	movx	@dptr,a
                                    837 ;	LcdDisplay.c:294: p = contents;
      000137 90r00r04         [24]  838 	mov	dptr,#_DirectWriteToDisplay_contents_65536_74
      00013A E0               [24]  839 	movx	a,@dptr
      00013B FD               [12]  840 	mov	r5,a
      00013C A3               [24]  841 	inc	dptr
      00013D E0               [24]  842 	movx	a,@dptr
      00013E FE               [12]  843 	mov	r6,a
      00013F A3               [24]  844 	inc	dptr
      000140 E0               [24]  845 	movx	a,@dptr
      000141 FF               [12]  846 	mov	r7,a
      000142 90r00r07         [24]  847 	mov	dptr,#_DirectWriteToDisplay_p_65536_75
      000145 ED               [12]  848 	mov	a,r5
      000146 F0               [24]  849 	movx	@dptr,a
      000147 EE               [12]  850 	mov	a,r6
      000148 A3               [24]  851 	inc	dptr
      000149 F0               [24]  852 	movx	@dptr,a
      00014A EF               [12]  853 	mov	a,r7
      00014B A3               [24]  854 	inc	dptr
      00014C F0               [24]  855 	movx	@dptr,a
                                    856 ;	LcdDisplay.c:295: for (row = 0; row < ROW_COUNT; ++row)
      00014D 7E 00            [12]  857 	mov	r6,#0x00
      00014F 7F 00            [12]  858 	mov	r7,#0x00
      000151                        859 00108$:
                                    860 ;	LcdDisplay.c:297: SetCursorPos(rowStartAddresses[row]);
      000151 EE               [12]  861 	mov	a,r6
      000152 2E               [12]  862 	add	a,r6
      000153 FC               [12]  863 	mov	r4,a
      000154 EF               [12]  864 	mov	a,r7
      000155 33               [12]  865 	rlc	a
      000156 FD               [12]  866 	mov	r5,a
      000157 EC               [12]  867 	mov	a,r4
      000158 24r00            [12]  868 	add	a,#_rowStartAddresses
      00015A F5 82            [12]  869 	mov	dpl,a
      00015C ED               [12]  870 	mov	a,r5
      00015D 34s00            [12]  871 	addc	a,#(_rowStartAddresses >> 8)
      00015F F5 83            [12]  872 	mov	dph,a
      000161 E4               [12]  873 	clr	a
      000162 93               [24]  874 	movc	a,@a+dptr
      000163 F5 82            [12]  875 	mov	dpl,a
      000165 C0 07            [24]  876 	push	ar7
      000167 C0 06            [24]  877 	push	ar6
      000169 12r01r19         [24]  878 	lcall	_SetCursorPos
      00016C D0 06            [24]  879 	pop	ar6
      00016E D0 07            [24]  880 	pop	ar7
                                    881 ;	LcdDisplay.c:298: for (col = 0; col < COL_COUNT; ++col)
      000170 90r00r07         [24]  882 	mov	dptr,#_DirectWriteToDisplay_p_65536_75
      000173 E0               [24]  883 	movx	a,@dptr
      000174 FB               [12]  884 	mov	r3,a
      000175 A3               [24]  885 	inc	dptr
      000176 E0               [24]  886 	movx	a,@dptr
      000177 FC               [12]  887 	mov	r4,a
      000178 A3               [24]  888 	inc	dptr
      000179 E0               [24]  889 	movx	a,@dptr
      00017A FD               [12]  890 	mov	r5,a
      00017B 79 00            [12]  891 	mov	r1,#0x00
      00017D 7A 00            [12]  892 	mov	r2,#0x00
      00017F                        893 00106$:
                                    894 ;	LcdDisplay.c:300: if (*p != 0)
      00017F 8B 82            [24]  895 	mov	dpl,r3
      000181 8C 83            [24]  896 	mov	dph,r4
      000183 8D F0            [24]  897 	mov	b,r5
      000185 12r00r00         [24]  898 	lcall	__gptrget
      000188 F8               [12]  899 	mov	r0,a
      000189 60 28            [24]  900 	jz	00102$
                                    901 ;	LcdDisplay.c:302: WriteDataToLcd(*p);
      00018B 88 82            [24]  902 	mov	dpl,r0
      00018D C0 07            [24]  903 	push	ar7
      00018F C0 06            [24]  904 	push	ar6
      000191 C0 05            [24]  905 	push	ar5
      000193 C0 04            [24]  906 	push	ar4
      000195 C0 03            [24]  907 	push	ar3
      000197 C0 02            [24]  908 	push	ar2
      000199 C0 01            [24]  909 	push	ar1
      00019B 12r00rAF         [24]  910 	lcall	_WriteDataToLcd
      00019E D0 01            [24]  911 	pop	ar1
      0001A0 D0 02            [24]  912 	pop	ar2
      0001A2 D0 03            [24]  913 	pop	ar3
      0001A4 D0 04            [24]  914 	pop	ar4
      0001A6 D0 05            [24]  915 	pop	ar5
      0001A8 D0 06            [24]  916 	pop	ar6
      0001AA D0 07            [24]  917 	pop	ar7
                                    918 ;	LcdDisplay.c:303: ++p;
      0001AC 0B               [12]  919 	inc	r3
      0001AD BB 00 25         [24]  920 	cjne	r3,#0x00,00107$
      0001B0 0C               [12]  921 	inc	r4
      0001B1 80 22            [24]  922 	sjmp	00107$
      0001B3                        923 00102$:
                                    924 ;	LcdDisplay.c:307: WriteDataToLcd(' ');
      0001B3 75 82 20         [24]  925 	mov	dpl,#0x20
      0001B6 C0 07            [24]  926 	push	ar7
      0001B8 C0 06            [24]  927 	push	ar6
      0001BA C0 05            [24]  928 	push	ar5
      0001BC C0 04            [24]  929 	push	ar4
      0001BE C0 03            [24]  930 	push	ar3
      0001C0 C0 02            [24]  931 	push	ar2
      0001C2 C0 01            [24]  932 	push	ar1
      0001C4 12r00rAF         [24]  933 	lcall	_WriteDataToLcd
      0001C7 D0 01            [24]  934 	pop	ar1
      0001C9 D0 02            [24]  935 	pop	ar2
      0001CB D0 03            [24]  936 	pop	ar3
      0001CD D0 04            [24]  937 	pop	ar4
      0001CF D0 05            [24]  938 	pop	ar5
      0001D1 D0 06            [24]  939 	pop	ar6
      0001D3 D0 07            [24]  940 	pop	ar7
      0001D5                        941 00107$:
                                    942 ;	LcdDisplay.c:298: for (col = 0; col < COL_COUNT; ++col)
      0001D5 09               [12]  943 	inc	r1
      0001D6 B9 00 01         [24]  944 	cjne	r1,#0x00,00132$
      0001D9 0A               [12]  945 	inc	r2
      0001DA                        946 00132$:
      0001DA C3               [12]  947 	clr	c
      0001DB E9               [12]  948 	mov	a,r1
      0001DC 94 10            [12]  949 	subb	a,#0x10
      0001DE EA               [12]  950 	mov	a,r2
      0001DF 64 80            [12]  951 	xrl	a,#0x80
      0001E1 94 80            [12]  952 	subb	a,#0x80
      0001E3 40 9A            [24]  953 	jc	00106$
                                    954 ;	LcdDisplay.c:295: for (row = 0; row < ROW_COUNT; ++row)
      0001E5 90r00r07         [24]  955 	mov	dptr,#_DirectWriteToDisplay_p_65536_75
      0001E8 EB               [12]  956 	mov	a,r3
      0001E9 F0               [24]  957 	movx	@dptr,a
      0001EA EC               [12]  958 	mov	a,r4
      0001EB A3               [24]  959 	inc	dptr
      0001EC F0               [24]  960 	movx	@dptr,a
      0001ED ED               [12]  961 	mov	a,r5
      0001EE A3               [24]  962 	inc	dptr
      0001EF F0               [24]  963 	movx	@dptr,a
      0001F0 0E               [12]  964 	inc	r6
      0001F1 BE 00 01         [24]  965 	cjne	r6,#0x00,00134$
      0001F4 0F               [12]  966 	inc	r7
      0001F5                        967 00134$:
      0001F5 C3               [12]  968 	clr	c
      0001F6 EE               [12]  969 	mov	a,r6
      0001F7 94 02            [12]  970 	subb	a,#0x02
      0001F9 EF               [12]  971 	mov	a,r7
      0001FA 64 80            [12]  972 	xrl	a,#0x80
      0001FC 94 80            [12]  973 	subb	a,#0x80
      0001FE 50 03            [24]  974 	jnc	00135$
      000200 02r01r51         [24]  975 	ljmp	00108$
      000203                        976 00135$:
                                    977 ;	LcdDisplay.c:311: }
      000203 22               [24]  978 	ret
                                    979 	.area CSEG    (CODE)
                                    980 	.area CONST   (CODE)
      000000                        981 _rowStartAddresses:
      000000 00 00                  982 	.byte #0x00, #0x00	;  0
      000002 40 00                  983 	.byte #0x40, #0x00	;  64
                                    984 	.area XINIT   (CODE)
                                    985 	.area CABS    (ABS,CODE)
