                                      1 ;--------------------------------------------------------
                                      2 ; File Created by SDCC : free open source ANSI-C Compiler
                                      3 ; Version 4.0.0 #11528 (MINGW64)
                                      4 ;--------------------------------------------------------
                                      5 	.module RTC1307
                                      6 	.optsdcc -mmcs51 --model-large
                                      7 	
                                      8 ;--------------------------------------------------------
                                      9 ; Public variables in this module
                                     10 ;--------------------------------------------------------
                                     11 	.globl _DecodeBcd
                                     12 	.globl _EncodeAsBcd
                                     13 	.globl _I2C_RecvData
                                     14 	.globl _I2C_SendData
                                     15 	.globl _I2C_Initialise
                                     16 	.globl _P5_7
                                     17 	.globl _P5_6
                                     18 	.globl _P5_5
                                     19 	.globl _P5_4
                                     20 	.globl _P5_3
                                     21 	.globl _P5_2
                                     22 	.globl _P5_1
                                     23 	.globl _P5_0
                                     24 	.globl _P4_7
                                     25 	.globl _P4_6
                                     26 	.globl _P4_5
                                     27 	.globl _P4_4
                                     28 	.globl _P4_3
                                     29 	.globl _P4_2
                                     30 	.globl _P4_1
                                     31 	.globl _P4_0
                                     32 	.globl _PX0L
                                     33 	.globl _PT0L
                                     34 	.globl _PX1L
                                     35 	.globl _PT1L
                                     36 	.globl _PSL
                                     37 	.globl _PT2L
                                     38 	.globl _PPCL
                                     39 	.globl _EC
                                     40 	.globl _CCF0
                                     41 	.globl _CCF1
                                     42 	.globl _CCF2
                                     43 	.globl _CCF3
                                     44 	.globl _CCF4
                                     45 	.globl _CR
                                     46 	.globl _CF
                                     47 	.globl _TF2
                                     48 	.globl _EXF2
                                     49 	.globl _RCLK
                                     50 	.globl _TCLK
                                     51 	.globl _EXEN2
                                     52 	.globl _TR2
                                     53 	.globl _C_T2
                                     54 	.globl _CP_RL2
                                     55 	.globl _T2CON_7
                                     56 	.globl _T2CON_6
                                     57 	.globl _T2CON_5
                                     58 	.globl _T2CON_4
                                     59 	.globl _T2CON_3
                                     60 	.globl _T2CON_2
                                     61 	.globl _T2CON_1
                                     62 	.globl _T2CON_0
                                     63 	.globl _PT2
                                     64 	.globl _ET2
                                     65 	.globl _CY
                                     66 	.globl _AC
                                     67 	.globl _F0
                                     68 	.globl _RS1
                                     69 	.globl _RS0
                                     70 	.globl _OV
                                     71 	.globl _F1
                                     72 	.globl _P
                                     73 	.globl _PS
                                     74 	.globl _PT1
                                     75 	.globl _PX1
                                     76 	.globl _PT0
                                     77 	.globl _PX0
                                     78 	.globl _RD
                                     79 	.globl _WR
                                     80 	.globl _T1
                                     81 	.globl _T0
                                     82 	.globl _INT1
                                     83 	.globl _INT0
                                     84 	.globl _TXD
                                     85 	.globl _RXD
                                     86 	.globl _P3_7
                                     87 	.globl _P3_6
                                     88 	.globl _P3_5
                                     89 	.globl _P3_4
                                     90 	.globl _P3_3
                                     91 	.globl _P3_2
                                     92 	.globl _P3_1
                                     93 	.globl _P3_0
                                     94 	.globl _EA
                                     95 	.globl _ES
                                     96 	.globl _ET1
                                     97 	.globl _EX1
                                     98 	.globl _ET0
                                     99 	.globl _EX0
                                    100 	.globl _P2_7
                                    101 	.globl _P2_6
                                    102 	.globl _P2_5
                                    103 	.globl _P2_4
                                    104 	.globl _P2_3
                                    105 	.globl _P2_2
                                    106 	.globl _P2_1
                                    107 	.globl _P2_0
                                    108 	.globl _SM0
                                    109 	.globl _SM1
                                    110 	.globl _SM2
                                    111 	.globl _REN
                                    112 	.globl _TB8
                                    113 	.globl _RB8
                                    114 	.globl _TI
                                    115 	.globl _RI
                                    116 	.globl _P1_7
                                    117 	.globl _P1_6
                                    118 	.globl _P1_5
                                    119 	.globl _P1_4
                                    120 	.globl _P1_3
                                    121 	.globl _P1_2
                                    122 	.globl _P1_1
                                    123 	.globl _P1_0
                                    124 	.globl _TF1
                                    125 	.globl _TR1
                                    126 	.globl _TF0
                                    127 	.globl _TR0
                                    128 	.globl _IE1
                                    129 	.globl _IT1
                                    130 	.globl _IE0
                                    131 	.globl _IT0
                                    132 	.globl _P0_7
                                    133 	.globl _P0_6
                                    134 	.globl _P0_5
                                    135 	.globl _P0_4
                                    136 	.globl _P0_3
                                    137 	.globl _P0_2
                                    138 	.globl _P0_1
                                    139 	.globl _P0_0
                                    140 	.globl _EECON
                                    141 	.globl _KBF
                                    142 	.globl _KBE
                                    143 	.globl _KBLS
                                    144 	.globl _BRL
                                    145 	.globl _BDRCON
                                    146 	.globl _T2MOD
                                    147 	.globl _SPDAT
                                    148 	.globl _SPSTA
                                    149 	.globl _SPCON
                                    150 	.globl _SADEN
                                    151 	.globl _SADDR
                                    152 	.globl _WDTPRG
                                    153 	.globl _WDTRST
                                    154 	.globl _P5
                                    155 	.globl _P4
                                    156 	.globl _IPH1
                                    157 	.globl _IPL1
                                    158 	.globl _IPH0
                                    159 	.globl _IPL0
                                    160 	.globl _IEN1
                                    161 	.globl _IEN0
                                    162 	.globl _CMOD
                                    163 	.globl _CL
                                    164 	.globl _CH
                                    165 	.globl _CCON
                                    166 	.globl _CCAPM4
                                    167 	.globl _CCAPM3
                                    168 	.globl _CCAPM2
                                    169 	.globl _CCAPM1
                                    170 	.globl _CCAPM0
                                    171 	.globl _CCAP4L
                                    172 	.globl _CCAP3L
                                    173 	.globl _CCAP2L
                                    174 	.globl _CCAP1L
                                    175 	.globl _CCAP0L
                                    176 	.globl _CCAP4H
                                    177 	.globl _CCAP3H
                                    178 	.globl _CCAP2H
                                    179 	.globl _CCAP1H
                                    180 	.globl _CCAP0H
                                    181 	.globl _CKCON1
                                    182 	.globl _CKCON0
                                    183 	.globl _CKRL
                                    184 	.globl _AUXR1
                                    185 	.globl _AUXR
                                    186 	.globl _TH2
                                    187 	.globl _TL2
                                    188 	.globl _RCAP2H
                                    189 	.globl _RCAP2L
                                    190 	.globl _T2CON
                                    191 	.globl _B
                                    192 	.globl _ACC
                                    193 	.globl _PSW
                                    194 	.globl _IP
                                    195 	.globl _P3
                                    196 	.globl _IE
                                    197 	.globl _P2
                                    198 	.globl _SBUF
                                    199 	.globl _SCON
                                    200 	.globl _P1
                                    201 	.globl _TH1
                                    202 	.globl _TH0
                                    203 	.globl _TL1
                                    204 	.globl _TL0
                                    205 	.globl _TMOD
                                    206 	.globl _TCON
                                    207 	.globl _PCON
                                    208 	.globl _DPH
                                    209 	.globl _DPL
                                    210 	.globl _SP
                                    211 	.globl _P0
                                    212 	.globl _Rtc_ReadClock
                                    213 	.globl _Rtc_WriteClock
                                    214 	.globl _Rtc_Initialise
                                    215 ;--------------------------------------------------------
                                    216 ; special function registers
                                    217 ;--------------------------------------------------------
                                    218 	.area RSEG    (ABS,DATA)
      000000                        219 	.org 0x0000
                           000080   220 _P0	=	0x0080
                           000081   221 _SP	=	0x0081
                           000082   222 _DPL	=	0x0082
                           000083   223 _DPH	=	0x0083
                           000087   224 _PCON	=	0x0087
                           000088   225 _TCON	=	0x0088
                           000089   226 _TMOD	=	0x0089
                           00008A   227 _TL0	=	0x008a
                           00008B   228 _TL1	=	0x008b
                           00008C   229 _TH0	=	0x008c
                           00008D   230 _TH1	=	0x008d
                           000090   231 _P1	=	0x0090
                           000098   232 _SCON	=	0x0098
                           000099   233 _SBUF	=	0x0099
                           0000A0   234 _P2	=	0x00a0
                           0000A8   235 _IE	=	0x00a8
                           0000B0   236 _P3	=	0x00b0
                           0000B8   237 _IP	=	0x00b8
                           0000D0   238 _PSW	=	0x00d0
                           0000E0   239 _ACC	=	0x00e0
                           0000F0   240 _B	=	0x00f0
                           0000C8   241 _T2CON	=	0x00c8
                           0000CA   242 _RCAP2L	=	0x00ca
                           0000CB   243 _RCAP2H	=	0x00cb
                           0000CC   244 _TL2	=	0x00cc
                           0000CD   245 _TH2	=	0x00cd
                           00008E   246 _AUXR	=	0x008e
                           0000A2   247 _AUXR1	=	0x00a2
                           000097   248 _CKRL	=	0x0097
                           00008F   249 _CKCON0	=	0x008f
                           0000AF   250 _CKCON1	=	0x00af
                           0000FA   251 _CCAP0H	=	0x00fa
                           0000FB   252 _CCAP1H	=	0x00fb
                           0000FC   253 _CCAP2H	=	0x00fc
                           0000FD   254 _CCAP3H	=	0x00fd
                           0000FE   255 _CCAP4H	=	0x00fe
                           0000EA   256 _CCAP0L	=	0x00ea
                           0000EB   257 _CCAP1L	=	0x00eb
                           0000EC   258 _CCAP2L	=	0x00ec
                           0000ED   259 _CCAP3L	=	0x00ed
                           0000EE   260 _CCAP4L	=	0x00ee
                           0000DA   261 _CCAPM0	=	0x00da
                           0000DB   262 _CCAPM1	=	0x00db
                           0000DC   263 _CCAPM2	=	0x00dc
                           0000DD   264 _CCAPM3	=	0x00dd
                           0000DE   265 _CCAPM4	=	0x00de
                           0000D8   266 _CCON	=	0x00d8
                           0000F9   267 _CH	=	0x00f9
                           0000E9   268 _CL	=	0x00e9
                           0000D9   269 _CMOD	=	0x00d9
                           0000A8   270 _IEN0	=	0x00a8
                           0000B1   271 _IEN1	=	0x00b1
                           0000B8   272 _IPL0	=	0x00b8
                           0000B7   273 _IPH0	=	0x00b7
                           0000B2   274 _IPL1	=	0x00b2
                           0000B3   275 _IPH1	=	0x00b3
                           0000C0   276 _P4	=	0x00c0
                           0000E8   277 _P5	=	0x00e8
                           0000A6   278 _WDTRST	=	0x00a6
                           0000A7   279 _WDTPRG	=	0x00a7
                           0000A9   280 _SADDR	=	0x00a9
                           0000B9   281 _SADEN	=	0x00b9
                           0000C3   282 _SPCON	=	0x00c3
                           0000C4   283 _SPSTA	=	0x00c4
                           0000C5   284 _SPDAT	=	0x00c5
                           0000C9   285 _T2MOD	=	0x00c9
                           00009B   286 _BDRCON	=	0x009b
                           00009A   287 _BRL	=	0x009a
                           00009C   288 _KBLS	=	0x009c
                           00009D   289 _KBE	=	0x009d
                           00009E   290 _KBF	=	0x009e
                           0000D2   291 _EECON	=	0x00d2
                                    292 ;--------------------------------------------------------
                                    293 ; special function bits
                                    294 ;--------------------------------------------------------
                                    295 	.area RSEG    (ABS,DATA)
      000000                        296 	.org 0x0000
                           000080   297 _P0_0	=	0x0080
                           000081   298 _P0_1	=	0x0081
                           000082   299 _P0_2	=	0x0082
                           000083   300 _P0_3	=	0x0083
                           000084   301 _P0_4	=	0x0084
                           000085   302 _P0_5	=	0x0085
                           000086   303 _P0_6	=	0x0086
                           000087   304 _P0_7	=	0x0087
                           000088   305 _IT0	=	0x0088
                           000089   306 _IE0	=	0x0089
                           00008A   307 _IT1	=	0x008a
                           00008B   308 _IE1	=	0x008b
                           00008C   309 _TR0	=	0x008c
                           00008D   310 _TF0	=	0x008d
                           00008E   311 _TR1	=	0x008e
                           00008F   312 _TF1	=	0x008f
                           000090   313 _P1_0	=	0x0090
                           000091   314 _P1_1	=	0x0091
                           000092   315 _P1_2	=	0x0092
                           000093   316 _P1_3	=	0x0093
                           000094   317 _P1_4	=	0x0094
                           000095   318 _P1_5	=	0x0095
                           000096   319 _P1_6	=	0x0096
                           000097   320 _P1_7	=	0x0097
                           000098   321 _RI	=	0x0098
                           000099   322 _TI	=	0x0099
                           00009A   323 _RB8	=	0x009a
                           00009B   324 _TB8	=	0x009b
                           00009C   325 _REN	=	0x009c
                           00009D   326 _SM2	=	0x009d
                           00009E   327 _SM1	=	0x009e
                           00009F   328 _SM0	=	0x009f
                           0000A0   329 _P2_0	=	0x00a0
                           0000A1   330 _P2_1	=	0x00a1
                           0000A2   331 _P2_2	=	0x00a2
                           0000A3   332 _P2_3	=	0x00a3
                           0000A4   333 _P2_4	=	0x00a4
                           0000A5   334 _P2_5	=	0x00a5
                           0000A6   335 _P2_6	=	0x00a6
                           0000A7   336 _P2_7	=	0x00a7
                           0000A8   337 _EX0	=	0x00a8
                           0000A9   338 _ET0	=	0x00a9
                           0000AA   339 _EX1	=	0x00aa
                           0000AB   340 _ET1	=	0x00ab
                           0000AC   341 _ES	=	0x00ac
                           0000AF   342 _EA	=	0x00af
                           0000B0   343 _P3_0	=	0x00b0
                           0000B1   344 _P3_1	=	0x00b1
                           0000B2   345 _P3_2	=	0x00b2
                           0000B3   346 _P3_3	=	0x00b3
                           0000B4   347 _P3_4	=	0x00b4
                           0000B5   348 _P3_5	=	0x00b5
                           0000B6   349 _P3_6	=	0x00b6
                           0000B7   350 _P3_7	=	0x00b7
                           0000B0   351 _RXD	=	0x00b0
                           0000B1   352 _TXD	=	0x00b1
                           0000B2   353 _INT0	=	0x00b2
                           0000B3   354 _INT1	=	0x00b3
                           0000B4   355 _T0	=	0x00b4
                           0000B5   356 _T1	=	0x00b5
                           0000B6   357 _WR	=	0x00b6
                           0000B7   358 _RD	=	0x00b7
                           0000B8   359 _PX0	=	0x00b8
                           0000B9   360 _PT0	=	0x00b9
                           0000BA   361 _PX1	=	0x00ba
                           0000BB   362 _PT1	=	0x00bb
                           0000BC   363 _PS	=	0x00bc
                           0000D0   364 _P	=	0x00d0
                           0000D1   365 _F1	=	0x00d1
                           0000D2   366 _OV	=	0x00d2
                           0000D3   367 _RS0	=	0x00d3
                           0000D4   368 _RS1	=	0x00d4
                           0000D5   369 _F0	=	0x00d5
                           0000D6   370 _AC	=	0x00d6
                           0000D7   371 _CY	=	0x00d7
                           0000AD   372 _ET2	=	0x00ad
                           0000BD   373 _PT2	=	0x00bd
                           0000C8   374 _T2CON_0	=	0x00c8
                           0000C9   375 _T2CON_1	=	0x00c9
                           0000CA   376 _T2CON_2	=	0x00ca
                           0000CB   377 _T2CON_3	=	0x00cb
                           0000CC   378 _T2CON_4	=	0x00cc
                           0000CD   379 _T2CON_5	=	0x00cd
                           0000CE   380 _T2CON_6	=	0x00ce
                           0000CF   381 _T2CON_7	=	0x00cf
                           0000C8   382 _CP_RL2	=	0x00c8
                           0000C9   383 _C_T2	=	0x00c9
                           0000CA   384 _TR2	=	0x00ca
                           0000CB   385 _EXEN2	=	0x00cb
                           0000CC   386 _TCLK	=	0x00cc
                           0000CD   387 _RCLK	=	0x00cd
                           0000CE   388 _EXF2	=	0x00ce
                           0000CF   389 _TF2	=	0x00cf
                           0000DF   390 _CF	=	0x00df
                           0000DE   391 _CR	=	0x00de
                           0000DC   392 _CCF4	=	0x00dc
                           0000DB   393 _CCF3	=	0x00db
                           0000DA   394 _CCF2	=	0x00da
                           0000D9   395 _CCF1	=	0x00d9
                           0000D8   396 _CCF0	=	0x00d8
                           0000AE   397 _EC	=	0x00ae
                           0000BE   398 _PPCL	=	0x00be
                           0000BD   399 _PT2L	=	0x00bd
                           0000BC   400 _PSL	=	0x00bc
                           0000BB   401 _PT1L	=	0x00bb
                           0000BA   402 _PX1L	=	0x00ba
                           0000B9   403 _PT0L	=	0x00b9
                           0000B8   404 _PX0L	=	0x00b8
                           0000C0   405 _P4_0	=	0x00c0
                           0000C1   406 _P4_1	=	0x00c1
                           0000C2   407 _P4_2	=	0x00c2
                           0000C3   408 _P4_3	=	0x00c3
                           0000C4   409 _P4_4	=	0x00c4
                           0000C5   410 _P4_5	=	0x00c5
                           0000C6   411 _P4_6	=	0x00c6
                           0000C7   412 _P4_7	=	0x00c7
                           0000E8   413 _P5_0	=	0x00e8
                           0000E9   414 _P5_1	=	0x00e9
                           0000EA   415 _P5_2	=	0x00ea
                           0000EB   416 _P5_3	=	0x00eb
                           0000EC   417 _P5_4	=	0x00ec
                           0000ED   418 _P5_5	=	0x00ed
                           0000EE   419 _P5_6	=	0x00ee
                           0000EF   420 _P5_7	=	0x00ef
                                    421 ;--------------------------------------------------------
                                    422 ; overlayable register banks
                                    423 ;--------------------------------------------------------
                                    424 	.area REG_BANK_0	(REL,OVR,DATA)
      000000                        425 	.ds 8
                                    426 ;--------------------------------------------------------
                                    427 ; internal ram data
                                    428 ;--------------------------------------------------------
                                    429 	.area DSEG    (DATA)
                                    430 ;--------------------------------------------------------
                                    431 ; overlayable items in internal ram 
                                    432 ;--------------------------------------------------------
                                    433 ;--------------------------------------------------------
                                    434 ; indirectly addressable internal ram data
                                    435 ;--------------------------------------------------------
                                    436 	.area ISEG    (DATA)
                                    437 ;--------------------------------------------------------
                                    438 ; absolute internal ram data
                                    439 ;--------------------------------------------------------
                                    440 	.area IABS    (ABS,DATA)
                                    441 	.area IABS    (ABS,DATA)
                                    442 ;--------------------------------------------------------
                                    443 ; bit data
                                    444 ;--------------------------------------------------------
                                    445 	.area BSEG    (BIT)
                                    446 ;--------------------------------------------------------
                                    447 ; paged external ram data
                                    448 ;--------------------------------------------------------
                                    449 	.area PSEG    (PAG,XDATA)
                                    450 ;--------------------------------------------------------
                                    451 ; external ram data
                                    452 ;--------------------------------------------------------
                                    453 	.area XSEG    (XDATA)
      000000                        454 _EncodeAsBcd_value_65536_16:
      000000                        455 	.ds 1
      000001                        456 _DecodeBcd_value_65536_18:
      000001                        457 	.ds 1
      000002                        458 _Rtc_ReadClock_dateTime_65536_20:
      000002                        459 	.ds 3
      000005                        460 _Rtc_ReadClock_buffer_65536_21:
      000005                        461 	.ds 9
      00000E                        462 _Rtc_WriteClock_dateTime_65536_25:
      00000E                        463 	.ds 3
      000011                        464 _Rtc_WriteClock_buffer_65536_26:
      000011                        465 	.ds 9
                                    466 ;--------------------------------------------------------
                                    467 ; absolute external ram data
                                    468 ;--------------------------------------------------------
                                    469 	.area XABS    (ABS,XDATA)
                                    470 ;--------------------------------------------------------
                                    471 ; external initialized ram data
                                    472 ;--------------------------------------------------------
                                    473 	.area XISEG   (XDATA)
                                    474 	.area HOME    (CODE)
                                    475 	.area GSINIT0 (CODE)
                                    476 	.area GSINIT1 (CODE)
                                    477 	.area GSINIT2 (CODE)
                                    478 	.area GSINIT3 (CODE)
                                    479 	.area GSINIT4 (CODE)
                                    480 	.area GSINIT5 (CODE)
                                    481 	.area GSINIT  (CODE)
                                    482 	.area GSFINAL (CODE)
                                    483 	.area CSEG    (CODE)
                                    484 ;--------------------------------------------------------
                                    485 ; global & static initialisations
                                    486 ;--------------------------------------------------------
                                    487 	.area HOME    (CODE)
                                    488 	.area GSINIT  (CODE)
                                    489 	.area GSFINAL (CODE)
                                    490 	.area GSINIT  (CODE)
                                    491 ;--------------------------------------------------------
                                    492 ; Home
                                    493 ;--------------------------------------------------------
                                    494 	.area HOME    (CODE)
                                    495 	.area HOME    (CODE)
                                    496 ;--------------------------------------------------------
                                    497 ; code
                                    498 ;--------------------------------------------------------
                                    499 	.area CSEG    (CODE)
                                    500 ;------------------------------------------------------------
                                    501 ;Allocation info for local variables in function 'EncodeAsBcd'
                                    502 ;------------------------------------------------------------
                                    503 ;value                     Allocated with name '_EncodeAsBcd_value_65536_16'
                                    504 ;result                    Allocated with name '_EncodeAsBcd_result_65536_17'
                                    505 ;------------------------------------------------------------
                                    506 ;	RTC1307.c:9: unsigned char EncodeAsBcd(unsigned char value)
                                    507 ;	-----------------------------------------
                                    508 ;	 function EncodeAsBcd
                                    509 ;	-----------------------------------------
      000000                        510 _EncodeAsBcd:
                           000007   511 	ar7 = 0x07
                           000006   512 	ar6 = 0x06
                           000005   513 	ar5 = 0x05
                           000004   514 	ar4 = 0x04
                           000003   515 	ar3 = 0x03
                           000002   516 	ar2 = 0x02
                           000001   517 	ar1 = 0x01
                           000000   518 	ar0 = 0x00
      000000 E5 82            [12]  519 	mov	a,dpl
      000002 90r00r00         [24]  520 	mov	dptr,#_EncodeAsBcd_value_65536_16
      000005 F0               [24]  521 	movx	@dptr,a
                                    522 ;	RTC1307.c:11: unsigned char result = ((value % 10) & 0xf);
      000006 E0               [24]  523 	movx	a,@dptr
      000007 FF               [12]  524 	mov	r7,a
      000008 7E 00            [12]  525 	mov	r6,#0x00
      00000A 90r00r00         [24]  526 	mov	dptr,#__modsint_PARM_2
      00000D 74 0A            [12]  527 	mov	a,#0x0a
      00000F F0               [24]  528 	movx	@dptr,a
      000010 E4               [12]  529 	clr	a
      000011 A3               [24]  530 	inc	dptr
      000012 F0               [24]  531 	movx	@dptr,a
      000013 8F 82            [24]  532 	mov	dpl,r7
      000015 8E 83            [24]  533 	mov	dph,r6
      000017 C0 07            [24]  534 	push	ar7
      000019 C0 06            [24]  535 	push	ar6
      00001B 12r00r00         [24]  536 	lcall	__modsint
      00001E AC 82            [24]  537 	mov	r4,dpl
      000020 D0 06            [24]  538 	pop	ar6
      000022 D0 07            [24]  539 	pop	ar7
      000024 53 04 0F         [24]  540 	anl	ar4,#0x0f
                                    541 ;	RTC1307.c:12: result |= ((value / 10) & 0xf) << 4;
      000027 90r00r00         [24]  542 	mov	dptr,#__divsint_PARM_2
      00002A 74 0A            [12]  543 	mov	a,#0x0a
      00002C F0               [24]  544 	movx	@dptr,a
      00002D E4               [12]  545 	clr	a
      00002E A3               [24]  546 	inc	dptr
      00002F F0               [24]  547 	movx	@dptr,a
      000030 8F 82            [24]  548 	mov	dpl,r7
      000032 8E 83            [24]  549 	mov	dph,r6
      000034 C0 04            [24]  550 	push	ar4
      000036 12r00r00         [24]  551 	lcall	__divsint
      000039 AE 82            [24]  552 	mov	r6,dpl
      00003B D0 04            [24]  553 	pop	ar4
      00003D 53 06 0F         [24]  554 	anl	ar6,#0x0f
      000040 EE               [12]  555 	mov	a,r6
      000041 C4               [12]  556 	swap	a
      000042 54 F0            [12]  557 	anl	a,#0xf0
      000044 FE               [12]  558 	mov	r6,a
      000045 EC               [12]  559 	mov	a,r4
      000046 42 06            [12]  560 	orl	ar6,a
                                    561 ;	RTC1307.c:13: return result;
      000048 8E 82            [24]  562 	mov	dpl,r6
                                    563 ;	RTC1307.c:14: }
      00004A 22               [24]  564 	ret
                                    565 ;------------------------------------------------------------
                                    566 ;Allocation info for local variables in function 'DecodeBcd'
                                    567 ;------------------------------------------------------------
                                    568 ;value                     Allocated with name '_DecodeBcd_value_65536_18'
                                    569 ;------------------------------------------------------------
                                    570 ;	RTC1307.c:16: unsigned char DecodeBcd(unsigned char value)
                                    571 ;	-----------------------------------------
                                    572 ;	 function DecodeBcd
                                    573 ;	-----------------------------------------
      00004B                        574 _DecodeBcd:
      00004B E5 82            [12]  575 	mov	a,dpl
      00004D 90r00r01         [24]  576 	mov	dptr,#_DecodeBcd_value_65536_18
      000050 F0               [24]  577 	movx	@dptr,a
                                    578 ;	RTC1307.c:18: return (10 * ((value & 0xf0) >> 4)) + (value & 0xf);
      000051 E0               [24]  579 	movx	a,@dptr
      000052 FF               [12]  580 	mov	r7,a
      000053 FD               [12]  581 	mov	r5,a
      000054 53 05 F0         [24]  582 	anl	ar5,#0xf0
      000057 E4               [12]  583 	clr	a
      000058 C4               [12]  584 	swap	a
      000059 CD               [12]  585 	xch	a,r5
      00005A C4               [12]  586 	swap	a
      00005B 54 0F            [12]  587 	anl	a,#0x0f
      00005D 6D               [12]  588 	xrl	a,r5
      00005E CD               [12]  589 	xch	a,r5
      00005F 54 0F            [12]  590 	anl	a,#0x0f
      000061 CD               [12]  591 	xch	a,r5
      000062 6D               [12]  592 	xrl	a,r5
      000063 CD               [12]  593 	xch	a,r5
      000064 30 E3 02         [24]  594 	jnb	acc.3,00103$
      000067 44 F0            [12]  595 	orl	a,#0xf0
      000069                        596 00103$:
      000069 ED               [12]  597 	mov	a,r5
      00006A 75 F0 0A         [24]  598 	mov	b,#0x0a
      00006D A4               [48]  599 	mul	ab
      00006E FD               [12]  600 	mov	r5,a
      00006F 74 0F            [12]  601 	mov	a,#0x0f
      000071 5F               [12]  602 	anl	a,r7
      000072 2D               [12]  603 	add	a,r5
                                    604 ;	RTC1307.c:19: }
      000073 F5 82            [12]  605 	mov	dpl,a
      000075 22               [24]  606 	ret
                                    607 ;------------------------------------------------------------
                                    608 ;Allocation info for local variables in function 'Rtc_ReadClock'
                                    609 ;------------------------------------------------------------
                                    610 ;dateTime                  Allocated with name '_Rtc_ReadClock_dateTime_65536_20'
                                    611 ;buffer                    Allocated with name '_Rtc_ReadClock_buffer_65536_21'
                                    612 ;i                         Allocated with name '_Rtc_ReadClock_i_65536_21'
                                    613 ;------------------------------------------------------------
                                    614 ;	RTC1307.c:21: unsigned char Rtc_ReadClock(DateTimeStruct *dateTime)
                                    615 ;	-----------------------------------------
                                    616 ;	 function Rtc_ReadClock
                                    617 ;	-----------------------------------------
      000076                        618 _Rtc_ReadClock:
      000076 AF F0            [24]  619 	mov	r7,b
      000078 AE 83            [24]  620 	mov	r6,dph
      00007A E5 82            [12]  621 	mov	a,dpl
      00007C 90r00r02         [24]  622 	mov	dptr,#_Rtc_ReadClock_dateTime_65536_20
      00007F F0               [24]  623 	movx	@dptr,a
      000080 EE               [12]  624 	mov	a,r6
      000081 A3               [24]  625 	inc	dptr
      000082 F0               [24]  626 	movx	@dptr,a
      000083 EF               [12]  627 	mov	a,r7
      000084 A3               [24]  628 	inc	dptr
      000085 F0               [24]  629 	movx	@dptr,a
                                    630 ;	RTC1307.c:25: for (i = 0; i < BUFFER_LEN; ++i)
      000086 7E 00            [12]  631 	mov	r6,#0x00
      000088 7F 00            [12]  632 	mov	r7,#0x00
      00008A                        633 00104$:
                                    634 ;	RTC1307.c:27: buffer[i] = 0;
      00008A EE               [12]  635 	mov	a,r6
      00008B 24r05            [12]  636 	add	a,#_Rtc_ReadClock_buffer_65536_21
      00008D F5 82            [12]  637 	mov	dpl,a
      00008F EF               [12]  638 	mov	a,r7
      000090 34s00            [12]  639 	addc	a,#(_Rtc_ReadClock_buffer_65536_21 >> 8)
      000092 F5 83            [12]  640 	mov	dph,a
      000094 E4               [12]  641 	clr	a
      000095 F0               [24]  642 	movx	@dptr,a
                                    643 ;	RTC1307.c:25: for (i = 0; i < BUFFER_LEN; ++i)
      000096 0E               [12]  644 	inc	r6
      000097 BE 00 01         [24]  645 	cjne	r6,#0x00,00121$
      00009A 0F               [12]  646 	inc	r7
      00009B                        647 00121$:
      00009B C3               [12]  648 	clr	c
      00009C EE               [12]  649 	mov	a,r6
      00009D 94 09            [12]  650 	subb	a,#0x09
      00009F EF               [12]  651 	mov	a,r7
      0000A0 64 80            [12]  652 	xrl	a,#0x80
      0000A2 94 80            [12]  653 	subb	a,#0x80
      0000A4 40 E4            [24]  654 	jc	00104$
                                    655 ;	RTC1307.c:31: I2C_SendData(DS1307ADDRESS, buffer, 1);
      0000A6 90r00r00         [24]  656 	mov	dptr,#_I2C_SendData_PARM_2
      0000A9 74r05            [12]  657 	mov	a,#_Rtc_ReadClock_buffer_65536_21
      0000AB F0               [24]  658 	movx	@dptr,a
      0000AC 74s00            [12]  659 	mov	a,#(_Rtc_ReadClock_buffer_65536_21 >> 8)
      0000AE A3               [24]  660 	inc	dptr
      0000AF F0               [24]  661 	movx	@dptr,a
      0000B0 E4               [12]  662 	clr	a
      0000B1 A3               [24]  663 	inc	dptr
      0000B2 F0               [24]  664 	movx	@dptr,a
      0000B3 90r00r00         [24]  665 	mov	dptr,#_I2C_SendData_PARM_3
      0000B6 04               [12]  666 	inc	a
      0000B7 F0               [24]  667 	movx	@dptr,a
      0000B8 E4               [12]  668 	clr	a
      0000B9 A3               [24]  669 	inc	dptr
      0000BA F0               [24]  670 	movx	@dptr,a
      0000BB 75 82 68         [24]  671 	mov	dpl,#0x68
      0000BE 12r00r00         [24]  672 	lcall	_I2C_SendData
                                    673 ;	RTC1307.c:33: if (!I2C_RecvData(DS1307ADDRESS, buffer, 7))
      0000C1 90r00r00         [24]  674 	mov	dptr,#_I2C_RecvData_PARM_2
      0000C4 74r05            [12]  675 	mov	a,#_Rtc_ReadClock_buffer_65536_21
      0000C6 F0               [24]  676 	movx	@dptr,a
      0000C7 74s00            [12]  677 	mov	a,#(_Rtc_ReadClock_buffer_65536_21 >> 8)
      0000C9 A3               [24]  678 	inc	dptr
      0000CA F0               [24]  679 	movx	@dptr,a
      0000CB E4               [12]  680 	clr	a
      0000CC A3               [24]  681 	inc	dptr
      0000CD F0               [24]  682 	movx	@dptr,a
      0000CE 90r00r00         [24]  683 	mov	dptr,#_I2C_RecvData_PARM_3
      0000D1 74 07            [12]  684 	mov	a,#0x07
      0000D3 F0               [24]  685 	movx	@dptr,a
      0000D4 E4               [12]  686 	clr	a
      0000D5 A3               [24]  687 	inc	dptr
      0000D6 F0               [24]  688 	movx	@dptr,a
      0000D7 75 82 68         [24]  689 	mov	dpl,#0x68
      0000DA 12r00r00         [24]  690 	lcall	_I2C_RecvData
      0000DD E5 82            [12]  691 	mov	a,dpl
                                    692 ;	RTC1307.c:35: return 0;
      0000DF 70 03            [24]  693 	jnz	00103$
      0000E1 F5 82            [12]  694 	mov	dpl,a
      0000E3 22               [24]  695 	ret
      0000E4                        696 00103$:
                                    697 ;	RTC1307.c:39: dateTime->seconds = DecodeBcd(buffer[0] & 0x7F);
      0000E4 90r00r02         [24]  698 	mov	dptr,#_Rtc_ReadClock_dateTime_65536_20
      0000E7 E0               [24]  699 	movx	a,@dptr
      0000E8 FD               [12]  700 	mov	r5,a
      0000E9 A3               [24]  701 	inc	dptr
      0000EA E0               [24]  702 	movx	a,@dptr
      0000EB FE               [12]  703 	mov	r6,a
      0000EC A3               [24]  704 	inc	dptr
      0000ED E0               [24]  705 	movx	a,@dptr
      0000EE FF               [12]  706 	mov	r7,a
      0000EF 90r00r05         [24]  707 	mov	dptr,#_Rtc_ReadClock_buffer_65536_21
      0000F2 E0               [24]  708 	movx	a,@dptr
      0000F3 FC               [12]  709 	mov	r4,a
      0000F4 53 04 7F         [24]  710 	anl	ar4,#0x7f
      0000F7 8C 82            [24]  711 	mov	dpl,r4
      0000F9 C0 07            [24]  712 	push	ar7
      0000FB C0 06            [24]  713 	push	ar6
      0000FD C0 05            [24]  714 	push	ar5
      0000FF 12r00r4B         [24]  715 	lcall	_DecodeBcd
      000102 AC 82            [24]  716 	mov	r4,dpl
      000104 D0 05            [24]  717 	pop	ar5
      000106 D0 06            [24]  718 	pop	ar6
      000108 D0 07            [24]  719 	pop	ar7
      00010A 8D 82            [24]  720 	mov	dpl,r5
      00010C 8E 83            [24]  721 	mov	dph,r6
      00010E 8F F0            [24]  722 	mov	b,r7
      000110 EC               [12]  723 	mov	a,r4
      000111 12r00r00         [24]  724 	lcall	__gptrput
                                    725 ;	RTC1307.c:40: dateTime->minutes = DecodeBcd(buffer[1] & 0x7F);
      000114 74 01            [12]  726 	mov	a,#0x01
      000116 2D               [12]  727 	add	a,r5
      000117 FA               [12]  728 	mov	r2,a
      000118 E4               [12]  729 	clr	a
      000119 3E               [12]  730 	addc	a,r6
      00011A FB               [12]  731 	mov	r3,a
      00011B 8F 04            [24]  732 	mov	ar4,r7
      00011D 90r00r06         [24]  733 	mov	dptr,#(_Rtc_ReadClock_buffer_65536_21 + 0x0001)
      000120 E0               [24]  734 	movx	a,@dptr
      000121 F9               [12]  735 	mov	r1,a
      000122 53 01 7F         [24]  736 	anl	ar1,#0x7f
      000125 89 82            [24]  737 	mov	dpl,r1
      000127 C0 07            [24]  738 	push	ar7
      000129 C0 06            [24]  739 	push	ar6
      00012B C0 05            [24]  740 	push	ar5
      00012D C0 04            [24]  741 	push	ar4
      00012F C0 03            [24]  742 	push	ar3
      000131 C0 02            [24]  743 	push	ar2
      000133 12r00r4B         [24]  744 	lcall	_DecodeBcd
      000136 A9 82            [24]  745 	mov	r1,dpl
      000138 D0 02            [24]  746 	pop	ar2
      00013A D0 03            [24]  747 	pop	ar3
      00013C D0 04            [24]  748 	pop	ar4
      00013E D0 05            [24]  749 	pop	ar5
      000140 D0 06            [24]  750 	pop	ar6
      000142 D0 07            [24]  751 	pop	ar7
      000144 8A 82            [24]  752 	mov	dpl,r2
      000146 8B 83            [24]  753 	mov	dph,r3
      000148 8C F0            [24]  754 	mov	b,r4
      00014A E9               [12]  755 	mov	a,r1
      00014B 12r00r00         [24]  756 	lcall	__gptrput
                                    757 ;	RTC1307.c:41: dateTime->hours = DecodeBcd(buffer[2] & 0x3F);
      00014E 74 02            [12]  758 	mov	a,#0x02
      000150 2D               [12]  759 	add	a,r5
      000151 FA               [12]  760 	mov	r2,a
      000152 E4               [12]  761 	clr	a
      000153 3E               [12]  762 	addc	a,r6
      000154 FB               [12]  763 	mov	r3,a
      000155 8F 04            [24]  764 	mov	ar4,r7
      000157 90r00r07         [24]  765 	mov	dptr,#(_Rtc_ReadClock_buffer_65536_21 + 0x0002)
      00015A E0               [24]  766 	movx	a,@dptr
      00015B F9               [12]  767 	mov	r1,a
      00015C 53 01 3F         [24]  768 	anl	ar1,#0x3f
      00015F 89 82            [24]  769 	mov	dpl,r1
      000161 C0 07            [24]  770 	push	ar7
      000163 C0 06            [24]  771 	push	ar6
      000165 C0 05            [24]  772 	push	ar5
      000167 C0 04            [24]  773 	push	ar4
      000169 C0 03            [24]  774 	push	ar3
      00016B C0 02            [24]  775 	push	ar2
      00016D 12r00r4B         [24]  776 	lcall	_DecodeBcd
      000170 A9 82            [24]  777 	mov	r1,dpl
      000172 D0 02            [24]  778 	pop	ar2
      000174 D0 03            [24]  779 	pop	ar3
      000176 D0 04            [24]  780 	pop	ar4
      000178 D0 05            [24]  781 	pop	ar5
      00017A D0 06            [24]  782 	pop	ar6
      00017C D0 07            [24]  783 	pop	ar7
      00017E 8A 82            [24]  784 	mov	dpl,r2
      000180 8B 83            [24]  785 	mov	dph,r3
      000182 8C F0            [24]  786 	mov	b,r4
      000184 E9               [12]  787 	mov	a,r1
      000185 12r00r00         [24]  788 	lcall	__gptrput
                                    789 ;	RTC1307.c:42: dateTime->dayOfWeek = DecodeBcd(buffer[3] & 0x7);
      000188 74 03            [12]  790 	mov	a,#0x03
      00018A 2D               [12]  791 	add	a,r5
      00018B FA               [12]  792 	mov	r2,a
      00018C E4               [12]  793 	clr	a
      00018D 3E               [12]  794 	addc	a,r6
      00018E FB               [12]  795 	mov	r3,a
      00018F 8F 04            [24]  796 	mov	ar4,r7
      000191 90r00r08         [24]  797 	mov	dptr,#(_Rtc_ReadClock_buffer_65536_21 + 0x0003)
      000194 E0               [24]  798 	movx	a,@dptr
      000195 F9               [12]  799 	mov	r1,a
      000196 53 01 07         [24]  800 	anl	ar1,#0x07
      000199 89 82            [24]  801 	mov	dpl,r1
      00019B C0 07            [24]  802 	push	ar7
      00019D C0 06            [24]  803 	push	ar6
      00019F C0 05            [24]  804 	push	ar5
      0001A1 C0 04            [24]  805 	push	ar4
      0001A3 C0 03            [24]  806 	push	ar3
      0001A5 C0 02            [24]  807 	push	ar2
      0001A7 12r00r4B         [24]  808 	lcall	_DecodeBcd
      0001AA A9 82            [24]  809 	mov	r1,dpl
      0001AC D0 02            [24]  810 	pop	ar2
      0001AE D0 03            [24]  811 	pop	ar3
      0001B0 D0 04            [24]  812 	pop	ar4
      0001B2 D0 05            [24]  813 	pop	ar5
      0001B4 D0 06            [24]  814 	pop	ar6
      0001B6 D0 07            [24]  815 	pop	ar7
      0001B8 8A 82            [24]  816 	mov	dpl,r2
      0001BA 8B 83            [24]  817 	mov	dph,r3
      0001BC 8C F0            [24]  818 	mov	b,r4
      0001BE E9               [12]  819 	mov	a,r1
      0001BF 12r00r00         [24]  820 	lcall	__gptrput
                                    821 ;	RTC1307.c:43: dateTime->day = DecodeBcd(buffer[4] & 0x3F);
      0001C2 74 04            [12]  822 	mov	a,#0x04
      0001C4 2D               [12]  823 	add	a,r5
      0001C5 FA               [12]  824 	mov	r2,a
      0001C6 E4               [12]  825 	clr	a
      0001C7 3E               [12]  826 	addc	a,r6
      0001C8 FB               [12]  827 	mov	r3,a
      0001C9 8F 04            [24]  828 	mov	ar4,r7
      0001CB 90r00r09         [24]  829 	mov	dptr,#(_Rtc_ReadClock_buffer_65536_21 + 0x0004)
      0001CE E0               [24]  830 	movx	a,@dptr
      0001CF F9               [12]  831 	mov	r1,a
      0001D0 53 01 3F         [24]  832 	anl	ar1,#0x3f
      0001D3 89 82            [24]  833 	mov	dpl,r1
      0001D5 C0 07            [24]  834 	push	ar7
      0001D7 C0 06            [24]  835 	push	ar6
      0001D9 C0 05            [24]  836 	push	ar5
      0001DB C0 04            [24]  837 	push	ar4
      0001DD C0 03            [24]  838 	push	ar3
      0001DF C0 02            [24]  839 	push	ar2
      0001E1 12r00r4B         [24]  840 	lcall	_DecodeBcd
      0001E4 A9 82            [24]  841 	mov	r1,dpl
      0001E6 D0 02            [24]  842 	pop	ar2
      0001E8 D0 03            [24]  843 	pop	ar3
      0001EA D0 04            [24]  844 	pop	ar4
      0001EC D0 05            [24]  845 	pop	ar5
      0001EE D0 06            [24]  846 	pop	ar6
      0001F0 D0 07            [24]  847 	pop	ar7
      0001F2 8A 82            [24]  848 	mov	dpl,r2
      0001F4 8B 83            [24]  849 	mov	dph,r3
      0001F6 8C F0            [24]  850 	mov	b,r4
      0001F8 E9               [12]  851 	mov	a,r1
      0001F9 12r00r00         [24]  852 	lcall	__gptrput
                                    853 ;	RTC1307.c:44: dateTime->month = DecodeBcd(buffer[5] & 0x1F);
      0001FC 74 05            [12]  854 	mov	a,#0x05
      0001FE 2D               [12]  855 	add	a,r5
      0001FF FA               [12]  856 	mov	r2,a
      000200 E4               [12]  857 	clr	a
      000201 3E               [12]  858 	addc	a,r6
      000202 FB               [12]  859 	mov	r3,a
      000203 8F 04            [24]  860 	mov	ar4,r7
      000205 90r00r0A         [24]  861 	mov	dptr,#(_Rtc_ReadClock_buffer_65536_21 + 0x0005)
      000208 E0               [24]  862 	movx	a,@dptr
      000209 F9               [12]  863 	mov	r1,a
      00020A 53 01 1F         [24]  864 	anl	ar1,#0x1f
      00020D 89 82            [24]  865 	mov	dpl,r1
      00020F C0 07            [24]  866 	push	ar7
      000211 C0 06            [24]  867 	push	ar6
      000213 C0 05            [24]  868 	push	ar5
      000215 C0 04            [24]  869 	push	ar4
      000217 C0 03            [24]  870 	push	ar3
      000219 C0 02            [24]  871 	push	ar2
      00021B 12r00r4B         [24]  872 	lcall	_DecodeBcd
      00021E A9 82            [24]  873 	mov	r1,dpl
      000220 D0 02            [24]  874 	pop	ar2
      000222 D0 03            [24]  875 	pop	ar3
      000224 D0 04            [24]  876 	pop	ar4
      000226 D0 05            [24]  877 	pop	ar5
      000228 D0 06            [24]  878 	pop	ar6
      00022A 8A 82            [24]  879 	mov	dpl,r2
      00022C 8B 83            [24]  880 	mov	dph,r3
      00022E 8C F0            [24]  881 	mov	b,r4
      000230 E9               [12]  882 	mov	a,r1
      000231 12r00r00         [24]  883 	lcall	__gptrput
                                    884 ;	RTC1307.c:45: dateTime->year = DecodeBcd(buffer[6]);
      000234 74 06            [12]  885 	mov	a,#0x06
      000236 2D               [12]  886 	add	a,r5
      000237 FD               [12]  887 	mov	r5,a
      000238 E4               [12]  888 	clr	a
      000239 3E               [12]  889 	addc	a,r6
      00023A FE               [12]  890 	mov	r6,a
      00023B 90r00r0B         [24]  891 	mov	dptr,#(_Rtc_ReadClock_buffer_65536_21 + 0x0006)
      00023E E0               [24]  892 	movx	a,@dptr
      00023F F5 82            [12]  893 	mov	dpl,a
      000241 C0 06            [24]  894 	push	ar6
      000243 C0 05            [24]  895 	push	ar5
      000245 12r00r4B         [24]  896 	lcall	_DecodeBcd
      000248 AC 82            [24]  897 	mov	r4,dpl
      00024A D0 05            [24]  898 	pop	ar5
      00024C D0 06            [24]  899 	pop	ar6
      00024E D0 07            [24]  900 	pop	ar7
      000250 8D 82            [24]  901 	mov	dpl,r5
      000252 8E 83            [24]  902 	mov	dph,r6
      000254 8F F0            [24]  903 	mov	b,r7
      000256 EC               [12]  904 	mov	a,r4
      000257 12r00r00         [24]  905 	lcall	__gptrput
                                    906 ;	RTC1307.c:47: return 1;
      00025A 75 82 01         [24]  907 	mov	dpl,#0x01
                                    908 ;	RTC1307.c:48: }
      00025D 22               [24]  909 	ret
                                    910 ;------------------------------------------------------------
                                    911 ;Allocation info for local variables in function 'Rtc_WriteClock'
                                    912 ;------------------------------------------------------------
                                    913 ;dateTime                  Allocated with name '_Rtc_WriteClock_dateTime_65536_25'
                                    914 ;buffer                    Allocated with name '_Rtc_WriteClock_buffer_65536_26'
                                    915 ;------------------------------------------------------------
                                    916 ;	RTC1307.c:51: unsigned char Rtc_WriteClock(DateTimeStruct *dateTime)
                                    917 ;	-----------------------------------------
                                    918 ;	 function Rtc_WriteClock
                                    919 ;	-----------------------------------------
      00025E                        920 _Rtc_WriteClock:
      00025E AF F0            [24]  921 	mov	r7,b
      000260 AE 83            [24]  922 	mov	r6,dph
      000262 E5 82            [12]  923 	mov	a,dpl
      000264 90r00r0E         [24]  924 	mov	dptr,#_Rtc_WriteClock_dateTime_65536_25
      000267 F0               [24]  925 	movx	@dptr,a
      000268 EE               [12]  926 	mov	a,r6
      000269 A3               [24]  927 	inc	dptr
      00026A F0               [24]  928 	movx	@dptr,a
      00026B EF               [12]  929 	mov	a,r7
      00026C A3               [24]  930 	inc	dptr
      00026D F0               [24]  931 	movx	@dptr,a
                                    932 ;	RTC1307.c:55: buffer[0] = 0;
      00026E 90r00r11         [24]  933 	mov	dptr,#_Rtc_WriteClock_buffer_65536_26
      000271 E4               [12]  934 	clr	a
      000272 F0               [24]  935 	movx	@dptr,a
                                    936 ;	RTC1307.c:56: buffer[1] = EncodeAsBcd(dateTime->seconds) & 0x7F; // Also clear CH
      000273 90r00r0E         [24]  937 	mov	dptr,#_Rtc_WriteClock_dateTime_65536_25
      000276 E0               [24]  938 	movx	a,@dptr
      000277 FD               [12]  939 	mov	r5,a
      000278 A3               [24]  940 	inc	dptr
      000279 E0               [24]  941 	movx	a,@dptr
      00027A FE               [12]  942 	mov	r6,a
      00027B A3               [24]  943 	inc	dptr
      00027C E0               [24]  944 	movx	a,@dptr
      00027D FF               [12]  945 	mov	r7,a
      00027E 8D 82            [24]  946 	mov	dpl,r5
      000280 8E 83            [24]  947 	mov	dph,r6
      000282 8F F0            [24]  948 	mov	b,r7
      000284 12r00r00         [24]  949 	lcall	__gptrget
      000287 F5 82            [12]  950 	mov	dpl,a
      000289 C0 07            [24]  951 	push	ar7
      00028B C0 06            [24]  952 	push	ar6
      00028D C0 05            [24]  953 	push	ar5
      00028F 12r00r00         [24]  954 	lcall	_EncodeAsBcd
      000292 E5 82            [12]  955 	mov	a,dpl
      000294 D0 05            [24]  956 	pop	ar5
      000296 D0 06            [24]  957 	pop	ar6
      000298 D0 07            [24]  958 	pop	ar7
      00029A 54 7F            [12]  959 	anl	a,#0x7f
      00029C 90r00r12         [24]  960 	mov	dptr,#(_Rtc_WriteClock_buffer_65536_26 + 0x0001)
      00029F F0               [24]  961 	movx	@dptr,a
                                    962 ;	RTC1307.c:57: buffer[2] = EncodeAsBcd(dateTime->minutes) & 0x7F;
      0002A0 74 01            [12]  963 	mov	a,#0x01
      0002A2 2D               [12]  964 	add	a,r5
      0002A3 FA               [12]  965 	mov	r2,a
      0002A4 E4               [12]  966 	clr	a
      0002A5 3E               [12]  967 	addc	a,r6
      0002A6 FB               [12]  968 	mov	r3,a
      0002A7 8F 04            [24]  969 	mov	ar4,r7
      0002A9 8A 82            [24]  970 	mov	dpl,r2
      0002AB 8B 83            [24]  971 	mov	dph,r3
      0002AD 8C F0            [24]  972 	mov	b,r4
      0002AF 12r00r00         [24]  973 	lcall	__gptrget
      0002B2 F5 82            [12]  974 	mov	dpl,a
      0002B4 C0 07            [24]  975 	push	ar7
      0002B6 C0 06            [24]  976 	push	ar6
      0002B8 C0 05            [24]  977 	push	ar5
      0002BA 12r00r00         [24]  978 	lcall	_EncodeAsBcd
      0002BD E5 82            [12]  979 	mov	a,dpl
      0002BF D0 05            [24]  980 	pop	ar5
      0002C1 D0 06            [24]  981 	pop	ar6
      0002C3 D0 07            [24]  982 	pop	ar7
      0002C5 54 7F            [12]  983 	anl	a,#0x7f
      0002C7 90r00r13         [24]  984 	mov	dptr,#(_Rtc_WriteClock_buffer_65536_26 + 0x0002)
      0002CA F0               [24]  985 	movx	@dptr,a
                                    986 ;	RTC1307.c:58: buffer[3] = (EncodeAsBcd(dateTime->hours) & 0x7F) | 0x80; // 24 hour
      0002CB 74 02            [12]  987 	mov	a,#0x02
      0002CD 2D               [12]  988 	add	a,r5
      0002CE FA               [12]  989 	mov	r2,a
      0002CF E4               [12]  990 	clr	a
      0002D0 3E               [12]  991 	addc	a,r6
      0002D1 FB               [12]  992 	mov	r3,a
      0002D2 8F 04            [24]  993 	mov	ar4,r7
      0002D4 8A 82            [24]  994 	mov	dpl,r2
      0002D6 8B 83            [24]  995 	mov	dph,r3
      0002D8 8C F0            [24]  996 	mov	b,r4
      0002DA 12r00r00         [24]  997 	lcall	__gptrget
      0002DD F5 82            [12]  998 	mov	dpl,a
      0002DF C0 07            [24]  999 	push	ar7
      0002E1 C0 06            [24] 1000 	push	ar6
      0002E3 C0 05            [24] 1001 	push	ar5
      0002E5 12r00r00         [24] 1002 	lcall	_EncodeAsBcd
      0002E8 E5 82            [12] 1003 	mov	a,dpl
      0002EA D0 05            [24] 1004 	pop	ar5
      0002EC D0 06            [24] 1005 	pop	ar6
      0002EE D0 07            [24] 1006 	pop	ar7
      0002F0 54 7F            [12] 1007 	anl	a,#0x7f
      0002F2 44 80            [12] 1008 	orl	a,#0x80
      0002F4 90r00r14         [24] 1009 	mov	dptr,#(_Rtc_WriteClock_buffer_65536_26 + 0x0003)
      0002F7 F0               [24] 1010 	movx	@dptr,a
                                   1011 ;	RTC1307.c:59: buffer[4] = EncodeAsBcd(dateTime->dayOfWeek) & 0x7;
      0002F8 74 03            [12] 1012 	mov	a,#0x03
      0002FA 2D               [12] 1013 	add	a,r5
      0002FB FA               [12] 1014 	mov	r2,a
      0002FC E4               [12] 1015 	clr	a
      0002FD 3E               [12] 1016 	addc	a,r6
      0002FE FB               [12] 1017 	mov	r3,a
      0002FF 8F 04            [24] 1018 	mov	ar4,r7
      000301 8A 82            [24] 1019 	mov	dpl,r2
      000303 8B 83            [24] 1020 	mov	dph,r3
      000305 8C F0            [24] 1021 	mov	b,r4
      000307 12r00r00         [24] 1022 	lcall	__gptrget
      00030A F5 82            [12] 1023 	mov	dpl,a
      00030C C0 07            [24] 1024 	push	ar7
      00030E C0 06            [24] 1025 	push	ar6
      000310 C0 05            [24] 1026 	push	ar5
      000312 12r00r00         [24] 1027 	lcall	_EncodeAsBcd
      000315 E5 82            [12] 1028 	mov	a,dpl
      000317 D0 05            [24] 1029 	pop	ar5
      000319 D0 06            [24] 1030 	pop	ar6
      00031B D0 07            [24] 1031 	pop	ar7
      00031D 54 07            [12] 1032 	anl	a,#0x07
      00031F 90r00r15         [24] 1033 	mov	dptr,#(_Rtc_WriteClock_buffer_65536_26 + 0x0004)
      000322 F0               [24] 1034 	movx	@dptr,a
                                   1035 ;	RTC1307.c:60: buffer[5] = EncodeAsBcd(dateTime->day) & 0x3F;
      000323 74 04            [12] 1036 	mov	a,#0x04
      000325 2D               [12] 1037 	add	a,r5
      000326 FA               [12] 1038 	mov	r2,a
      000327 E4               [12] 1039 	clr	a
      000328 3E               [12] 1040 	addc	a,r6
      000329 FB               [12] 1041 	mov	r3,a
      00032A 8F 04            [24] 1042 	mov	ar4,r7
      00032C 8A 82            [24] 1043 	mov	dpl,r2
      00032E 8B 83            [24] 1044 	mov	dph,r3
      000330 8C F0            [24] 1045 	mov	b,r4
      000332 12r00r00         [24] 1046 	lcall	__gptrget
      000335 F5 82            [12] 1047 	mov	dpl,a
      000337 C0 07            [24] 1048 	push	ar7
      000339 C0 06            [24] 1049 	push	ar6
      00033B C0 05            [24] 1050 	push	ar5
      00033D 12r00r00         [24] 1051 	lcall	_EncodeAsBcd
      000340 E5 82            [12] 1052 	mov	a,dpl
      000342 D0 05            [24] 1053 	pop	ar5
      000344 D0 06            [24] 1054 	pop	ar6
      000346 D0 07            [24] 1055 	pop	ar7
      000348 54 3F            [12] 1056 	anl	a,#0x3f
      00034A 90r00r16         [24] 1057 	mov	dptr,#(_Rtc_WriteClock_buffer_65536_26 + 0x0005)
      00034D F0               [24] 1058 	movx	@dptr,a
                                   1059 ;	RTC1307.c:61: buffer[6] = EncodeAsBcd(dateTime->month) & 0x1F;
      00034E 74 05            [12] 1060 	mov	a,#0x05
      000350 2D               [12] 1061 	add	a,r5
      000351 FA               [12] 1062 	mov	r2,a
      000352 E4               [12] 1063 	clr	a
      000353 3E               [12] 1064 	addc	a,r6
      000354 FB               [12] 1065 	mov	r3,a
      000355 8F 04            [24] 1066 	mov	ar4,r7
      000357 8A 82            [24] 1067 	mov	dpl,r2
      000359 8B 83            [24] 1068 	mov	dph,r3
      00035B 8C F0            [24] 1069 	mov	b,r4
      00035D 12r00r00         [24] 1070 	lcall	__gptrget
      000360 F5 82            [12] 1071 	mov	dpl,a
      000362 C0 07            [24] 1072 	push	ar7
      000364 C0 06            [24] 1073 	push	ar6
      000366 C0 05            [24] 1074 	push	ar5
      000368 12r00r00         [24] 1075 	lcall	_EncodeAsBcd
      00036B E5 82            [12] 1076 	mov	a,dpl
      00036D D0 05            [24] 1077 	pop	ar5
      00036F D0 06            [24] 1078 	pop	ar6
      000371 D0 07            [24] 1079 	pop	ar7
      000373 54 1F            [12] 1080 	anl	a,#0x1f
      000375 90r00r17         [24] 1081 	mov	dptr,#(_Rtc_WriteClock_buffer_65536_26 + 0x0006)
      000378 F0               [24] 1082 	movx	@dptr,a
                                   1083 ;	RTC1307.c:62: buffer[7] = EncodeAsBcd(dateTime->year);
      000379 74 06            [12] 1084 	mov	a,#0x06
      00037B 2D               [12] 1085 	add	a,r5
      00037C FD               [12] 1086 	mov	r5,a
      00037D E4               [12] 1087 	clr	a
      00037E 3E               [12] 1088 	addc	a,r6
      00037F FE               [12] 1089 	mov	r6,a
      000380 8D 82            [24] 1090 	mov	dpl,r5
      000382 8E 83            [24] 1091 	mov	dph,r6
      000384 8F F0            [24] 1092 	mov	b,r7
      000386 12r00r00         [24] 1093 	lcall	__gptrget
      000389 F5 82            [12] 1094 	mov	dpl,a
      00038B 12r00r00         [24] 1095 	lcall	_EncodeAsBcd
      00038E AF 82            [24] 1096 	mov	r7,dpl
      000390 90r00r18         [24] 1097 	mov	dptr,#(_Rtc_WriteClock_buffer_65536_26 + 0x0007)
      000393 EF               [12] 1098 	mov	a,r7
      000394 F0               [24] 1099 	movx	@dptr,a
                                   1100 ;	RTC1307.c:65: return I2C_SendData(DS1307ADDRESS, buffer, 8);
      000395 90r00r00         [24] 1101 	mov	dptr,#_I2C_SendData_PARM_2
      000398 74r11            [12] 1102 	mov	a,#_Rtc_WriteClock_buffer_65536_26
      00039A F0               [24] 1103 	movx	@dptr,a
      00039B 74s00            [12] 1104 	mov	a,#(_Rtc_WriteClock_buffer_65536_26 >> 8)
      00039D A3               [24] 1105 	inc	dptr
      00039E F0               [24] 1106 	movx	@dptr,a
      00039F E4               [12] 1107 	clr	a
      0003A0 A3               [24] 1108 	inc	dptr
      0003A1 F0               [24] 1109 	movx	@dptr,a
      0003A2 90r00r00         [24] 1110 	mov	dptr,#_I2C_SendData_PARM_3
      0003A5 74 08            [12] 1111 	mov	a,#0x08
      0003A7 F0               [24] 1112 	movx	@dptr,a
      0003A8 E4               [12] 1113 	clr	a
      0003A9 A3               [24] 1114 	inc	dptr
      0003AA F0               [24] 1115 	movx	@dptr,a
      0003AB 75 82 68         [24] 1116 	mov	dpl,#0x68
                                   1117 ;	RTC1307.c:66: }
      0003AE 02r00r00         [24] 1118 	ljmp	_I2C_SendData
                                   1119 ;------------------------------------------------------------
                                   1120 ;Allocation info for local variables in function 'Rtc_Initialise'
                                   1121 ;------------------------------------------------------------
                                   1122 ;	RTC1307.c:69: void Rtc_Initialise()
                                   1123 ;	-----------------------------------------
                                   1124 ;	 function Rtc_Initialise
                                   1125 ;	-----------------------------------------
      0003B1                       1126 _Rtc_Initialise:
                                   1127 ;	RTC1307.c:71: I2C_Initialise();
                                   1128 ;	RTC1307.c:72: }
      0003B1 02r00r00         [24] 1129 	ljmp	_I2C_Initialise
                                   1130 	.area CSEG    (CODE)
                                   1131 	.area CONST   (CODE)
                                   1132 	.area XINIT   (CODE)
                                   1133 	.area CABS    (ABS,CODE)
