                                      1 ;--------------------------------------------------------
                                      2 ; File Created by SDCC : free open source ISO C Compiler
                                      3 ; Version 4.5.0 #15242 (MINGW64)
                                      4 ;--------------------------------------------------------
                                      5 	.module RTC1307
                                      6 	
                                      7 	.optsdcc -mmcs51 --model-large
                                      8 ;--------------------------------------------------------
                                      9 ; Public variables in this module
                                     10 ;--------------------------------------------------------
                                     11 	.globl _DecodeBcd
                                     12 	.globl _EncodeAsBcd
                                     13 	.globl _I2C_RecvData
                                     14 	.globl _I2C_SendData
                                     15 	.globl _I2C_Initialise
                                     16 	.globl _P5_7
                                     17 	.globl _P5_6
                                     18 	.globl _P5_5
                                     19 	.globl _P5_4
                                     20 	.globl _P5_3
                                     21 	.globl _P5_2
                                     22 	.globl _P5_1
                                     23 	.globl _P5_0
                                     24 	.globl _P4_7
                                     25 	.globl _P4_6
                                     26 	.globl _P4_5
                                     27 	.globl _P4_4
                                     28 	.globl _P4_3
                                     29 	.globl _P4_2
                                     30 	.globl _P4_1
                                     31 	.globl _P4_0
                                     32 	.globl _PX0L
                                     33 	.globl _PT0L
                                     34 	.globl _PX1L
                                     35 	.globl _PT1L
                                     36 	.globl _PSL
                                     37 	.globl _PT2L
                                     38 	.globl _PPCL
                                     39 	.globl _EC
                                     40 	.globl _CCF0
                                     41 	.globl _CCF1
                                     42 	.globl _CCF2
                                     43 	.globl _CCF3
                                     44 	.globl _CCF4
                                     45 	.globl _CR
                                     46 	.globl _CF
                                     47 	.globl _TF2
                                     48 	.globl _EXF2
                                     49 	.globl _RCLK
                                     50 	.globl _TCLK
                                     51 	.globl _EXEN2
                                     52 	.globl _TR2
                                     53 	.globl _C_T2
                                     54 	.globl _CP_RL2
                                     55 	.globl _T2CON_7
                                     56 	.globl _T2CON_6
                                     57 	.globl _T2CON_5
                                     58 	.globl _T2CON_4
                                     59 	.globl _T2CON_3
                                     60 	.globl _T2CON_2
                                     61 	.globl _T2CON_1
                                     62 	.globl _T2CON_0
                                     63 	.globl _PT2
                                     64 	.globl _ET2
                                     65 	.globl _CY
                                     66 	.globl _AC
                                     67 	.globl _F0
                                     68 	.globl _RS1
                                     69 	.globl _RS0
                                     70 	.globl _OV
                                     71 	.globl _F1
                                     72 	.globl _P
                                     73 	.globl _PS
                                     74 	.globl _PT1
                                     75 	.globl _PX1
                                     76 	.globl _PT0
                                     77 	.globl _PX0
                                     78 	.globl _RD
                                     79 	.globl _WR
                                     80 	.globl _T1
                                     81 	.globl _T0
                                     82 	.globl _INT1
                                     83 	.globl _INT0
                                     84 	.globl _TXD
                                     85 	.globl _RXD
                                     86 	.globl _P3_7
                                     87 	.globl _P3_6
                                     88 	.globl _P3_5
                                     89 	.globl _P3_4
                                     90 	.globl _P3_3
                                     91 	.globl _P3_2
                                     92 	.globl _P3_1
                                     93 	.globl _P3_0
                                     94 	.globl _EA
                                     95 	.globl _ES
                                     96 	.globl _ET1
                                     97 	.globl _EX1
                                     98 	.globl _ET0
                                     99 	.globl _EX0
                                    100 	.globl _P2_7
                                    101 	.globl _P2_6
                                    102 	.globl _P2_5
                                    103 	.globl _P2_4
                                    104 	.globl _P2_3
                                    105 	.globl _P2_2
                                    106 	.globl _P2_1
                                    107 	.globl _P2_0
                                    108 	.globl _SM0
                                    109 	.globl _SM1
                                    110 	.globl _SM2
                                    111 	.globl _REN
                                    112 	.globl _TB8
                                    113 	.globl _RB8
                                    114 	.globl _TI
                                    115 	.globl _RI
                                    116 	.globl _P1_7
                                    117 	.globl _P1_6
                                    118 	.globl _P1_5
                                    119 	.globl _P1_4
                                    120 	.globl _P1_3
                                    121 	.globl _P1_2
                                    122 	.globl _P1_1
                                    123 	.globl _P1_0
                                    124 	.globl _TF1
                                    125 	.globl _TR1
                                    126 	.globl _TF0
                                    127 	.globl _TR0
                                    128 	.globl _IE1
                                    129 	.globl _IT1
                                    130 	.globl _IE0
                                    131 	.globl _IT0
                                    132 	.globl _P0_7
                                    133 	.globl _P0_6
                                    134 	.globl _P0_5
                                    135 	.globl _P0_4
                                    136 	.globl _P0_3
                                    137 	.globl _P0_2
                                    138 	.globl _P0_1
                                    139 	.globl _P0_0
                                    140 	.globl _EECON
                                    141 	.globl _KBF
                                    142 	.globl _KBE
                                    143 	.globl _KBLS
                                    144 	.globl _BRL
                                    145 	.globl _BDRCON
                                    146 	.globl _T2MOD
                                    147 	.globl _SPDAT
                                    148 	.globl _SPSTA
                                    149 	.globl _SPCON
                                    150 	.globl _SADEN
                                    151 	.globl _SADDR
                                    152 	.globl _WDTPRG
                                    153 	.globl _WDTRST
                                    154 	.globl _P5
                                    155 	.globl _P4
                                    156 	.globl _IPH1
                                    157 	.globl _IPL1
                                    158 	.globl _IPH0
                                    159 	.globl _IPL0
                                    160 	.globl _IEN1
                                    161 	.globl _IEN0
                                    162 	.globl _CMOD
                                    163 	.globl _CL
                                    164 	.globl _CH
                                    165 	.globl _CCON
                                    166 	.globl _CCAPM4
                                    167 	.globl _CCAPM3
                                    168 	.globl _CCAPM2
                                    169 	.globl _CCAPM1
                                    170 	.globl _CCAPM0
                                    171 	.globl _CCAP4L
                                    172 	.globl _CCAP3L
                                    173 	.globl _CCAP2L
                                    174 	.globl _CCAP1L
                                    175 	.globl _CCAP0L
                                    176 	.globl _CCAP4H
                                    177 	.globl _CCAP3H
                                    178 	.globl _CCAP2H
                                    179 	.globl _CCAP1H
                                    180 	.globl _CCAP0H
                                    181 	.globl _CKCON1
                                    182 	.globl _CKCON0
                                    183 	.globl _CKRL
                                    184 	.globl _AUXR1
                                    185 	.globl _AUXR
                                    186 	.globl _TH2
                                    187 	.globl _TL2
                                    188 	.globl _RCAP2H
                                    189 	.globl _RCAP2L
                                    190 	.globl _T2CON
                                    191 	.globl _B
                                    192 	.globl _ACC
                                    193 	.globl _PSW
                                    194 	.globl _IP
                                    195 	.globl _P3
                                    196 	.globl _IE
                                    197 	.globl _P2
                                    198 	.globl _SBUF
                                    199 	.globl _SCON
                                    200 	.globl _P1
                                    201 	.globl _TH1
                                    202 	.globl _TH0
                                    203 	.globl _TL1
                                    204 	.globl _TL0
                                    205 	.globl _TMOD
                                    206 	.globl _TCON
                                    207 	.globl _PCON
                                    208 	.globl _DPH
                                    209 	.globl _DPL
                                    210 	.globl _SP
                                    211 	.globl _P0
                                    212 	.globl _Rtc_ReadClock
                                    213 	.globl _Rtc_WriteClock
                                    214 	.globl _Rtc_Initialise
                                    215 ;--------------------------------------------------------
                                    216 ; special function registers
                                    217 ;--------------------------------------------------------
                                    218 	.area RSEG    (ABS,DATA)
      000000                        219 	.org 0x0000
                           000080   220 _P0	=	0x0080
                           000081   221 _SP	=	0x0081
                           000082   222 _DPL	=	0x0082
                           000083   223 _DPH	=	0x0083
                           000087   224 _PCON	=	0x0087
                           000088   225 _TCON	=	0x0088
                           000089   226 _TMOD	=	0x0089
                           00008A   227 _TL0	=	0x008a
                           00008B   228 _TL1	=	0x008b
                           00008C   229 _TH0	=	0x008c
                           00008D   230 _TH1	=	0x008d
                           000090   231 _P1	=	0x0090
                           000098   232 _SCON	=	0x0098
                           000099   233 _SBUF	=	0x0099
                           0000A0   234 _P2	=	0x00a0
                           0000A8   235 _IE	=	0x00a8
                           0000B0   236 _P3	=	0x00b0
                           0000B8   237 _IP	=	0x00b8
                           0000D0   238 _PSW	=	0x00d0
                           0000E0   239 _ACC	=	0x00e0
                           0000F0   240 _B	=	0x00f0
                           0000C8   241 _T2CON	=	0x00c8
                           0000CA   242 _RCAP2L	=	0x00ca
                           0000CB   243 _RCAP2H	=	0x00cb
                           0000CC   244 _TL2	=	0x00cc
                           0000CD   245 _TH2	=	0x00cd
                           00008E   246 _AUXR	=	0x008e
                           0000A2   247 _AUXR1	=	0x00a2
                           000097   248 _CKRL	=	0x0097
                           00008F   249 _CKCON0	=	0x008f
                           0000AF   250 _CKCON1	=	0x00af
                           0000FA   251 _CCAP0H	=	0x00fa
                           0000FB   252 _CCAP1H	=	0x00fb
                           0000FC   253 _CCAP2H	=	0x00fc
                           0000FD   254 _CCAP3H	=	0x00fd
                           0000FE   255 _CCAP4H	=	0x00fe
                           0000EA   256 _CCAP0L	=	0x00ea
                           0000EB   257 _CCAP1L	=	0x00eb
                           0000EC   258 _CCAP2L	=	0x00ec
                           0000ED   259 _CCAP3L	=	0x00ed
                           0000EE   260 _CCAP4L	=	0x00ee
                           0000DA   261 _CCAPM0	=	0x00da
                           0000DB   262 _CCAPM1	=	0x00db
                           0000DC   263 _CCAPM2	=	0x00dc
                           0000DD   264 _CCAPM3	=	0x00dd
                           0000DE   265 _CCAPM4	=	0x00de
                           0000D8   266 _CCON	=	0x00d8
                           0000F9   267 _CH	=	0x00f9
                           0000E9   268 _CL	=	0x00e9
                           0000D9   269 _CMOD	=	0x00d9
                           0000A8   270 _IEN0	=	0x00a8
                           0000B1   271 _IEN1	=	0x00b1
                           0000B8   272 _IPL0	=	0x00b8
                           0000B7   273 _IPH0	=	0x00b7
                           0000B2   274 _IPL1	=	0x00b2
                           0000B3   275 _IPH1	=	0x00b3
                           0000C0   276 _P4	=	0x00c0
                           0000E8   277 _P5	=	0x00e8
                           0000A6   278 _WDTRST	=	0x00a6
                           0000A7   279 _WDTPRG	=	0x00a7
                           0000A9   280 _SADDR	=	0x00a9
                           0000B9   281 _SADEN	=	0x00b9
                           0000C3   282 _SPCON	=	0x00c3
                           0000C4   283 _SPSTA	=	0x00c4
                           0000C5   284 _SPDAT	=	0x00c5
                           0000C9   285 _T2MOD	=	0x00c9
                           00009B   286 _BDRCON	=	0x009b
                           00009A   287 _BRL	=	0x009a
                           00009C   288 _KBLS	=	0x009c
                           00009D   289 _KBE	=	0x009d
                           00009E   290 _KBF	=	0x009e
                           0000D2   291 _EECON	=	0x00d2
                                    292 ;--------------------------------------------------------
                                    293 ; special function bits
                                    294 ;--------------------------------------------------------
                                    295 	.area RSEG    (ABS,DATA)
      000000                        296 	.org 0x0000
                           000080   297 _P0_0	=	0x0080
                           000081   298 _P0_1	=	0x0081
                           000082   299 _P0_2	=	0x0082
                           000083   300 _P0_3	=	0x0083
                           000084   301 _P0_4	=	0x0084
                           000085   302 _P0_5	=	0x0085
                           000086   303 _P0_6	=	0x0086
                           000087   304 _P0_7	=	0x0087
                           000088   305 _IT0	=	0x0088
                           000089   306 _IE0	=	0x0089
                           00008A   307 _IT1	=	0x008a
                           00008B   308 _IE1	=	0x008b
                           00008C   309 _TR0	=	0x008c
                           00008D   310 _TF0	=	0x008d
                           00008E   311 _TR1	=	0x008e
                           00008F   312 _TF1	=	0x008f
                           000090   313 _P1_0	=	0x0090
                           000091   314 _P1_1	=	0x0091
                           000092   315 _P1_2	=	0x0092
                           000093   316 _P1_3	=	0x0093
                           000094   317 _P1_4	=	0x0094
                           000095   318 _P1_5	=	0x0095
                           000096   319 _P1_6	=	0x0096
                           000097   320 _P1_7	=	0x0097
                           000098   321 _RI	=	0x0098
                           000099   322 _TI	=	0x0099
                           00009A   323 _RB8	=	0x009a
                           00009B   324 _TB8	=	0x009b
                           00009C   325 _REN	=	0x009c
                           00009D   326 _SM2	=	0x009d
                           00009E   327 _SM1	=	0x009e
                           00009F   328 _SM0	=	0x009f
                           0000A0   329 _P2_0	=	0x00a0
                           0000A1   330 _P2_1	=	0x00a1
                           0000A2   331 _P2_2	=	0x00a2
                           0000A3   332 _P2_3	=	0x00a3
                           0000A4   333 _P2_4	=	0x00a4
                           0000A5   334 _P2_5	=	0x00a5
                           0000A6   335 _P2_6	=	0x00a6
                           0000A7   336 _P2_7	=	0x00a7
                           0000A8   337 _EX0	=	0x00a8
                           0000A9   338 _ET0	=	0x00a9
                           0000AA   339 _EX1	=	0x00aa
                           0000AB   340 _ET1	=	0x00ab
                           0000AC   341 _ES	=	0x00ac
                           0000AF   342 _EA	=	0x00af
                           0000B0   343 _P3_0	=	0x00b0
                           0000B1   344 _P3_1	=	0x00b1
                           0000B2   345 _P3_2	=	0x00b2
                           0000B3   346 _P3_3	=	0x00b3
                           0000B4   347 _P3_4	=	0x00b4
                           0000B5   348 _P3_5	=	0x00b5
                           0000B6   349 _P3_6	=	0x00b6
                           0000B7   350 _P3_7	=	0x00b7
                           0000B0   351 _RXD	=	0x00b0
                           0000B1   352 _TXD	=	0x00b1
                           0000B2   353 _INT0	=	0x00b2
                           0000B3   354 _INT1	=	0x00b3
                           0000B4   355 _T0	=	0x00b4
                           0000B5   356 _T1	=	0x00b5
                           0000B6   357 _WR	=	0x00b6
                           0000B7   358 _RD	=	0x00b7
                           0000B8   359 _PX0	=	0x00b8
                           0000B9   360 _PT0	=	0x00b9
                           0000BA   361 _PX1	=	0x00ba
                           0000BB   362 _PT1	=	0x00bb
                           0000BC   363 _PS	=	0x00bc
                           0000D0   364 _P	=	0x00d0
                           0000D1   365 _F1	=	0x00d1
                           0000D2   366 _OV	=	0x00d2
                           0000D3   367 _RS0	=	0x00d3
                           0000D4   368 _RS1	=	0x00d4
                           0000D5   369 _F0	=	0x00d5
                           0000D6   370 _AC	=	0x00d6
                           0000D7   371 _CY	=	0x00d7
                           0000AD   372 _ET2	=	0x00ad
                           0000BD   373 _PT2	=	0x00bd
                           0000C8   374 _T2CON_0	=	0x00c8
                           0000C9   375 _T2CON_1	=	0x00c9
                           0000CA   376 _T2CON_2	=	0x00ca
                           0000CB   377 _T2CON_3	=	0x00cb
                           0000CC   378 _T2CON_4	=	0x00cc
                           0000CD   379 _T2CON_5	=	0x00cd
                           0000CE   380 _T2CON_6	=	0x00ce
                           0000CF   381 _T2CON_7	=	0x00cf
                           0000C8   382 _CP_RL2	=	0x00c8
                           0000C9   383 _C_T2	=	0x00c9
                           0000CA   384 _TR2	=	0x00ca
                           0000CB   385 _EXEN2	=	0x00cb
                           0000CC   386 _TCLK	=	0x00cc
                           0000CD   387 _RCLK	=	0x00cd
                           0000CE   388 _EXF2	=	0x00ce
                           0000CF   389 _TF2	=	0x00cf
                           0000DF   390 _CF	=	0x00df
                           0000DE   391 _CR	=	0x00de
                           0000DC   392 _CCF4	=	0x00dc
                           0000DB   393 _CCF3	=	0x00db
                           0000DA   394 _CCF2	=	0x00da
                           0000D9   395 _CCF1	=	0x00d9
                           0000D8   396 _CCF0	=	0x00d8
                           0000AE   397 _EC	=	0x00ae
                           0000BE   398 _PPCL	=	0x00be
                           0000BD   399 _PT2L	=	0x00bd
                           0000BC   400 _PSL	=	0x00bc
                           0000BB   401 _PT1L	=	0x00bb
                           0000BA   402 _PX1L	=	0x00ba
                           0000B9   403 _PT0L	=	0x00b9
                           0000B8   404 _PX0L	=	0x00b8
                           0000C0   405 _P4_0	=	0x00c0
                           0000C1   406 _P4_1	=	0x00c1
                           0000C2   407 _P4_2	=	0x00c2
                           0000C3   408 _P4_3	=	0x00c3
                           0000C4   409 _P4_4	=	0x00c4
                           0000C5   410 _P4_5	=	0x00c5
                           0000C6   411 _P4_6	=	0x00c6
                           0000C7   412 _P4_7	=	0x00c7
                           0000E8   413 _P5_0	=	0x00e8
                           0000E9   414 _P5_1	=	0x00e9
                           0000EA   415 _P5_2	=	0x00ea
                           0000EB   416 _P5_3	=	0x00eb
                           0000EC   417 _P5_4	=	0x00ec
                           0000ED   418 _P5_5	=	0x00ed
                           0000EE   419 _P5_6	=	0x00ee
                           0000EF   420 _P5_7	=	0x00ef
                                    421 ;--------------------------------------------------------
                                    422 ; overlayable register banks
                                    423 ;--------------------------------------------------------
                                    424 	.area REG_BANK_0	(REL,OVR,DATA)
      000000                        425 	.ds 8
                                    426 ;--------------------------------------------------------
                                    427 ; internal ram data
                                    428 ;--------------------------------------------------------
                                    429 	.area DSEG    (DATA)
                                    430 ;--------------------------------------------------------
                                    431 ; overlayable items in internal ram
                                    432 ;--------------------------------------------------------
                                    433 ;--------------------------------------------------------
                                    434 ; indirectly addressable internal ram data
                                    435 ;--------------------------------------------------------
                                    436 	.area ISEG    (DATA)
                                    437 ;--------------------------------------------------------
                                    438 ; absolute internal ram data
                                    439 ;--------------------------------------------------------
                                    440 	.area IABS    (ABS,DATA)
                                    441 	.area IABS    (ABS,DATA)
                                    442 ;--------------------------------------------------------
                                    443 ; bit data
                                    444 ;--------------------------------------------------------
                                    445 	.area BSEG    (BIT)
                                    446 ;--------------------------------------------------------
                                    447 ; paged external ram data
                                    448 ;--------------------------------------------------------
                                    449 	.area PSEG    (PAG,XDATA)
                                    450 ;--------------------------------------------------------
                                    451 ; uninitialized external ram data
                                    452 ;--------------------------------------------------------
                                    453 	.area XSEG    (XDATA)
      000000                        454 _EncodeAsBcd_value_10000_16:
      000000                        455 	.ds 1
      000001                        456 _DecodeBcd_value_10000_18:
      000001                        457 	.ds 1
      000002                        458 _Rtc_ReadClock_dateTime_10000_20:
      000002                        459 	.ds 3
      000005                        460 _Rtc_ReadClock_buffer_10000_21:
      000005                        461 	.ds 9
      00000E                        462 _Rtc_WriteClock_dateTime_10000_25:
      00000E                        463 	.ds 3
      000011                        464 _Rtc_WriteClock_buffer_10000_26:
      000011                        465 	.ds 9
                                    466 ;--------------------------------------------------------
                                    467 ; absolute external ram data
                                    468 ;--------------------------------------------------------
                                    469 	.area XABS    (ABS,XDATA)
                                    470 ;--------------------------------------------------------
                                    471 ; initialized external ram data
                                    472 ;--------------------------------------------------------
                                    473 	.area XISEG   (XDATA)
                                    474 	.area HOME    (CODE)
                                    475 	.area GSINIT0 (CODE)
                                    476 	.area GSINIT1 (CODE)
                                    477 	.area GSINIT2 (CODE)
                                    478 	.area GSINIT3 (CODE)
                                    479 	.area GSINIT4 (CODE)
                                    480 	.area GSINIT5 (CODE)
                                    481 	.area GSINIT  (CODE)
                                    482 	.area GSFINAL (CODE)
                                    483 	.area CSEG    (CODE)
                                    484 ;--------------------------------------------------------
                                    485 ; global & static initialisations
                                    486 ;--------------------------------------------------------
                                    487 	.area HOME    (CODE)
                                    488 	.area GSINIT  (CODE)
                                    489 	.area GSFINAL (CODE)
                                    490 	.area GSINIT  (CODE)
                                    491 ;--------------------------------------------------------
                                    492 ; Home
                                    493 ;--------------------------------------------------------
                                    494 	.area HOME    (CODE)
                                    495 	.area HOME    (CODE)
                                    496 ;--------------------------------------------------------
                                    497 ; code
                                    498 ;--------------------------------------------------------
                                    499 	.area CSEG    (CODE)
                                    500 ;------------------------------------------------------------
                                    501 ;Allocation info for local variables in function 'EncodeAsBcd'
                                    502 ;------------------------------------------------------------
                                    503 ;value         Allocated with name '_EncodeAsBcd_value_10000_16'
                                    504 ;result        Allocated with name '_EncodeAsBcd_result_10000_17'
                                    505 ;------------------------------------------------------------
                                    506 ;	RTC1307.c:9: unsigned char EncodeAsBcd(unsigned char value)
                                    507 ;	-----------------------------------------
                                    508 ;	 function EncodeAsBcd
                                    509 ;	-----------------------------------------
      000000                        510 _EncodeAsBcd:
                           000007   511 	ar7 = 0x07
                           000006   512 	ar6 = 0x06
                           000005   513 	ar5 = 0x05
                           000004   514 	ar4 = 0x04
                           000003   515 	ar3 = 0x03
                           000002   516 	ar2 = 0x02
                           000001   517 	ar1 = 0x01
                           000000   518 	ar0 = 0x00
      000000 E5 82            [12]  519 	mov	a,dpl
      000002 90r00r00         [24]  520 	mov	dptr,#_EncodeAsBcd_value_10000_16
      000005 F0               [24]  521 	movx	@dptr,a
                                    522 ;	RTC1307.c:11: unsigned char result = ((value % 10) & 0xf);
      000006 E0               [24]  523 	movx	a,@dptr
      000007 FF               [12]  524 	mov	r7,a
      000008 75 F0 0A         [24]  525 	mov	b,#0x0a
      00000B 84               [48]  526 	div	ab
      00000C AE F0            [24]  527 	mov	r6,b
      00000E 53 06 0F         [24]  528 	anl	ar6,#0x0f
                                    529 ;	RTC1307.c:12: result |= ((value / 10) & 0xf) << 4;
      000011 75 F0 0A         [24]  530 	mov	b,#0x0a
      000014 EF               [12]  531 	mov	a,r7
      000015 84               [48]  532 	div	ab
      000016 54 0F            [12]  533 	anl	a,#0x0f
      000018 C4               [12]  534 	swap	a
      000019 54 F0            [12]  535 	anl	a,#0xf0
      00001B 42 06            [12]  536 	orl	ar6,a
                                    537 ;	RTC1307.c:13: return result;
      00001D 8E 82            [24]  538 	mov	dpl, r6
                                    539 ;	RTC1307.c:14: }
      00001F 22               [24]  540 	ret
                                    541 ;------------------------------------------------------------
                                    542 ;Allocation info for local variables in function 'DecodeBcd'
                                    543 ;------------------------------------------------------------
                                    544 ;value         Allocated with name '_DecodeBcd_value_10000_18'
                                    545 ;------------------------------------------------------------
                                    546 ;	RTC1307.c:16: unsigned char DecodeBcd(unsigned char value)
                                    547 ;	-----------------------------------------
                                    548 ;	 function DecodeBcd
                                    549 ;	-----------------------------------------
      000020                        550 _DecodeBcd:
      000020 E5 82            [12]  551 	mov	a,dpl
      000022 90r00r01         [24]  552 	mov	dptr,#_DecodeBcd_value_10000_18
      000025 F0               [24]  553 	movx	@dptr,a
                                    554 ;	RTC1307.c:18: return (10 * ((value & 0xf0) >> 4)) + (value & 0xf);
      000026 E0               [24]  555 	movx	a,@dptr
      000027 FF               [12]  556 	mov	r7,a
      000028 FD               [12]  557 	mov	r5,a
      000029 53 05 F0         [24]  558 	anl	ar5,#0xf0
      00002C E4               [12]  559 	clr	a
      00002D CD               [12]  560 	xch	a,r5
      00002E C4               [12]  561 	swap	a
      00002F 54 0F            [12]  562 	anl	a,#0x0f
      000031 6D               [12]  563 	xrl	a,r5
      000032 CD               [12]  564 	xch	a,r5
      000033 54 0F            [12]  565 	anl	a,#0x0f
      000035 CD               [12]  566 	xch	a,r5
      000036 6D               [12]  567 	xrl	a,r5
      000037 CD               [12]  568 	xch	a,r5
      000038 30 E3 02         [24]  569 	jnb	acc.3,00103$
      00003B 44 F0            [12]  570 	orl	a,#0xfffffff0
      00003D                        571 00103$:
      00003D ED               [12]  572 	mov	a,r5
      00003E 75 F0 0A         [24]  573 	mov	b,#0x0a
      000041 A4               [48]  574 	mul	ab
      000042 FD               [12]  575 	mov	r5,a
      000043 74 0F            [12]  576 	mov	a,#0x0f
      000045 5F               [12]  577 	anl	a,r7
      000046 2D               [12]  578 	add	a, r5
                                    579 ;	RTC1307.c:19: }
      000047 F5 82            [12]  580 	mov	dpl,a
      000049 22               [24]  581 	ret
                                    582 ;------------------------------------------------------------
                                    583 ;Allocation info for local variables in function 'Rtc_ReadClock'
                                    584 ;------------------------------------------------------------
                                    585 ;dateTime      Allocated with name '_Rtc_ReadClock_dateTime_10000_20'
                                    586 ;buffer        Allocated with name '_Rtc_ReadClock_buffer_10000_21'
                                    587 ;i             Allocated with name '_Rtc_ReadClock_i_10000_21'
                                    588 ;------------------------------------------------------------
                                    589 ;	RTC1307.c:21: unsigned char Rtc_ReadClock(DateTimeStruct *dateTime)
                                    590 ;	-----------------------------------------
                                    591 ;	 function Rtc_ReadClock
                                    592 ;	-----------------------------------------
      00004A                        593 _Rtc_ReadClock:
      00004A AF F0            [24]  594 	mov	r7,b
      00004C AE 83            [24]  595 	mov	r6,dph
      00004E E5 82            [12]  596 	mov	a,dpl
      000050 90r00r02         [24]  597 	mov	dptr,#_Rtc_ReadClock_dateTime_10000_20
      000053 F0               [24]  598 	movx	@dptr,a
      000054 EE               [12]  599 	mov	a,r6
      000055 A3               [24]  600 	inc	dptr
      000056 F0               [24]  601 	movx	@dptr,a
      000057 EF               [12]  602 	mov	a,r7
      000058 A3               [24]  603 	inc	dptr
      000059 F0               [24]  604 	movx	@dptr,a
                                    605 ;	RTC1307.c:25: for (i = 0; i < BUFFER_LEN; ++i)
      00005A 7F 00            [12]  606 	mov	r7,#0x00
      00005C                        607 00104$:
                                    608 ;	RTC1307.c:27: buffer[i] = 0;
      00005C EF               [12]  609 	mov	a,r7
      00005D 24r05            [12]  610 	add	a, #_Rtc_ReadClock_buffer_10000_21
      00005F F5 82            [12]  611 	mov	dpl,a
      000061 E4               [12]  612 	clr	a
      000062 34s00            [12]  613 	addc	a, #(_Rtc_ReadClock_buffer_10000_21 >> 8)
      000064 F5 83            [12]  614 	mov	dph,a
      000066 E4               [12]  615 	clr	a
      000067 F0               [24]  616 	movx	@dptr,a
                                    617 ;	RTC1307.c:25: for (i = 0; i < BUFFER_LEN; ++i)
      000068 0F               [12]  618 	inc	r7
      000069 BF 09 00         [24]  619 	cjne	r7,#0x09,00127$
      00006C                        620 00127$:
      00006C 40 EE            [24]  621 	jc	00104$
                                    622 ;	RTC1307.c:31: I2C_SendData(DS1307ADDRESS, buffer, 1);
      00006E 90r00r00         [24]  623 	mov	dptr,#_I2C_SendData_PARM_2
      000071 74r05            [12]  624 	mov	a,#_Rtc_ReadClock_buffer_10000_21
      000073 F0               [24]  625 	movx	@dptr,a
      000074 74s00            [12]  626 	mov	a,#(_Rtc_ReadClock_buffer_10000_21 >> 8)
      000076 A3               [24]  627 	inc	dptr
      000077 F0               [24]  628 	movx	@dptr,a
      000078 E4               [12]  629 	clr	a
      000079 A3               [24]  630 	inc	dptr
      00007A F0               [24]  631 	movx	@dptr,a
      00007B 90r00r00         [24]  632 	mov	dptr,#_I2C_SendData_PARM_3
      00007E 04               [12]  633 	inc	a
      00007F F0               [24]  634 	movx	@dptr,a
      000080 E4               [12]  635 	clr	a
      000081 A3               [24]  636 	inc	dptr
      000082 F0               [24]  637 	movx	@dptr,a
      000083 75 82 68         [24]  638 	mov	dpl, #0x68
      000086 12r00r00         [24]  639 	lcall	_I2C_SendData
                                    640 ;	RTC1307.c:33: if (!I2C_RecvData(DS1307ADDRESS, buffer, 7))
      000089 90r00r00         [24]  641 	mov	dptr,#_I2C_RecvData_PARM_2
      00008C 74r05            [12]  642 	mov	a,#_Rtc_ReadClock_buffer_10000_21
      00008E F0               [24]  643 	movx	@dptr,a
      00008F 74s00            [12]  644 	mov	a,#(_Rtc_ReadClock_buffer_10000_21 >> 8)
      000091 A3               [24]  645 	inc	dptr
      000092 F0               [24]  646 	movx	@dptr,a
      000093 E4               [12]  647 	clr	a
      000094 A3               [24]  648 	inc	dptr
      000095 F0               [24]  649 	movx	@dptr,a
      000096 90r00r00         [24]  650 	mov	dptr,#_I2C_RecvData_PARM_3
      000099 74 07            [12]  651 	mov	a,#0x07
      00009B F0               [24]  652 	movx	@dptr,a
      00009C E4               [12]  653 	clr	a
      00009D A3               [24]  654 	inc	dptr
      00009E F0               [24]  655 	movx	@dptr,a
      00009F 75 82 68         [24]  656 	mov	dpl, #0x68
      0000A2 12r00r00         [24]  657 	lcall	_I2C_RecvData
      0000A5 E5 82            [12]  658 	mov	a, dpl
                                    659 ;	RTC1307.c:35: return 0;
      0000A7 70 03            [24]  660 	jnz	00103$
      0000A9 F5 82            [12]  661 	mov	dpl,a
      0000AB 22               [24]  662 	ret
      0000AC                        663 00103$:
                                    664 ;	RTC1307.c:39: dateTime->seconds = DecodeBcd(buffer[0] & 0x7F);
      0000AC 90r00r02         [24]  665 	mov	dptr,#_Rtc_ReadClock_dateTime_10000_20
      0000AF E0               [24]  666 	movx	a,@dptr
      0000B0 FD               [12]  667 	mov	r5,a
      0000B1 A3               [24]  668 	inc	dptr
      0000B2 E0               [24]  669 	movx	a,@dptr
      0000B3 FE               [12]  670 	mov	r6,a
      0000B4 A3               [24]  671 	inc	dptr
      0000B5 E0               [24]  672 	movx	a,@dptr
      0000B6 FF               [12]  673 	mov	r7,a
      0000B7 8D 02            [24]  674 	mov	ar2,r5
      0000B9 8E 03            [24]  675 	mov	ar3,r6
      0000BB 8F 04            [24]  676 	mov	ar4,r7
      0000BD 90r00r05         [24]  677 	mov	dptr,#_Rtc_ReadClock_buffer_10000_21
      0000C0 E0               [24]  678 	movx	a,@dptr
      0000C1 F9               [12]  679 	mov	r1,a
      0000C2 53 01 7F         [24]  680 	anl	ar1,#0x7f
      0000C5 89 82            [24]  681 	mov	dpl, r1
      0000C7 C0 07            [24]  682 	push	ar7
      0000C9 C0 06            [24]  683 	push	ar6
      0000CB C0 05            [24]  684 	push	ar5
      0000CD C0 04            [24]  685 	push	ar4
      0000CF C0 03            [24]  686 	push	ar3
      0000D1 C0 02            [24]  687 	push	ar2
      0000D3 12r00r20         [24]  688 	lcall	_DecodeBcd
      0000D6 A9 82            [24]  689 	mov	r1, dpl
      0000D8 D0 02            [24]  690 	pop	ar2
      0000DA D0 03            [24]  691 	pop	ar3
      0000DC D0 04            [24]  692 	pop	ar4
      0000DE D0 05            [24]  693 	pop	ar5
      0000E0 D0 06            [24]  694 	pop	ar6
      0000E2 D0 07            [24]  695 	pop	ar7
      0000E4 8A 82            [24]  696 	mov	dpl,r2
      0000E6 8B 83            [24]  697 	mov	dph,r3
      0000E8 8C F0            [24]  698 	mov	b,r4
      0000EA E9               [12]  699 	mov	a,r1
      0000EB 12r00r00         [24]  700 	lcall	__gptrput
                                    701 ;	RTC1307.c:40: dateTime->minutes = DecodeBcd(buffer[1] & 0x7F);
      0000EE 74 01            [12]  702 	mov	a,#0x01
      0000F0 2D               [12]  703 	add	a, r5
      0000F1 FA               [12]  704 	mov	r2,a
      0000F2 E4               [12]  705 	clr	a
      0000F3 3E               [12]  706 	addc	a, r6
      0000F4 FB               [12]  707 	mov	r3,a
      0000F5 8F 04            [24]  708 	mov	ar4,r7
      0000F7 90r00r06         [24]  709 	mov	dptr,#(_Rtc_ReadClock_buffer_10000_21 + 0x0001)
      0000FA E0               [24]  710 	movx	a,@dptr
      0000FB F9               [12]  711 	mov	r1,a
      0000FC 53 01 7F         [24]  712 	anl	ar1,#0x7f
      0000FF 89 82            [24]  713 	mov	dpl, r1
      000101 C0 07            [24]  714 	push	ar7
      000103 C0 06            [24]  715 	push	ar6
      000105 C0 05            [24]  716 	push	ar5
      000107 C0 04            [24]  717 	push	ar4
      000109 C0 03            [24]  718 	push	ar3
      00010B C0 02            [24]  719 	push	ar2
      00010D 12r00r20         [24]  720 	lcall	_DecodeBcd
      000110 A9 82            [24]  721 	mov	r1, dpl
      000112 D0 02            [24]  722 	pop	ar2
      000114 D0 03            [24]  723 	pop	ar3
      000116 D0 04            [24]  724 	pop	ar4
      000118 D0 05            [24]  725 	pop	ar5
      00011A D0 06            [24]  726 	pop	ar6
      00011C D0 07            [24]  727 	pop	ar7
      00011E 8A 82            [24]  728 	mov	dpl,r2
      000120 8B 83            [24]  729 	mov	dph,r3
      000122 8C F0            [24]  730 	mov	b,r4
      000124 E9               [12]  731 	mov	a,r1
      000125 12r00r00         [24]  732 	lcall	__gptrput
                                    733 ;	RTC1307.c:41: dateTime->hours = DecodeBcd(buffer[2] & 0x3F);
      000128 74 02            [12]  734 	mov	a,#0x02
      00012A 2D               [12]  735 	add	a, r5
      00012B FA               [12]  736 	mov	r2,a
      00012C E4               [12]  737 	clr	a
      00012D 3E               [12]  738 	addc	a, r6
      00012E FB               [12]  739 	mov	r3,a
      00012F 8F 04            [24]  740 	mov	ar4,r7
      000131 90r00r07         [24]  741 	mov	dptr,#(_Rtc_ReadClock_buffer_10000_21 + 0x0002)
      000134 E0               [24]  742 	movx	a,@dptr
      000135 F9               [12]  743 	mov	r1,a
      000136 53 01 3F         [24]  744 	anl	ar1,#0x3f
      000139 89 82            [24]  745 	mov	dpl, r1
      00013B C0 07            [24]  746 	push	ar7
      00013D C0 06            [24]  747 	push	ar6
      00013F C0 05            [24]  748 	push	ar5
      000141 C0 04            [24]  749 	push	ar4
      000143 C0 03            [24]  750 	push	ar3
      000145 C0 02            [24]  751 	push	ar2
      000147 12r00r20         [24]  752 	lcall	_DecodeBcd
      00014A A9 82            [24]  753 	mov	r1, dpl
      00014C D0 02            [24]  754 	pop	ar2
      00014E D0 03            [24]  755 	pop	ar3
      000150 D0 04            [24]  756 	pop	ar4
      000152 D0 05            [24]  757 	pop	ar5
      000154 D0 06            [24]  758 	pop	ar6
      000156 D0 07            [24]  759 	pop	ar7
      000158 8A 82            [24]  760 	mov	dpl,r2
      00015A 8B 83            [24]  761 	mov	dph,r3
      00015C 8C F0            [24]  762 	mov	b,r4
      00015E E9               [12]  763 	mov	a,r1
      00015F 12r00r00         [24]  764 	lcall	__gptrput
                                    765 ;	RTC1307.c:42: dateTime->dayOfWeek = DecodeBcd(buffer[3] & 0x7);
      000162 74 03            [12]  766 	mov	a,#0x03
      000164 2D               [12]  767 	add	a, r5
      000165 FA               [12]  768 	mov	r2,a
      000166 E4               [12]  769 	clr	a
      000167 3E               [12]  770 	addc	a, r6
      000168 FB               [12]  771 	mov	r3,a
      000169 8F 04            [24]  772 	mov	ar4,r7
      00016B 90r00r08         [24]  773 	mov	dptr,#(_Rtc_ReadClock_buffer_10000_21 + 0x0003)
      00016E E0               [24]  774 	movx	a,@dptr
      00016F F9               [12]  775 	mov	r1,a
      000170 53 01 07         [24]  776 	anl	ar1,#0x07
      000173 89 82            [24]  777 	mov	dpl, r1
      000175 C0 07            [24]  778 	push	ar7
      000177 C0 06            [24]  779 	push	ar6
      000179 C0 05            [24]  780 	push	ar5
      00017B C0 04            [24]  781 	push	ar4
      00017D C0 03            [24]  782 	push	ar3
      00017F C0 02            [24]  783 	push	ar2
      000181 12r00r20         [24]  784 	lcall	_DecodeBcd
      000184 A9 82            [24]  785 	mov	r1, dpl
      000186 D0 02            [24]  786 	pop	ar2
      000188 D0 03            [24]  787 	pop	ar3
      00018A D0 04            [24]  788 	pop	ar4
      00018C D0 05            [24]  789 	pop	ar5
      00018E D0 06            [24]  790 	pop	ar6
      000190 D0 07            [24]  791 	pop	ar7
      000192 8A 82            [24]  792 	mov	dpl,r2
      000194 8B 83            [24]  793 	mov	dph,r3
      000196 8C F0            [24]  794 	mov	b,r4
      000198 E9               [12]  795 	mov	a,r1
      000199 12r00r00         [24]  796 	lcall	__gptrput
                                    797 ;	RTC1307.c:43: dateTime->day = DecodeBcd(buffer[4] & 0x3F);
      00019C 74 04            [12]  798 	mov	a,#0x04
      00019E 2D               [12]  799 	add	a, r5
      00019F FA               [12]  800 	mov	r2,a
      0001A0 E4               [12]  801 	clr	a
      0001A1 3E               [12]  802 	addc	a, r6
      0001A2 FB               [12]  803 	mov	r3,a
      0001A3 8F 04            [24]  804 	mov	ar4,r7
      0001A5 90r00r09         [24]  805 	mov	dptr,#(_Rtc_ReadClock_buffer_10000_21 + 0x0004)
      0001A8 E0               [24]  806 	movx	a,@dptr
      0001A9 F9               [12]  807 	mov	r1,a
      0001AA 53 01 3F         [24]  808 	anl	ar1,#0x3f
      0001AD 89 82            [24]  809 	mov	dpl, r1
      0001AF C0 07            [24]  810 	push	ar7
      0001B1 C0 06            [24]  811 	push	ar6
      0001B3 C0 05            [24]  812 	push	ar5
      0001B5 C0 04            [24]  813 	push	ar4
      0001B7 C0 03            [24]  814 	push	ar3
      0001B9 C0 02            [24]  815 	push	ar2
      0001BB 12r00r20         [24]  816 	lcall	_DecodeBcd
      0001BE A9 82            [24]  817 	mov	r1, dpl
      0001C0 D0 02            [24]  818 	pop	ar2
      0001C2 D0 03            [24]  819 	pop	ar3
      0001C4 D0 04            [24]  820 	pop	ar4
      0001C6 D0 05            [24]  821 	pop	ar5
      0001C8 D0 06            [24]  822 	pop	ar6
      0001CA D0 07            [24]  823 	pop	ar7
      0001CC 8A 82            [24]  824 	mov	dpl,r2
      0001CE 8B 83            [24]  825 	mov	dph,r3
      0001D0 8C F0            [24]  826 	mov	b,r4
      0001D2 E9               [12]  827 	mov	a,r1
      0001D3 12r00r00         [24]  828 	lcall	__gptrput
                                    829 ;	RTC1307.c:44: dateTime->month = DecodeBcd(buffer[5] & 0x1F);
      0001D6 74 05            [12]  830 	mov	a,#0x05
      0001D8 2D               [12]  831 	add	a, r5
      0001D9 FA               [12]  832 	mov	r2,a
      0001DA E4               [12]  833 	clr	a
      0001DB 3E               [12]  834 	addc	a, r6
      0001DC FB               [12]  835 	mov	r3,a
      0001DD 8F 04            [24]  836 	mov	ar4,r7
      0001DF 90r00r0A         [24]  837 	mov	dptr,#(_Rtc_ReadClock_buffer_10000_21 + 0x0005)
      0001E2 E0               [24]  838 	movx	a,@dptr
      0001E3 F9               [12]  839 	mov	r1,a
      0001E4 53 01 1F         [24]  840 	anl	ar1,#0x1f
      0001E7 89 82            [24]  841 	mov	dpl, r1
      0001E9 C0 07            [24]  842 	push	ar7
      0001EB C0 06            [24]  843 	push	ar6
      0001ED C0 05            [24]  844 	push	ar5
      0001EF C0 04            [24]  845 	push	ar4
      0001F1 C0 03            [24]  846 	push	ar3
      0001F3 C0 02            [24]  847 	push	ar2
      0001F5 12r00r20         [24]  848 	lcall	_DecodeBcd
      0001F8 A9 82            [24]  849 	mov	r1, dpl
      0001FA D0 02            [24]  850 	pop	ar2
      0001FC D0 03            [24]  851 	pop	ar3
      0001FE D0 04            [24]  852 	pop	ar4
      000200 D0 05            [24]  853 	pop	ar5
      000202 D0 06            [24]  854 	pop	ar6
      000204 8A 82            [24]  855 	mov	dpl,r2
      000206 8B 83            [24]  856 	mov	dph,r3
      000208 8C F0            [24]  857 	mov	b,r4
      00020A E9               [12]  858 	mov	a,r1
      00020B 12r00r00         [24]  859 	lcall	__gptrput
                                    860 ;	RTC1307.c:45: dateTime->year = DecodeBcd(buffer[6]);
      00020E 74 06            [12]  861 	mov	a,#0x06
      000210 2D               [12]  862 	add	a, r5
      000211 FD               [12]  863 	mov	r5,a
      000212 E4               [12]  864 	clr	a
      000213 3E               [12]  865 	addc	a, r6
      000214 FE               [12]  866 	mov	r6,a
      000215 90r00r0B         [24]  867 	mov	dptr,#(_Rtc_ReadClock_buffer_10000_21 + 0x0006)
      000218 E0               [24]  868 	movx	a,@dptr
      000219 F5 82            [12]  869 	mov	dpl,a
      00021B C0 06            [24]  870 	push	ar6
      00021D C0 05            [24]  871 	push	ar5
      00021F 12r00r20         [24]  872 	lcall	_DecodeBcd
      000222 AC 82            [24]  873 	mov	r4, dpl
      000224 D0 05            [24]  874 	pop	ar5
      000226 D0 06            [24]  875 	pop	ar6
      000228 D0 07            [24]  876 	pop	ar7
      00022A 8D 82            [24]  877 	mov	dpl,r5
      00022C 8E 83            [24]  878 	mov	dph,r6
      00022E 8F F0            [24]  879 	mov	b,r7
      000230 EC               [12]  880 	mov	a,r4
      000231 12r00r00         [24]  881 	lcall	__gptrput
                                    882 ;	RTC1307.c:47: return 1;
      000234 75 82 01         [24]  883 	mov	dpl, #0x01
                                    884 ;	RTC1307.c:48: }
      000237 22               [24]  885 	ret
                                    886 ;------------------------------------------------------------
                                    887 ;Allocation info for local variables in function 'Rtc_WriteClock'
                                    888 ;------------------------------------------------------------
                                    889 ;dateTime      Allocated with name '_Rtc_WriteClock_dateTime_10000_25'
                                    890 ;buffer        Allocated with name '_Rtc_WriteClock_buffer_10000_26'
                                    891 ;------------------------------------------------------------
                                    892 ;	RTC1307.c:51: unsigned char Rtc_WriteClock(DateTimeStruct *dateTime)
                                    893 ;	-----------------------------------------
                                    894 ;	 function Rtc_WriteClock
                                    895 ;	-----------------------------------------
      000238                        896 _Rtc_WriteClock:
      000238 AF F0            [24]  897 	mov	r7,b
      00023A AE 83            [24]  898 	mov	r6,dph
      00023C E5 82            [12]  899 	mov	a,dpl
      00023E 90r00r0E         [24]  900 	mov	dptr,#_Rtc_WriteClock_dateTime_10000_25
      000241 F0               [24]  901 	movx	@dptr,a
      000242 EE               [12]  902 	mov	a,r6
      000243 A3               [24]  903 	inc	dptr
      000244 F0               [24]  904 	movx	@dptr,a
      000245 EF               [12]  905 	mov	a,r7
      000246 A3               [24]  906 	inc	dptr
      000247 F0               [24]  907 	movx	@dptr,a
                                    908 ;	RTC1307.c:55: buffer[0] = 0;
      000248 90r00r11         [24]  909 	mov	dptr,#_Rtc_WriteClock_buffer_10000_26
      00024B E4               [12]  910 	clr	a
      00024C F0               [24]  911 	movx	@dptr,a
                                    912 ;	RTC1307.c:56: buffer[1] = EncodeAsBcd(dateTime->seconds) & 0x7F; // Also clear CH
      00024D 90r00r0E         [24]  913 	mov	dptr,#_Rtc_WriteClock_dateTime_10000_25
      000250 E0               [24]  914 	movx	a,@dptr
      000251 FD               [12]  915 	mov	r5,a
      000252 A3               [24]  916 	inc	dptr
      000253 E0               [24]  917 	movx	a,@dptr
      000254 FE               [12]  918 	mov	r6,a
      000255 A3               [24]  919 	inc	dptr
      000256 E0               [24]  920 	movx	a,@dptr
      000257 FF               [12]  921 	mov	r7,a
      000258 8D 02            [24]  922 	mov	ar2,r5
      00025A 8E 03            [24]  923 	mov	ar3,r6
      00025C 8F 04            [24]  924 	mov	ar4,r7
      00025E 8A 82            [24]  925 	mov	dpl,r2
      000260 8B 83            [24]  926 	mov	dph,r3
      000262 8C F0            [24]  927 	mov	b,r4
      000264 12r00r00         [24]  928 	lcall	__gptrget
      000267 F5 82            [12]  929 	mov	dpl,a
      000269 C0 07            [24]  930 	push	ar7
      00026B C0 06            [24]  931 	push	ar6
      00026D C0 05            [24]  932 	push	ar5
      00026F 12r00r00         [24]  933 	lcall	_EncodeAsBcd
      000272 E5 82            [12]  934 	mov	a, dpl
      000274 D0 05            [24]  935 	pop	ar5
      000276 D0 06            [24]  936 	pop	ar6
      000278 D0 07            [24]  937 	pop	ar7
      00027A 54 7F            [12]  938 	anl	a,#0x7f
      00027C 90r00r12         [24]  939 	mov	dptr,#(_Rtc_WriteClock_buffer_10000_26 + 0x0001)
      00027F F0               [24]  940 	movx	@dptr,a
                                    941 ;	RTC1307.c:57: buffer[2] = EncodeAsBcd(dateTime->minutes) & 0x7F;
      000280 74 01            [12]  942 	mov	a,#0x01
      000282 2D               [12]  943 	add	a, r5
      000283 FA               [12]  944 	mov	r2,a
      000284 E4               [12]  945 	clr	a
      000285 3E               [12]  946 	addc	a, r6
      000286 FB               [12]  947 	mov	r3,a
      000287 8F 04            [24]  948 	mov	ar4,r7
      000289 8A 82            [24]  949 	mov	dpl,r2
      00028B 8B 83            [24]  950 	mov	dph,r3
      00028D 8C F0            [24]  951 	mov	b,r4
      00028F 12r00r00         [24]  952 	lcall	__gptrget
      000292 F5 82            [12]  953 	mov	dpl,a
      000294 C0 07            [24]  954 	push	ar7
      000296 C0 06            [24]  955 	push	ar6
      000298 C0 05            [24]  956 	push	ar5
      00029A 12r00r00         [24]  957 	lcall	_EncodeAsBcd
      00029D E5 82            [12]  958 	mov	a, dpl
      00029F D0 05            [24]  959 	pop	ar5
      0002A1 D0 06            [24]  960 	pop	ar6
      0002A3 D0 07            [24]  961 	pop	ar7
      0002A5 54 7F            [12]  962 	anl	a,#0x7f
      0002A7 90r00r13         [24]  963 	mov	dptr,#(_Rtc_WriteClock_buffer_10000_26 + 0x0002)
      0002AA F0               [24]  964 	movx	@dptr,a
                                    965 ;	RTC1307.c:58: buffer[3] = (EncodeAsBcd(dateTime->hours) & 0x7F) | 0x80; // 24 hour
      0002AB 74 02            [12]  966 	mov	a,#0x02
      0002AD 2D               [12]  967 	add	a, r5
      0002AE FA               [12]  968 	mov	r2,a
      0002AF E4               [12]  969 	clr	a
      0002B0 3E               [12]  970 	addc	a, r6
      0002B1 FB               [12]  971 	mov	r3,a
      0002B2 8F 04            [24]  972 	mov	ar4,r7
      0002B4 8A 82            [24]  973 	mov	dpl,r2
      0002B6 8B 83            [24]  974 	mov	dph,r3
      0002B8 8C F0            [24]  975 	mov	b,r4
      0002BA 12r00r00         [24]  976 	lcall	__gptrget
      0002BD F5 82            [12]  977 	mov	dpl,a
      0002BF C0 07            [24]  978 	push	ar7
      0002C1 C0 06            [24]  979 	push	ar6
      0002C3 C0 05            [24]  980 	push	ar5
      0002C5 12r00r00         [24]  981 	lcall	_EncodeAsBcd
      0002C8 E5 82            [12]  982 	mov	a, dpl
      0002CA D0 05            [24]  983 	pop	ar5
      0002CC D0 06            [24]  984 	pop	ar6
      0002CE D0 07            [24]  985 	pop	ar7
      0002D0 54 7F            [12]  986 	anl	a,#0x7f
      0002D2 44 80            [12]  987 	orl	a,#0x80
      0002D4 90r00r14         [24]  988 	mov	dptr,#(_Rtc_WriteClock_buffer_10000_26 + 0x0003)
      0002D7 F0               [24]  989 	movx	@dptr,a
                                    990 ;	RTC1307.c:59: buffer[4] = EncodeAsBcd(dateTime->dayOfWeek) & 0x7;
      0002D8 74 03            [12]  991 	mov	a,#0x03
      0002DA 2D               [12]  992 	add	a, r5
      0002DB FA               [12]  993 	mov	r2,a
      0002DC E4               [12]  994 	clr	a
      0002DD 3E               [12]  995 	addc	a, r6
      0002DE FB               [12]  996 	mov	r3,a
      0002DF 8F 04            [24]  997 	mov	ar4,r7
      0002E1 8A 82            [24]  998 	mov	dpl,r2
      0002E3 8B 83            [24]  999 	mov	dph,r3
      0002E5 8C F0            [24] 1000 	mov	b,r4
      0002E7 12r00r00         [24] 1001 	lcall	__gptrget
      0002EA F5 82            [12] 1002 	mov	dpl,a
      0002EC C0 07            [24] 1003 	push	ar7
      0002EE C0 06            [24] 1004 	push	ar6
      0002F0 C0 05            [24] 1005 	push	ar5
      0002F2 12r00r00         [24] 1006 	lcall	_EncodeAsBcd
      0002F5 E5 82            [12] 1007 	mov	a, dpl
      0002F7 D0 05            [24] 1008 	pop	ar5
      0002F9 D0 06            [24] 1009 	pop	ar6
      0002FB D0 07            [24] 1010 	pop	ar7
      0002FD 54 07            [12] 1011 	anl	a,#0x07
      0002FF 90r00r15         [24] 1012 	mov	dptr,#(_Rtc_WriteClock_buffer_10000_26 + 0x0004)
      000302 F0               [24] 1013 	movx	@dptr,a
                                   1014 ;	RTC1307.c:60: buffer[5] = EncodeAsBcd(dateTime->day) & 0x3F;
      000303 74 04            [12] 1015 	mov	a,#0x04
      000305 2D               [12] 1016 	add	a, r5
      000306 FA               [12] 1017 	mov	r2,a
      000307 E4               [12] 1018 	clr	a
      000308 3E               [12] 1019 	addc	a, r6
      000309 FB               [12] 1020 	mov	r3,a
      00030A 8F 04            [24] 1021 	mov	ar4,r7
      00030C 8A 82            [24] 1022 	mov	dpl,r2
      00030E 8B 83            [24] 1023 	mov	dph,r3
      000310 8C F0            [24] 1024 	mov	b,r4
      000312 12r00r00         [24] 1025 	lcall	__gptrget
      000315 F5 82            [12] 1026 	mov	dpl,a
      000317 C0 07            [24] 1027 	push	ar7
      000319 C0 06            [24] 1028 	push	ar6
      00031B C0 05            [24] 1029 	push	ar5
      00031D 12r00r00         [24] 1030 	lcall	_EncodeAsBcd
      000320 E5 82            [12] 1031 	mov	a, dpl
      000322 D0 05            [24] 1032 	pop	ar5
      000324 D0 06            [24] 1033 	pop	ar6
      000326 D0 07            [24] 1034 	pop	ar7
      000328 54 3F            [12] 1035 	anl	a,#0x3f
      00032A 90r00r16         [24] 1036 	mov	dptr,#(_Rtc_WriteClock_buffer_10000_26 + 0x0005)
      00032D F0               [24] 1037 	movx	@dptr,a
                                   1038 ;	RTC1307.c:61: buffer[6] = EncodeAsBcd(dateTime->month) & 0x1F;
      00032E 74 05            [12] 1039 	mov	a,#0x05
      000330 2D               [12] 1040 	add	a, r5
      000331 FA               [12] 1041 	mov	r2,a
      000332 E4               [12] 1042 	clr	a
      000333 3E               [12] 1043 	addc	a, r6
      000334 FB               [12] 1044 	mov	r3,a
      000335 8F 04            [24] 1045 	mov	ar4,r7
      000337 8A 82            [24] 1046 	mov	dpl,r2
      000339 8B 83            [24] 1047 	mov	dph,r3
      00033B 8C F0            [24] 1048 	mov	b,r4
      00033D 12r00r00         [24] 1049 	lcall	__gptrget
      000340 F5 82            [12] 1050 	mov	dpl,a
      000342 C0 07            [24] 1051 	push	ar7
      000344 C0 06            [24] 1052 	push	ar6
      000346 C0 05            [24] 1053 	push	ar5
      000348 12r00r00         [24] 1054 	lcall	_EncodeAsBcd
      00034B E5 82            [12] 1055 	mov	a, dpl
      00034D D0 05            [24] 1056 	pop	ar5
      00034F D0 06            [24] 1057 	pop	ar6
      000351 D0 07            [24] 1058 	pop	ar7
      000353 54 1F            [12] 1059 	anl	a,#0x1f
      000355 90r00r17         [24] 1060 	mov	dptr,#(_Rtc_WriteClock_buffer_10000_26 + 0x0006)
      000358 F0               [24] 1061 	movx	@dptr,a
                                   1062 ;	RTC1307.c:62: buffer[7] = EncodeAsBcd(dateTime->year);
      000359 74 06            [12] 1063 	mov	a,#0x06
      00035B 2D               [12] 1064 	add	a, r5
      00035C FD               [12] 1065 	mov	r5,a
      00035D E4               [12] 1066 	clr	a
      00035E 3E               [12] 1067 	addc	a, r6
      00035F FE               [12] 1068 	mov	r6,a
      000360 8D 82            [24] 1069 	mov	dpl,r5
      000362 8E 83            [24] 1070 	mov	dph,r6
      000364 8F F0            [24] 1071 	mov	b,r7
      000366 12r00r00         [24] 1072 	lcall	__gptrget
      000369 F5 82            [12] 1073 	mov	dpl,a
      00036B 12r00r00         [24] 1074 	lcall	_EncodeAsBcd
      00036E AF 82            [24] 1075 	mov	r7, dpl
      000370 90r00r18         [24] 1076 	mov	dptr,#(_Rtc_WriteClock_buffer_10000_26 + 0x0007)
      000373 EF               [12] 1077 	mov	a,r7
      000374 F0               [24] 1078 	movx	@dptr,a
                                   1079 ;	RTC1307.c:65: return I2C_SendData(DS1307ADDRESS, buffer, 8);
      000375 90r00r00         [24] 1080 	mov	dptr,#_I2C_SendData_PARM_2
      000378 74r11            [12] 1081 	mov	a,#_Rtc_WriteClock_buffer_10000_26
      00037A F0               [24] 1082 	movx	@dptr,a
      00037B 74s00            [12] 1083 	mov	a,#(_Rtc_WriteClock_buffer_10000_26 >> 8)
      00037D A3               [24] 1084 	inc	dptr
      00037E F0               [24] 1085 	movx	@dptr,a
      00037F E4               [12] 1086 	clr	a
      000380 A3               [24] 1087 	inc	dptr
      000381 F0               [24] 1088 	movx	@dptr,a
      000382 90r00r00         [24] 1089 	mov	dptr,#_I2C_SendData_PARM_3
      000385 74 08            [12] 1090 	mov	a,#0x08
      000387 F0               [24] 1091 	movx	@dptr,a
      000388 E4               [12] 1092 	clr	a
      000389 A3               [24] 1093 	inc	dptr
      00038A F0               [24] 1094 	movx	@dptr,a
      00038B 75 82 68         [24] 1095 	mov	dpl, #0x68
                                   1096 ;	RTC1307.c:66: }
      00038E 02r00r00         [24] 1097 	ljmp	_I2C_SendData
                                   1098 ;------------------------------------------------------------
                                   1099 ;Allocation info for local variables in function 'Rtc_Initialise'
                                   1100 ;------------------------------------------------------------
                                   1101 ;	RTC1307.c:69: void Rtc_Initialise()
                                   1102 ;	-----------------------------------------
                                   1103 ;	 function Rtc_Initialise
                                   1104 ;	-----------------------------------------
      000391                       1105 _Rtc_Initialise:
                                   1106 ;	RTC1307.c:71: I2C_Initialise();
                                   1107 ;	RTC1307.c:72: }
      000391 02r00r00         [24] 1108 	ljmp	_I2C_Initialise
                                   1109 	.area CSEG    (CODE)
                                   1110 	.area CONST   (CODE)
                                   1111 	.area XINIT   (CODE)
                                   1112 	.area CABS    (ABS,CODE)
