ASxxxx Linker V02.00 + NoICE + sdld,  page 1.
Hexadecimal

Area                               Addr   Size   Decimal Bytes (Attributes)
--------------------------------   ----   ----   ------- ----- ------------
CABS                               0000   0000 =      0. bytes (ABS,CON,CODE)

      Value  Global                              Global Defined In Module
      -----  ---------------------------------   ------------------------
       0C:  0000  l_BIT_BANK                       
       0C:  0000  l_CABS                           
       0C:  0000  l_GSINIT                         
       0C:  0000  l_GSINIT1                        
       0C:  0000  l_GSINIT5                        
       0C:  0000  l_IABS                           
       0C:  0000  l_ISEG                           
       0C:  0000  l_PSEG                           
       0C:  0000  l_REG_BANK_1                     
       0C:  0000  l_REG_BANK_2                     
       0C:  0000  l_REG_BANK_3                     
       0C:  0000  l_RSEG                           
       0C:  0000  l_RSEG0                          
       0C:  0000  l_RSEG1                          
       0C:  0000  l_XABS                           
       0C:  0000  l__CODE                          
       0C:  0000  s_BSEG                           
       0C:  0000  s_CABS                           
       0C:  0000  s_DSEG                           
       0C:  0000  s_HOME                           
       0C:  0000  s_IABS                           
       0C:  0000  s_ISEG                           
       0C:  0000  s_PSEG                           
       0C:  0000  s_REG_BANK_0                     
       0C:  0000  s_RSEG                           
       0C:  0000  s_RSEG0                          
       0C:  0000  s_RSEG1                          
       0C:  0000  s_XABS                           
       0C:  0000  s_XSEG                           
       0C:  0001  l_BSEG                           
       0C:  0001  l_BSEG_BYTES                     
       0C:  0003  l_GSFINAL                        
       0C:  0003  l_GSINIT0                        
       0C:  0006  l_OSEG                           
       0C:  0008  l_HOME                           
       0C:  0008  l_REG_BANK_0                     
       0C:  0008  s_GSINIT0                        
       0C:  0008  s_REG_BANK_1                     
       0C:  000A  l_GSINIT2                        
       0C:  000B  s_GSINIT1                        
       0C:  000B  s_GSINIT2                        
       0C:  0010  s_REG_BANK_2                     
       0C:  0011  s_OSEG                           
       0C:  0015  s_GSINIT3                        
       0C:  0018  s_BIT_BANK                       
       0C:  0018  s_REG_BANK_3                     
       0C:  0020  s_BSEG_BYTES                     
       0C:  0020  s__CODE                          
       0C:  0022  l_GSINIT3                        
       0C:  002A  l_GSINIT4                        
ASxxxx Linker V02.00 + NoICE + sdld,  page 2.
Hexadecimal

Area                               Addr   Size   Decimal Bytes (Attributes)
--------------------------------   ----   ----   ------- ----- ------------
CABS                               0000   0000 =      0. bytes (ABS,CON,CODE)

      Value  Global                              Global Defined In Module
      -----  ---------------------------------   ------------------------
       0C:  0037  s_GSINIT4                        
       0C:  003E  s_SSEG                           
       0C:  0042  l_SSEG                           
       0C:  0061  s_GSFINAL                        
       0C:  0061  s_GSINIT                         
       0C:  0061  s_GSINIT5                        
       0C:  0064  s_CSEG                           
       0C:  0077  l_DSEG                           
       0C:  0080  l_IRAM                           
       0C:  00FE  l_CONST                          
       0C:  0123  l_XINIT                          
       0C:  0123  l_XISEG                          
       0C:  0278  l_XSEG                           
       0C:  0278  s_XISEG                          
       0C:  32C2  l_CSEG                           
       0C:  3326  s_CONST                          
       0C:  3424  s_XINIT                          

ASxxxx Linker V02.00 + NoICE + sdld,  page 3.
Hexadecimal

Area                               Addr   Size   Decimal Bytes (Attributes)
--------------------------------   ----   ----   ------- ----- ------------
XABS                               0000   0000 =      0. bytes (ABS,CON,XDATA)

      Value  Global                              Global Defined In Module
      -----  ---------------------------------   ------------------------
ASxxxx Linker V02.00 + NoICE + sdld,  page 4.
Hexadecimal

Area                               Addr   Size   Decimal Bytes (Attributes)
--------------------------------   ----   ----   ------- ----- ------------
IABS                               0000   0000 =      0. bytes (ABS,CON)

      Value  Global                              Global Defined In Module
      -----  ---------------------------------   ------------------------
ASxxxx Linker V02.00 + NoICE + sdld,  page 5.
Hexadecimal

Area                               Addr   Size   Decimal Bytes (Attributes)
--------------------------------   ----   ----   ------- ----- ------------
RSEG1                              0000   0000 =      0. bytes (ABS,CON)

      Value  Global                              Global Defined In Module
      -----  ---------------------------------   ------------------------
ASxxxx Linker V02.00 + NoICE + sdld,  page 6.
Hexadecimal

Area                               Addr   Size   Decimal Bytes (Attributes)
--------------------------------   ----   ----   ------- ----- ------------
RSEG0                              0000   0000 =      0. bytes (ABS,CON)

      Value  Global                              Global Defined In Module
      -----  ---------------------------------   ------------------------
ASxxxx Linker V02.00 + NoICE + sdld,  page 7.
Hexadecimal

Area                               Addr   Size   Decimal Bytes (Attributes)
--------------------------------   ----   ----   ------- ----- ------------
RSEG                               0000   0000 =      0. bytes (ABS,CON)

      Value  Global                              Global Defined In Module
      -----  ---------------------------------   ------------------------
ASxxxx Linker V02.00 + NoICE + sdld,  page 8.
Hexadecimal

Area                               Addr   Size   Decimal Bytes (Attributes)
--------------------------------   ----   ----   ------- ----- ------------
.	.ABS.                            0000   0000 =      0. bytes (ABS,CON)

      Value  Global                              Global Defined In Module
      -----  ---------------------------------   ------------------------
            0000  .__.ABS.                         
            0080  _P0                              
            0080  _P0_0                            
            0081  _P0_1                            
            0081  _SP                              
            0082  _DPL                             
            0082  _P0_2                            
            0083  _DPH                             
            0083  _P0_3                            
            0084  _P0_4                            
            0085  _P0_5                            
            0086  _P0_6                            
            0087  _P0_7                            
            0087  _PCON                            
            0088  _IT0                             
            0088  _TCON                            
            0089  _IE0                             
            0089  _TMOD                            
            008A  _IT1                             
            008A  _TL0                             
            008B  _IE1                             
            008B  _TL1                             
            008C  _TH0                             
            008C  _TR0                             
            008D  _TF0                             
            008D  _TH1                             
            008E  _AUXR                            
            008E  _TR1                             
            008F  _CKCON0                          
            008F  _TF1                             
            0090  _P1                              
            0090  _P1_0                            
            0091  _P1_1                            
            0092  _P1_2                            
            0093  _P1_3                            
            0094  _P1_4                            
            0095  _P1_5                            
            0096  _P1_6                            
            0097  _CKRL                            
            0097  _P1_7                            
            0098  _RI                              
            0098  _SCON                            
            0099  _SBUF                            
            0099  _TI                              
            009A  _BRL                             
            009A  _RB8                             
            009B  _BDRCON                          
            009B  _TB8                             
            009C  _KBLS                            
            009C  _REN                             
ASxxxx Linker V02.00 + NoICE + sdld,  page 9.
Hexadecimal

Area                               Addr   Size   Decimal Bytes (Attributes)
--------------------------------   ----   ----   ------- ----- ------------
.	.ABS.                            0000   0000 =      0. bytes (ABS,CON)

      Value  Global                              Global Defined In Module
      -----  ---------------------------------   ------------------------
            009D  _KBE                             
            009D  _SM2                             
            009E  _KBF                             
            009E  _SM1                             
            009F  _SM0                             
            00A0  _P2                              
            00A0  _P2_0                            
            00A0  __XPAGE                          
            00A1  _P2_1                            
            00A2  _AUXR1                           
            00A2  _P2_2                            
            00A3  _P2_3                            
            00A4  _P2_4                            
            00A5  _P2_5                            
            00A6  _P2_6                            
            00A6  _WDTRST                          
            00A7  _P2_7                            
            00A7  _WDTPRG                          
            00A8  _EX0                             
            00A8  _IE                              
            00A8  _IEN0                            
            00A9  _ET0                             
            00A9  _SADDR                           
            00AA  _EX1                             
            00AB  _ET1                             
            00AC  _ES                              
            00AD  _ET2                             
            00AE  _EC                              
            00AF  _CKCON1                          
            00AF  _EA                              
            00B0  _P3                              
            00B0  _P3_0                            
            00B0  _RXD                             
            00B1  _IEN1                            
            00B1  _P3_1                            
            00B1  _TXD                             
            00B2  _INT0                            
            00B2  _IPL1                            
            00B2  _P3_2                            
            00B3  _INT1                            
            00B3  _IPH1                            
            00B3  _P3_3                            
            00B4  _P3_4                            
            00B4  _T0                              
            00B5  _P3_5                            
            00B5  _T1                              
            00B6  _P3_6                            
            00B6  _WR                              
            00B7  _IPH0                            
            00B7  _P3_7                            
            00B7  _RD                              
ASxxxx Linker V02.00 + NoICE + sdld,  page 10.
Hexadecimal

Area                               Addr   Size   Decimal Bytes (Attributes)
--------------------------------   ----   ----   ------- ----- ------------
.	.ABS.                            0000   0000 =      0. bytes (ABS,CON)

      Value  Global                              Global Defined In Module
      -----  ---------------------------------   ------------------------
            00B8  _IP                              
            00B8  _IPL0                            
            00B8  _PX0                             
            00B8  _PX0L                            
            00B9  _PT0                             
            00B9  _PT0L                            
            00B9  _SADEN                           
            00BA  _PX1                             
            00BA  _PX1L                            
            00BB  _PT1                             
            00BB  _PT1L                            
            00BC  _PLS                             
            00BC  _PS                              
            00BD  _PT2                             
            00BD  _PT2L                            
            00BE  _PPCL                            
            00C0  _P4                              
            00C0  _P4_0                            
            00C1  _P4_1                            
            00C2  _P4_2                            
            00C3  _P4_3                            
            00C3  _SPCON                           
            00C4  _P4_4                            
            00C4  _SPSTA                           
            00C5  _P4_5                            
            00C5  _SPDAT                           
            00C6  _P4_6                            
            00C7  _P4_7                            
            00C8  _CP_RL2                          
            00C8  _T2CON                           
            00C8  _T2CON_0                         
            00C9  _C_T2                            
            00C9  _T2CON_1                         
            00C9  _T2MOD                           
            00CA  _RCAP2L                          
            00CA  _T2CON_2                         
            00CA  _TR2                             
            00CB  _EXEN2                           
            00CB  _RCAP2H                          
            00CB  _T2CON_3                         
            00CC  _T2CON_4                         
            00CC  _TCLK                            
            00CC  _TL2                             
            00CD  _RCLK                            
            00CD  _T2CON_5                         
            00CD  _TH2                             
            00CE  _EXF2                            
            00CE  _T2CON_6                         
            00CF  _T2CON_7                         
            00CF  _TF2                             
            00D0  _P                               
ASxxxx Linker V02.00 + NoICE + sdld,  page 11.
Hexadecimal

Area                               Addr   Size   Decimal Bytes (Attributes)
--------------------------------   ----   ----   ------- ----- ------------
.	.ABS.                            0000   0000 =      0. bytes (ABS,CON)

      Value  Global                              Global Defined In Module
      -----  ---------------------------------   ------------------------
            00D0  _PSW                             
            00D1  _F1                              
            00D2  _EECON                           
            00D2  _OV                              
            00D3  _RS0                             
            00D4  _RS1                             
            00D5  _F0                              
            00D6  _AC                              
            00D7  _CY                              
            00D8  _CCF0                            
            00D8  _CCON                            
            00D9  _CCF1                            
            00D9  _CMOD                            
            00DA  _CCAPM0                          
            00DA  _CCF2                            
            00DB  _CCAPM1                          
            00DB  _CCF3                            
            00DC  _CCAPM2                          
            00DC  _CCF4                            
            00DD  _CCAPM3                          
            00DE  _CCAPM4                          
            00DE  _CR                              
            00DF  _CF                              
            00E0  _ACC                             
            00E8  _P5                              
            00E8  _P5_0                            
            00E9  _CL                              
            00E9  _P5_1                            
            00EA  _CCAP0L                          
            00EA  _P5_2                            
            00EB  _CCAP1L                          
            00EB  _P5_3                            
            00EC  _CCAP2L                          
            00EC  _P5_4                            
            00ED  _CCAP3L                          
            00ED  _P5_5                            
            00EE  _CCAP4L                          
            00EE  _P5_6                            
            00EF  _P5_7                            
            00F0  _B                               
            00F5  _B_5                             
            00F6  _B_6                             
            00F7  _B_7                             
            00F9  _CH                              
            00FA  _CCAP0H                          
            00FB  _CCAP1H                          
            00FC  _CCAP2H                          
            00FD  _CCAP3H                          
            00FE  _CCAP4H                          

ASxxxx Linker V02.00 + NoICE + sdld,  page 12.
Hexadecimal

Area                               Addr   Size   Decimal Bytes (Attributes)
--------------------------------   ----   ----   ------- ----- ------------
BSEG_BYTES                         0020   0001 =      1. bytes (REL,CON)

      Value  Global                              Global Defined In Module
      -----  ---------------------------------   ------------------------
ASxxxx Linker V02.00 + NoICE + sdld,  page 13.
Hexadecimal

Area                               Addr   Size   Decimal Bytes (Attributes)
--------------------------------   ----   ----   ------- ----- ------------
_CODE                              0020   0000 =      0. bytes (REL,CON)

      Value  Global                              Global Defined In Module
      -----  ---------------------------------   ------------------------
ASxxxx Linker V02.00 + NoICE + sdld,  page 14.
Hexadecimal

Area                               Addr   Size   Decimal Bytes (Attributes)
--------------------------------   ----   ----   ------- ----- ------------
REG_BANK_0                         0000   0008 =      8. bytes (REL,OVR)

      Value  Global                              Global Defined In Module
      -----  ---------------------------------   ------------------------
ASxxxx Linker V02.00 + NoICE + sdld,  page 15.
Hexadecimal

Area                               Addr   Size   Decimal Bytes (Attributes)
--------------------------------   ----   ----   ------- ----- ------------
REG_BANK_1                         0008   0000 =      0. bytes (REL,OVR)

      Value  Global                              Global Defined In Module
      -----  ---------------------------------   ------------------------
ASxxxx Linker V02.00 + NoICE + sdld,  page 16.
Hexadecimal

Area                               Addr   Size   Decimal Bytes (Attributes)
--------------------------------   ----   ----   ------- ----- ------------
REG_BANK_2                         0010   0000 =      0. bytes (REL,OVR)

      Value  Global                              Global Defined In Module
      -----  ---------------------------------   ------------------------
ASxxxx Linker V02.00 + NoICE + sdld,  page 17.
Hexadecimal

Area                               Addr   Size   Decimal Bytes (Attributes)
--------------------------------   ----   ----   ------- ----- ------------
REG_BANK_3                         0018   0000 =      0. bytes (REL,OVR)

      Value  Global                              Global Defined In Module
      -----  ---------------------------------   ------------------------
ASxxxx Linker V02.00 + NoICE + sdld,  page 18.
Hexadecimal

Area                               Addr   Size   Decimal Bytes (Attributes)
--------------------------------   ----   ----   ------- ----- ------------
BSEG                               0000   0001 =      1. bytes (REL,CON,BIT)

      Value  Global                              Global Defined In Module
      -----  ---------------------------------   ------------------------
ASxxxx Linker V02.00 + NoICE + sdld,  page 19.
Hexadecimal

Area                               Addr   Size   Decimal Bytes (Attributes)
--------------------------------   ----   ----   ------- ----- ------------
BIT_BANK                           0018   0000 =      0. bytes (REL,OVR)

      Value  Global                              Global Defined In Module
      -----  ---------------------------------   ------------------------
ASxxxx Linker V02.00 + NoICE + sdld,  page 20.
Hexadecimal

Area                               Addr   Size   Decimal Bytes (Attributes)
--------------------------------   ----   ----   ------- ----- ------------
DSEG                               0000   0077 =    119. bytes (REL,CON)

      Value  Global                              Global Defined In Module
      -----  ---------------------------------   ------------------------
ASxxxx Linker V02.00 + NoICE + sdld,  page 21.
Hexadecimal

Area                               Addr   Size   Decimal Bytes (Attributes)
--------------------------------   ----   ----   ------- ----- ------------
OSEG                               0011   0006 =      6. bytes (REL,OVR)

      Value  Global                              Global Defined In Module
      -----  ---------------------------------   ------------------------
            0011  _FormatDate_sloc0_1_0            
            0011  _FormatTime_sloc0_1_0            
            0011  _Hardware_GetKeyState_sloc0_1_0  
            0014  _FormatDate_sloc1_1_0            
            0014  _FormatTime_sloc1_1_0            

ASxxxx Linker V02.00 + NoICE + sdld,  page 22.
Hexadecimal

Area                               Addr   Size   Decimal Bytes (Attributes)
--------------------------------   ----   ----   ------- ----- ------------
ISEG                               0000   0000 =      0. bytes (REL,CON)

      Value  Global                              Global Defined In Module
      -----  ---------------------------------   ------------------------
ASxxxx Linker V02.00 + NoICE + sdld,  page 23.
Hexadecimal

Area                               Addr   Size   Decimal Bytes (Attributes)
--------------------------------   ----   ----   ------- ----- ------------
SSEG                               003E   0042 =     66. bytes (REL,OVR)

      Value  Global                              Global Defined In Module
      -----  ---------------------------------   ------------------------
            003E  __start__stack                   

ASxxxx Linker V02.00 + NoICE + sdld,  page 24.
Hexadecimal

Area                               Addr   Size   Decimal Bytes (Attributes)
--------------------------------   ----   ----   ------- ----- ------------
PSEG                               0000   0000 =      0. bytes (REL,CON,PAG,XDATA)

      Value  Global                              Global Defined In Module
      -----  ---------------------------------   ------------------------
ASxxxx Linker V02.00 + NoICE + sdld,  page 25.
Hexadecimal

Area                               Addr   Size   Decimal Bytes (Attributes)
--------------------------------   ----   ----   ------- ----- ------------
XSEG                               0000   0278 =    632. bytes (REL,CON,XDATA)

      Value  Global                              Global Defined In Module
      -----  ---------------------------------   ------------------------
       0D:  0000  _displayBuffer                   
       0D:  0036  _pRegisterForTimer               
       0D:  0038  _pEnableTimer                    
       0D:  003A  _pGetRtc                         
       0D:  003C  _pSetRtc                         
       0D:  003E  _pWriteDisplayBuffer             
       0D:  0040  _pGetKeyState                    
       0D:  0042  _pGetInputPortValues             
       0D:  0044  _pSetOutputPortValues            
       0D:  0046  _pCrashDump                      
       0D:  0048  _timers                          
       0D:  00A5  _Hardware_RegisterForTimer_PARM_2
       0D:  00A7  _Hardware_RegisterForTimer_PARM_3
       0D:  00B0  _Hardware_EnableTimer_PARM_2     
       0D:  00EB  _MenuController                  
       0D:  00F8  _RenderActiveMenu_PARM_2         
       0D:  00FA  _RenderActiveMenu_PARM_3         
       0D:  0102  _GetMenuItemExtent_PARM_2        
       0D:  0105  _GetMenuItemExtent_PARM_3        
       0D:  010C  _RenderMenuOnBuffer_PARM_2       
       0D:  0115  _screenBuffer                    
       0D:  014A  _PartialWriteToScreen_PARM_2     
       0D:  014C  _PartialWriteToScreen_PARM_3     
       0D:  0151  _HandleMenuCommand_PARM_2        
       0D:  015C  _FormatTime_PARM_2               
       0D:  015F  _FormatTime_PARM_3               
       0D:  0163  _FormatDate_PARM_2               
       0D:  01DE  _TestAndDisplay_PARM_2           
       0D:  0229  _SendAddressWithDirection_PARM_2 
       0D:  022B  _I2C_SendData_PARM_2             
       0D:  022E  _I2C_SendData_PARM_3             
       0D:  0231  _I2C_RecvData_PARM_2             
       0D:  0234  _I2C_RecvData_PARM_3             
       0D:  0251  _IntToString_PARM_2              
       0D:  0258  _UnsignedCharToString_PARM_2     
       0D:  0260  _strcat_PARM_2                   
       0D:  0266  __divuint_PARM_2                 
       0D:  026C  __gptrput_PARM_2                 
       0D:  026D  __mulint_PARM_2                  
       0D:  026F  __modsint_PARM_2                 
       0D:  0273  __moduint_PARM_2                 

ASxxxx Linker V02.00 + NoICE + sdld,  page 26.
Hexadecimal

Area                               Addr   Size   Decimal Bytes (Attributes)
--------------------------------   ----   ----   ------- ----- ------------
XISEG                              0278   0123 =    291. bytes (REL,CON,XDATA)

      Value  Global                              Global Defined In Module
      -----  ---------------------------------   ------------------------
       0D:  0278  _MenuDefinitions                 
       0D:  0390  _lastKeys                        
       0D:  0392  _currentScreen                   
       0D:  0394  _flashDateTime                   
       0D:  0396  _animationPos                    
       0D:  0398  _targetOutput                    
       0D:  0399  _lastOutput                      
       0D:  039A  _stepByStepMask                  
ASxxxx Linker V02.00 + NoICE + sdld,  page 27.
Hexadecimal

Area                               Addr   Size   Decimal Bytes (Attributes)
--------------------------------   ----   ----   ------- ----- ------------
HOME                               0000   0008 =      8. bytes (REL,CON,CODE)

      Value  Global                              Global Defined In Module
      -----  ---------------------------------   ------------------------
       0C:  0003  __sdcc_program_startup           

ASxxxx Linker V02.00 + NoICE + sdld,  page 28.
Hexadecimal

Area                               Addr   Size   Decimal Bytes (Attributes)
--------------------------------   ----   ----   ------- ----- ------------
GSINIT0                            0008   0003 =      3. bytes (REL,CON,CODE)

      Value  Global                              Global Defined In Module
      -----  ---------------------------------   ------------------------
       0C:  0008  __sdcc_gsinit_startup            

ASxxxx Linker V02.00 + NoICE + sdld,  page 29.
Hexadecimal

Area                               Addr   Size   Decimal Bytes (Attributes)
--------------------------------   ----   ----   ------- ----- ------------
GSINIT1                            000B   0000 =      0. bytes (REL,CON,CODE)

      Value  Global                              Global Defined In Module
      -----  ---------------------------------   ------------------------
ASxxxx Linker V02.00 + NoICE + sdld,  page 30.
Hexadecimal

Area                               Addr   Size   Decimal Bytes (Attributes)
--------------------------------   ----   ----   ------- ----- ------------
GSINIT2                            000B   000A =     10. bytes (REL,CON,CODE)

      Value  Global                              Global Defined In Module
      -----  ---------------------------------   ------------------------
ASxxxx Linker V02.00 + NoICE + sdld,  page 31.
Hexadecimal

Area                               Addr   Size   Decimal Bytes (Attributes)
--------------------------------   ----   ----   ------- ----- ------------
GSINIT3                            0015   0022 =     34. bytes (REL,CON,CODE)

      Value  Global                              Global Defined In Module
      -----  ---------------------------------   ------------------------
       0C:  0015  __mcs51_genXINIT                 

ASxxxx Linker V02.00 + NoICE + sdld,  page 32.
Hexadecimal

Area                               Addr   Size   Decimal Bytes (Attributes)
--------------------------------   ----   ----   ------- ----- ------------
GSINIT4                            0037   002A =     42. bytes (REL,CON,CODE)

      Value  Global                              Global Defined In Module
      -----  ---------------------------------   ------------------------
       0C:  0037  __mcs51_genRAMCLEAR              
       0C:  003D  __mcs51_genXRAMCLEAR             

ASxxxx Linker V02.00 + NoICE + sdld,  page 33.
Hexadecimal

Area                               Addr   Size   Decimal Bytes (Attributes)
--------------------------------   ----   ----   ------- ----- ------------
GSINIT5                            0061   0000 =      0. bytes (REL,CON,CODE)

      Value  Global                              Global Defined In Module
      -----  ---------------------------------   ------------------------
ASxxxx Linker V02.00 + NoICE + sdld,  page 34.
Hexadecimal

Area                               Addr   Size   Decimal Bytes (Attributes)
--------------------------------   ----   ----   ------- ----- ------------
GSINIT                             0061   0000 =      0. bytes (REL,CON,CODE)

      Value  Global                              Global Defined In Module
      -----  ---------------------------------   ------------------------
ASxxxx Linker V02.00 + NoICE + sdld,  page 35.
Hexadecimal

Area                               Addr   Size   Decimal Bytes (Attributes)
--------------------------------   ----   ----   ------- ----- ------------
GSFINAL                            0061   0003 =      3. bytes (REL,CON,CODE)

      Value  Global                              Global Defined In Module
      -----  ---------------------------------   ------------------------
ASxxxx Linker V02.00 + NoICE + sdld,  page 36.
Hexadecimal

Area                               Addr   Size   Decimal Bytes (Attributes)
--------------------------------   ----   ----   ------- ----- ------------
CSEG                               0064   32C2 =  12994. bytes (REL,CON,CODE)

      Value  Global                              Global Defined In Module
      -----  ---------------------------------   ------------------------
       0C:  0064  _SimpleCentralHeating            
       0C:  0567  _main                            
       0C:  05FE  _RunProgram                      
       0C:  0766  _Hardware_RegisterForTimer       
       0C:  08A2  _Hardware_EnableTimer            
       0C:  094F  _Hardware_WriteDisplayBuffer     
       0C:  0973  _Hardware_SetRtc                 
       0C:  0997  _Hardware_GetRtc                 
       0C:  09BB  _Hardware_GetKeyState            
       0C:  0A5A  _Hardware_GetInputPortValues     
       0C:  0A85  _Hardware_SetOutputPortValues    
       0C:  0A8E  _Hardware_CrashDump              
       0C:  0B0C  _Hardware_Halt                   
       0C:  0B0E  _InitialiseMenuController        
       0C:  0B6A  _MenuNavigation                  
       0C:  0BE5  _RenderActiveMenu                
       0C:  0ECF  _GetMenuItemExtent               
       0C:  10C4  _RenderMenuOnBuffer              
       0C:  11DD  _IsParentMenu                    
       0C:  1288  _IsGoBack                        
       0C:  12C9  _GoSubMenu                       
       0C:  13F5  _GoRight                         
       0C:  14AE  _GoLeft                          
       0C:  1559  _GoBackUp                        
       0C:  161A  _UserProgram                     
       0C:  1758  _Callback                        
       0C:  187D  _DisplayMenuOnHardware           
       0C:  190B  _PartialWriteToScreen            
       0C:  1993  _ClearTopLine                    
       0C:  19B0  _HandleMenuCommand               
       0C:  1FDF  _FormatTime                      
       0C:  2128  _FormatDate                      
       0C:  2263  _WriteCurrentTime                
       0C:  22B2  _PreviewTimeAdjustment           
       0C:  2303  _PreviewDateAdjustment           
       0C:  234E  _TestAndDisplay                  
       0C:  238C  _AnimateScreen                   
       0C:  241C  _GetNumDaysInMonth               
       0C:  2531  _ProcessHeating                  
       0C:  2636  _SetOutputStepByStep             
       0C:  2681  _InitialiseLcd                   
       0C:  26FE  _WriteInstructionToLcd           
       0C:  2734  _WriteDataToLcd                  
       0C:  276A  _PulseLcdEnable                  
       0C:  277C  _WaitLcdReady                    
       0C:  279D  _ClearDisplay                    
       0C:  27A3  _SetCursorPos                    
       0C:  27B2  _DirectWriteToDisplay            
       0C:  2898  _DumpRegs                        
       0C:  28C1  _I2C_Initialise                  
ASxxxx Linker V02.00 + NoICE + sdld,  page 37.
Hexadecimal

Area                               Addr   Size   Decimal Bytes (Attributes)
--------------------------------   ----   ----   ------- ----- ------------
CSEG                               0064   32C2 =  12994. bytes (REL,CON,CODE)

      Value  Global                              Global Defined In Module
      -----  ---------------------------------   ------------------------
       0C:  28C6  _Delay                           
       0C:  28D4  _SendStart                       
       0C:  28E3  _SendStop                        
       0C:  28EF  _ReadAckNack                     
       0C:  2914  _SendByte                        
       0C:  2966  _RecvByte                        
       0C:  29DE  _SendAddressWithDirection        
       0C:  2A01  _I2C_SendData                    
       0C:  2A92  _I2C_RecvData                    
       0C:  2B4A  _EncodeAsBcd                     
       0C:  2B69  _DecodeBcd                       
       0C:  2B82  _Rtc_ReadClock                   
       0C:  2D71  _Rtc_WriteClock                  
       0C:  2EC4  _Rtc_Initialise                  
       0C:  2EC7  _IntToString                     
       0C:  2FB9  _UnsignedCharToString            
       0C:  3090  _strcat                          
       0C:  3120  __divuint                        
       0C:  31BA  __gptrput                        
       0C:  31D3  __mulint                         
       0C:  31F3  __modsint                        
       0C:  3259  __moduint                        
       0C:  3306  __gptrget                        
       0C:  3322  __sdcc_external_startup          

ASxxxx Linker V02.00 + NoICE + sdld,  page 38.
Hexadecimal

Area                               Addr   Size   Decimal Bytes (Attributes)
--------------------------------   ----   ----   ------- ----- ------------
CONST                              3326   00FE =    254. bytes (REL,CON,CODE)

      Value  Global                              Global Defined In Module
      -----  ---------------------------------   ------------------------
       0C:  3418  _rowStartAddresses               

ASxxxx Linker V02.00 + NoICE + sdld,  page 39.
Hexadecimal

Area                               Addr   Size   Decimal Bytes (Attributes)
--------------------------------   ----   ----   ------- ----- ------------
XINIT                              3424   0123 =    291. bytes (REL,CON,CODE)

      Value  Global                              Global Defined In Module
      -----  ---------------------------------   ------------------------
ASxxxx Linker V02.00 + NoICE + sdld,  page 40.

Files Linked                              [ module(s) ]

SimpleCentralHeating.rel                  [ 
89C51Board.rel                            [ 
MenuMgr.rel                               [ 
CentralHeating.rel                        [ 
LcdDisplay.rel                            [ 
I2C.rel                                   [ 
RTC1307.rel                               [ 
StringUtils.rel                           [ 


Libraries Linked                          [ object file ]

C:\SDCC\bin\..\lib\large/libint.lib       [ _divuint.rel ]
C:\SDCC\bin\..\lib\large/mcs51.lib        [ crtclear.rel ]
C:\SDCC\bin\..\lib\large/mcs51.lib        [ crtxinit.rel ]
C:\SDCC\bin\..\lib\large/libsdcc.lib      [ _gptrput.rel ]
C:\SDCC\bin\..\lib\large/libint.lib       [ _mulint.rel ]
C:\SDCC\bin\..\lib\large/libint.lib       [ _modsint.rel ]
C:\SDCC\bin\..\lib\large/libint.lib       [ _moduint.rel ]
C:\SDCC\bin\..\lib\large/mcs51.lib        [ crtxclear.rel ]
C:\SDCC\bin\..\lib\large/mcs51.lib        [ crtpagesfr.rel ]
C:\SDCC\bin\..\lib\large/mcs51.lib        [ crtstart.rel ]
C:\SDCC\bin\..\lib\large/libsdcc.lib      [ _gptrget.rel ]
C:\SDCC\bin\..\lib\large/libsdcc.lib      [ _startup.rel ]

ASxxxx Linker V02.00 + NoICE + sdld,  page 41.

User Base Address Definitions

HOME = 0x0000
ISEG = 0x0000
BSEG = 0x0000

