                                      1 ;--------------------------------------------------------
                                      2 ; File Created by SDCC : free open source ISO C Compiler
                                      3 ; Version 4.5.0 #15242 (MINGW64)
                                      4 ;--------------------------------------------------------
                                      5 	.module StringUtils
                                      6 	
                                      7 	.optsdcc -mmcs51 --model-large
                                      8 ;--------------------------------------------------------
                                      9 ; Public variables in this module
                                     10 ;--------------------------------------------------------
                                     11 	.globl _strcpy
                                     12 	.globl _strcat
                                     13 	.globl _UnsignedCharToString
                                     14 	.globl _IntToString
                                     15 	.globl _strcpy_PARM_2
                                     16 	.globl _strcat_PARM_2
                                     17 	.globl _UnsignedCharToString_PARM_2
                                     18 	.globl _IntToString_PARM_2
                                     19 ;--------------------------------------------------------
                                     20 ; special function registers
                                     21 ;--------------------------------------------------------
                                     22 	.area RSEG    (ABS,DATA)
      000000                         23 	.org 0x0000
                                     24 ;--------------------------------------------------------
                                     25 ; special function bits
                                     26 ;--------------------------------------------------------
                                     27 	.area RSEG    (ABS,DATA)
      000000                         28 	.org 0x0000
                                     29 ;--------------------------------------------------------
                                     30 ; overlayable register banks
                                     31 ;--------------------------------------------------------
                                     32 	.area REG_BANK_0	(REL,OVR,DATA)
      000000                         33 	.ds 8
                                     34 ;--------------------------------------------------------
                                     35 ; internal ram data
                                     36 ;--------------------------------------------------------
                                     37 	.area DSEG    (DATA)
      000000                         38 _IntToString_sloc0_1_0:
      000000                         39 	.ds 2
                                     40 ;--------------------------------------------------------
                                     41 ; overlayable items in internal ram
                                     42 ;--------------------------------------------------------
                                     43 ;--------------------------------------------------------
                                     44 ; indirectly addressable internal ram data
                                     45 ;--------------------------------------------------------
                                     46 	.area ISEG    (DATA)
                                     47 ;--------------------------------------------------------
                                     48 ; absolute internal ram data
                                     49 ;--------------------------------------------------------
                                     50 	.area IABS    (ABS,DATA)
                                     51 	.area IABS    (ABS,DATA)
                                     52 ;--------------------------------------------------------
                                     53 ; bit data
                                     54 ;--------------------------------------------------------
                                     55 	.area BSEG    (BIT)
                                     56 ;--------------------------------------------------------
                                     57 ; paged external ram data
                                     58 ;--------------------------------------------------------
                                     59 	.area PSEG    (PAG,XDATA)
                                     60 ;--------------------------------------------------------
                                     61 ; uninitialized external ram data
                                     62 ;--------------------------------------------------------
                                     63 	.area XSEG    (XDATA)
      000000                         64 _IntToString_PARM_2:
      000000                         65 	.ds 2
      000002                         66 _IntToString_p_10000_1:
      000002                         67 	.ds 3
      000005                         68 _IntToString_divider_10000_2:
      000005                         69 	.ds 2
      000007                         70 _UnsignedCharToString_PARM_2:
      000007                         71 	.ds 1
      000008                         72 _UnsignedCharToString_p_10000_4:
      000008                         73 	.ds 3
      00000B                         74 _UnsignedCharToString_digit_10000_5:
      00000B                         75 	.ds 2
      00000D                         76 _UnsignedCharToString_divider_10000_5:
      00000D                         77 	.ds 2
      00000F                         78 _strcat_PARM_2:
      00000F                         79 	.ds 3
      000012                         80 _strcat_p_10000_7:
      000012                         81 	.ds 3
      000015                         82 _strcpy_PARM_2:
      000015                         83 	.ds 3
      000018                         84 _strcpy_p_10000_11:
      000018                         85 	.ds 3
                                     86 ;--------------------------------------------------------
                                     87 ; absolute external ram data
                                     88 ;--------------------------------------------------------
                                     89 	.area XABS    (ABS,XDATA)
                                     90 ;--------------------------------------------------------
                                     91 ; initialized external ram data
                                     92 ;--------------------------------------------------------
                                     93 	.area XISEG   (XDATA)
                                     94 	.area HOME    (CODE)
                                     95 	.area GSINIT0 (CODE)
                                     96 	.area GSINIT1 (CODE)
                                     97 	.area GSINIT2 (CODE)
                                     98 	.area GSINIT3 (CODE)
                                     99 	.area GSINIT4 (CODE)
                                    100 	.area GSINIT5 (CODE)
                                    101 	.area GSINIT  (CODE)
                                    102 	.area GSFINAL (CODE)
                                    103 	.area CSEG    (CODE)
                                    104 ;--------------------------------------------------------
                                    105 ; global & static initialisations
                                    106 ;--------------------------------------------------------
                                    107 	.area HOME    (CODE)
                                    108 	.area GSINIT  (CODE)
                                    109 	.area GSFINAL (CODE)
                                    110 	.area GSINIT  (CODE)
                                    111 ;--------------------------------------------------------
                                    112 ; Home
                                    113 ;--------------------------------------------------------
                                    114 	.area HOME    (CODE)
                                    115 	.area HOME    (CODE)
                                    116 ;--------------------------------------------------------
                                    117 ; code
                                    118 ;--------------------------------------------------------
                                    119 	.area CSEG    (CODE)
                                    120 ;------------------------------------------------------------
                                    121 ;Allocation info for local variables in function 'IntToString'
                                    122 ;------------------------------------------------------------
                                    123 ;sloc0         Allocated with name '_IntToString_sloc0_1_0'
                                    124 ;v             Allocated with name '_IntToString_PARM_2'
                                    125 ;p             Allocated with name '_IntToString_p_10000_1'
                                    126 ;digit         Allocated with name '_IntToString_digit_10000_2'
                                    127 ;divider       Allocated with name '_IntToString_divider_10000_2'
                                    128 ;------------------------------------------------------------
                                    129 ;	../Common/StringUtils.c:2: void IntToString(unsigned char *p, unsigned int v)
                                    130 ;	-----------------------------------------
                                    131 ;	 function IntToString
                                    132 ;	-----------------------------------------
      000000                        133 _IntToString:
                           000007   134 	ar7 = 0x07
                           000006   135 	ar6 = 0x06
                           000005   136 	ar5 = 0x05
                           000004   137 	ar4 = 0x04
                           000003   138 	ar3 = 0x03
                           000002   139 	ar2 = 0x02
                           000001   140 	ar1 = 0x01
                           000000   141 	ar0 = 0x00
      000000 AF F0            [24]  142 	mov	r7,b
      000002 AE 83            [24]  143 	mov	r6,dph
      000004 E5 82            [12]  144 	mov	a,dpl
      000006 90r00r02         [24]  145 	mov	dptr,#_IntToString_p_10000_1
      000009 F0               [24]  146 	movx	@dptr,a
      00000A EE               [12]  147 	mov	a,r6
      00000B A3               [24]  148 	inc	dptr
      00000C F0               [24]  149 	movx	@dptr,a
      00000D EF               [12]  150 	mov	a,r7
      00000E A3               [24]  151 	inc	dptr
      00000F F0               [24]  152 	movx	@dptr,a
                                    153 ;	../Common/StringUtils.c:6: divider = 10000;
      000010 90r00r05         [24]  154 	mov	dptr,#_IntToString_divider_10000_2
      000013 74 10            [12]  155 	mov	a,#0x10
      000015 F0               [24]  156 	movx	@dptr,a
      000016 74 27            [12]  157 	mov	a,#0x27
      000018 A3               [24]  158 	inc	dptr
      000019 F0               [24]  159 	movx	@dptr,a
                                    160 ;	../Common/StringUtils.c:7: do
      00001A 90r00r02         [24]  161 	mov	dptr,#_IntToString_p_10000_1
      00001D E0               [24]  162 	movx	a,@dptr
      00001E FD               [12]  163 	mov	r5,a
      00001F A3               [24]  164 	inc	dptr
      000020 E0               [24]  165 	movx	a,@dptr
      000021 FE               [12]  166 	mov	r6,a
      000022 A3               [24]  167 	inc	dptr
      000023 E0               [24]  168 	movx	a,@dptr
      000024 FF               [12]  169 	mov	r7,a
      000025                        170 00101$:
                                    171 ;	../Common/StringUtils.c:9: digit = v / divider;
      000025 90r00r05         [24]  172 	mov	dptr,#_IntToString_divider_10000_2
      000028 E0               [24]  173 	movx	a,@dptr
      000029 FB               [12]  174 	mov	r3,a
      00002A A3               [24]  175 	inc	dptr
      00002B E0               [24]  176 	movx	a,@dptr
      00002C FC               [12]  177 	mov	r4,a
      00002D 90r00r00         [24]  178 	mov	dptr,#_IntToString_PARM_2
      000030 E0               [24]  179 	movx	a,@dptr
      000031 F5*00            [12]  180 	mov	_IntToString_sloc0_1_0,a
      000033 A3               [24]  181 	inc	dptr
      000034 E0               [24]  182 	movx	a,@dptr
      000035 F5*01            [12]  183 	mov	(_IntToString_sloc0_1_0 + 1),a
      000037 90r00r00         [24]  184 	mov	dptr,#__divuint_PARM_2
      00003A EB               [12]  185 	mov	a,r3
      00003B F0               [24]  186 	movx	@dptr,a
      00003C EC               [12]  187 	mov	a,r4
      00003D A3               [24]  188 	inc	dptr
      00003E F0               [24]  189 	movx	@dptr,a
                                    190 ;	../Common/StringUtils.c:10: *p = '0' + digit;
      00003F 85*00 82         [24]  191 	mov	dpl, _IntToString_sloc0_1_0
      000042 85*01 83         [24]  192 	mov	dph, (_IntToString_sloc0_1_0 + 1)
      000045 C0 07            [24]  193 	push	ar7
      000047 C0 06            [24]  194 	push	ar6
      000049 C0 05            [24]  195 	push	ar5
      00004B C0 04            [24]  196 	push	ar4
      00004D C0 03            [24]  197 	push	ar3
      00004F 12r00r00         [24]  198 	lcall	__divuint
      000052 A8 82            [24]  199 	mov	r0, dpl
      000054 AA 83            [24]  200 	mov	r2, dph
      000056 D0 03            [24]  201 	pop	ar3
      000058 D0 04            [24]  202 	pop	ar4
      00005A D0 05            [24]  203 	pop	ar5
      00005C D0 06            [24]  204 	pop	ar6
      00005E D0 07            [24]  205 	pop	ar7
      000060 88 01            [24]  206 	mov	ar1,r0
      000062 74 30            [12]  207 	mov	a,#0x30
      000064 29               [12]  208 	add	a, r1
      000065 8D 82            [24]  209 	mov	dpl,r5
      000067 8E 83            [24]  210 	mov	dph,r6
      000069 8F F0            [24]  211 	mov	b,r7
      00006B 12r00r00         [24]  212 	lcall	__gptrput
      00006E A3               [24]  213 	inc	dptr
      00006F AD 82            [24]  214 	mov	r5,dpl
      000071 AE 83            [24]  215 	mov	r6,dph
                                    216 ;	../Common/StringUtils.c:11: v -= digit * divider;
      000073 90r00r00         [24]  217 	mov	dptr,#__mulint_PARM_2
      000076 EB               [12]  218 	mov	a,r3
      000077 F0               [24]  219 	movx	@dptr,a
      000078 EC               [12]  220 	mov	a,r4
      000079 A3               [24]  221 	inc	dptr
      00007A F0               [24]  222 	movx	@dptr,a
      00007B 88 82            [24]  223 	mov	dpl, r0
      00007D 8A 83            [24]  224 	mov	dph, r2
      00007F C0 07            [24]  225 	push	ar7
      000081 C0 06            [24]  226 	push	ar6
      000083 C0 05            [24]  227 	push	ar5
      000085 C0 04            [24]  228 	push	ar4
      000087 C0 03            [24]  229 	push	ar3
      000089 12r00r00         [24]  230 	lcall	__mulint
      00008C A9 82            [24]  231 	mov	r1, dpl
      00008E AA 83            [24]  232 	mov	r2, dph
      000090 D0 03            [24]  233 	pop	ar3
      000092 D0 04            [24]  234 	pop	ar4
      000094 90r00r00         [24]  235 	mov	dptr,#_IntToString_PARM_2
      000097 E5*00            [12]  236 	mov	a,_IntToString_sloc0_1_0
      000099 C3               [12]  237 	clr	c
      00009A 99               [12]  238 	subb	a,r1
      00009B F0               [24]  239 	movx	@dptr,a
      00009C E5*01            [12]  240 	mov	a,(_IntToString_sloc0_1_0 + 1)
      00009E 9A               [12]  241 	subb	a,r2
      00009F A3               [24]  242 	inc	dptr
      0000A0 F0               [24]  243 	movx	@dptr,a
                                    244 ;	../Common/StringUtils.c:12: divider = divider / 10;
      0000A1 90r00r00         [24]  245 	mov	dptr,#__divuint_PARM_2
      0000A4 74 0A            [12]  246 	mov	a,#0x0a
      0000A6 F0               [24]  247 	movx	@dptr,a
      0000A7 E4               [12]  248 	clr	a
      0000A8 A3               [24]  249 	inc	dptr
      0000A9 F0               [24]  250 	movx	@dptr,a
      0000AA 8B 82            [24]  251 	mov	dpl, r3
      0000AC 8C 83            [24]  252 	mov	dph, r4
      0000AE 12r00r00         [24]  253 	lcall	__divuint
      0000B1 E5 82            [12]  254 	mov	a, dpl
      0000B3 85 83 F0         [24]  255 	mov	b, dph
      0000B6 D0 05            [24]  256 	pop	ar5
      0000B8 D0 06            [24]  257 	pop	ar6
      0000BA D0 07            [24]  258 	pop	ar7
      0000BC 90r00r05         [24]  259 	mov	dptr,#_IntToString_divider_10000_2
      0000BF F0               [24]  260 	movx	@dptr,a
      0000C0 E5 F0            [12]  261 	mov	a,b
      0000C2 A3               [24]  262 	inc	dptr
      0000C3 F0               [24]  263 	movx	@dptr,a
                                    264 ;	../Common/StringUtils.c:13: ++p;
      0000C4 90r00r02         [24]  265 	mov	dptr,#_IntToString_p_10000_1
      0000C7 ED               [12]  266 	mov	a,r5
      0000C8 F0               [24]  267 	movx	@dptr,a
      0000C9 EE               [12]  268 	mov	a,r6
      0000CA A3               [24]  269 	inc	dptr
      0000CB F0               [24]  270 	movx	@dptr,a
      0000CC EF               [12]  271 	mov	a,r7
      0000CD A3               [24]  272 	inc	dptr
      0000CE F0               [24]  273 	movx	@dptr,a
                                    274 ;	../Common/StringUtils.c:15: while (divider > 0);
      0000CF 90r00r05         [24]  275 	mov	dptr,#_IntToString_divider_10000_2
      0000D2 E0               [24]  276 	movx	a,@dptr
      0000D3 F5 F0            [12]  277 	mov	b,a
      0000D5 A3               [24]  278 	inc	dptr
      0000D6 E0               [24]  279 	movx	a,@dptr
      0000D7 45 F0            [12]  280 	orl	a,b
      0000D9 60 03            [24]  281 	jz	00119$
      0000DB 02r00r25         [24]  282 	ljmp	00101$
      0000DE                        283 00119$:
                                    284 ;	../Common/StringUtils.c:16: *p = 0;
      0000DE 90r00r02         [24]  285 	mov	dptr,#_IntToString_p_10000_1
      0000E1 ED               [12]  286 	mov	a,r5
      0000E2 F0               [24]  287 	movx	@dptr,a
      0000E3 EE               [12]  288 	mov	a,r6
      0000E4 A3               [24]  289 	inc	dptr
      0000E5 F0               [24]  290 	movx	@dptr,a
      0000E6 EF               [12]  291 	mov	a,r7
      0000E7 A3               [24]  292 	inc	dptr
      0000E8 F0               [24]  293 	movx	@dptr,a
      0000E9 8D 82            [24]  294 	mov	dpl,r5
      0000EB 8E 83            [24]  295 	mov	dph,r6
      0000ED 8F F0            [24]  296 	mov	b,r7
      0000EF E4               [12]  297 	clr	a
                                    298 ;	../Common/StringUtils.c:17: }
      0000F0 02r00r00         [24]  299 	ljmp	__gptrput
                                    300 ;------------------------------------------------------------
                                    301 ;Allocation info for local variables in function 'UnsignedCharToString'
                                    302 ;------------------------------------------------------------
                                    303 ;v             Allocated with name '_UnsignedCharToString_PARM_2'
                                    304 ;p             Allocated with name '_UnsignedCharToString_p_10000_4'
                                    305 ;digit         Allocated with name '_UnsignedCharToString_digit_10000_5'
                                    306 ;divider       Allocated with name '_UnsignedCharToString_divider_10000_5'
                                    307 ;------------------------------------------------------------
                                    308 ;	../Common/StringUtils.c:21: void UnsignedCharToString(unsigned char *p, unsigned char v)
                                    309 ;	-----------------------------------------
                                    310 ;	 function UnsignedCharToString
                                    311 ;	-----------------------------------------
      0000F3                        312 _UnsignedCharToString:
      0000F3 AF F0            [24]  313 	mov	r7,b
      0000F5 AE 83            [24]  314 	mov	r6,dph
      0000F7 E5 82            [12]  315 	mov	a,dpl
      0000F9 90r00r08         [24]  316 	mov	dptr,#_UnsignedCharToString_p_10000_4
      0000FC F0               [24]  317 	movx	@dptr,a
      0000FD EE               [12]  318 	mov	a,r6
      0000FE A3               [24]  319 	inc	dptr
      0000FF F0               [24]  320 	movx	@dptr,a
      000100 EF               [12]  321 	mov	a,r7
      000101 A3               [24]  322 	inc	dptr
      000102 F0               [24]  323 	movx	@dptr,a
                                    324 ;	../Common/StringUtils.c:25: divider = 0x80;
      000103 90r00r0D         [24]  325 	mov	dptr,#_UnsignedCharToString_divider_10000_5
      000106 74 80            [12]  326 	mov	a,#0x80
      000108 F0               [24]  327 	movx	@dptr,a
      000109 E4               [12]  328 	clr	a
      00010A A3               [24]  329 	inc	dptr
      00010B F0               [24]  330 	movx	@dptr,a
                                    331 ;	../Common/StringUtils.c:26: do
      00010C 90r00r08         [24]  332 	mov	dptr,#_UnsignedCharToString_p_10000_4
      00010F E0               [24]  333 	movx	a,@dptr
      000110 FD               [12]  334 	mov	r5,a
      000111 A3               [24]  335 	inc	dptr
      000112 E0               [24]  336 	movx	a,@dptr
      000113 FE               [12]  337 	mov	r6,a
      000114 A3               [24]  338 	inc	dptr
      000115 E0               [24]  339 	movx	a,@dptr
      000116 FF               [12]  340 	mov	r7,a
      000117                        341 00101$:
                                    342 ;	../Common/StringUtils.c:28: digit = v / divider;
      000117 90r00r0D         [24]  343 	mov	dptr,#_UnsignedCharToString_divider_10000_5
      00011A E0               [24]  344 	movx	a,@dptr
      00011B FB               [12]  345 	mov	r3,a
      00011C A3               [24]  346 	inc	dptr
      00011D E0               [24]  347 	movx	a,@dptr
      00011E FC               [12]  348 	mov	r4,a
      00011F 90r00r07         [24]  349 	mov	dptr,#_UnsignedCharToString_PARM_2
      000122 E0               [24]  350 	movx	a,@dptr
      000123 F9               [12]  351 	mov	r1,a
      000124 7A 00            [12]  352 	mov	r2,#0x00
      000126 90r00r00         [24]  353 	mov	dptr,#__divuint_PARM_2
      000129 EB               [12]  354 	mov	a,r3
      00012A F0               [24]  355 	movx	@dptr,a
      00012B EC               [12]  356 	mov	a,r4
      00012C A3               [24]  357 	inc	dptr
      00012D F0               [24]  358 	movx	@dptr,a
      00012E 89 82            [24]  359 	mov	dpl, r1
      000130 8A 83            [24]  360 	mov	dph, r2
      000132 C0 07            [24]  361 	push	ar7
      000134 C0 06            [24]  362 	push	ar6
      000136 C0 05            [24]  363 	push	ar5
      000138 12r00r00         [24]  364 	lcall	__divuint
      00013B AB 82            [24]  365 	mov	r3, dpl
      00013D AC 83            [24]  366 	mov	r4, dph
      00013F D0 05            [24]  367 	pop	ar5
      000141 D0 06            [24]  368 	pop	ar6
      000143 D0 07            [24]  369 	pop	ar7
      000145 90r00r0B         [24]  370 	mov	dptr,#_UnsignedCharToString_digit_10000_5
      000148 EB               [12]  371 	mov	a,r3
      000149 F0               [24]  372 	movx	@dptr,a
      00014A EC               [12]  373 	mov	a,r4
      00014B A3               [24]  374 	inc	dptr
      00014C F0               [24]  375 	movx	@dptr,a
                                    376 ;	../Common/StringUtils.c:29: *p = digit ? '1' : '0';
      00014D 8D 00            [24]  377 	mov	ar0,r5
      00014F 8E 01            [24]  378 	mov	ar1,r6
      000151 8F 02            [24]  379 	mov	ar2,r7
      000153 EB               [12]  380 	mov	a,r3
      000154 4C               [12]  381 	orl	a,r4
      000155 60 04            [24]  382 	jz	00106$
      000157 7C 31            [12]  383 	mov	r4,#0x31
      000159 80 02            [24]  384 	sjmp	00107$
      00015B                        385 00106$:
      00015B 7C 30            [12]  386 	mov	r4,#0x30
      00015D                        387 00107$:
      00015D 88 82            [24]  388 	mov	dpl,r0
      00015F 89 83            [24]  389 	mov	dph,r1
      000161 8A F0            [24]  390 	mov	b,r2
      000163 EC               [12]  391 	mov	a,r4
      000164 12r00r00         [24]  392 	lcall	__gptrput
                                    393 ;	../Common/StringUtils.c:30: v -= digit * divider;
      000167 90r00r0B         [24]  394 	mov	dptr,#_UnsignedCharToString_digit_10000_5
      00016A E0               [24]  395 	movx	a,@dptr
      00016B FC               [12]  396 	mov	r4,a
      00016C 90r00r0D         [24]  397 	mov	dptr,#_UnsignedCharToString_divider_10000_5
      00016F E0               [24]  398 	movx	a,@dptr
      000170 FA               [12]  399 	mov	r2,a
      000171 A3               [24]  400 	inc	dptr
      000172 E0               [24]  401 	movx	a,@dptr
      000173 FB               [12]  402 	mov	r3,a
      000174 8A 01            [24]  403 	mov	ar1,r2
      000176 8C F0            [24]  404 	mov	b,r4
      000178 E9               [12]  405 	mov	a,r1
      000179 A4               [48]  406 	mul	ab
      00017A FC               [12]  407 	mov	r4,a
      00017B 90r00r07         [24]  408 	mov	dptr,#_UnsignedCharToString_PARM_2
      00017E E0               [24]  409 	movx	a,@dptr
      00017F C3               [12]  410 	clr	c
      000180 9C               [12]  411 	subb	a,r4
      000181 F0               [24]  412 	movx	@dptr,a
                                    413 ;	../Common/StringUtils.c:31: divider = divider / 2;
      000182 EB               [12]  414 	mov	a,r3
      000183 C3               [12]  415 	clr	c
      000184 13               [12]  416 	rrc	a
      000185 CA               [12]  417 	xch	a,r2
      000186 13               [12]  418 	rrc	a
      000187 CA               [12]  419 	xch	a,r2
      000188 FB               [12]  420 	mov	r3,a
      000189 90r00r0D         [24]  421 	mov	dptr,#_UnsignedCharToString_divider_10000_5
      00018C EA               [12]  422 	mov	a,r2
      00018D F0               [24]  423 	movx	@dptr,a
      00018E EB               [12]  424 	mov	a,r3
      00018F A3               [24]  425 	inc	dptr
      000190 F0               [24]  426 	movx	@dptr,a
                                    427 ;	../Common/StringUtils.c:32: ++p;
      000191 0D               [12]  428 	inc	r5
      000192 BD 00 01         [24]  429 	cjne	r5,#0x00,00128$
      000195 0E               [12]  430 	inc	r6
      000196                        431 00128$:
      000196 90r00r08         [24]  432 	mov	dptr,#_UnsignedCharToString_p_10000_4
      000199 ED               [12]  433 	mov	a,r5
      00019A F0               [24]  434 	movx	@dptr,a
      00019B EE               [12]  435 	mov	a,r6
      00019C A3               [24]  436 	inc	dptr
      00019D F0               [24]  437 	movx	@dptr,a
      00019E EF               [12]  438 	mov	a,r7
      00019F A3               [24]  439 	inc	dptr
      0001A0 F0               [24]  440 	movx	@dptr,a
                                    441 ;	../Common/StringUtils.c:34: while (divider > 0);
      0001A1 90r00r0D         [24]  442 	mov	dptr,#_UnsignedCharToString_divider_10000_5
      0001A4 E0               [24]  443 	movx	a,@dptr
      0001A5 F5 F0            [12]  444 	mov	b,a
      0001A7 A3               [24]  445 	inc	dptr
      0001A8 E0               [24]  446 	movx	a,@dptr
      0001A9 45 F0            [12]  447 	orl	a,b
      0001AB 60 03            [24]  448 	jz	00129$
      0001AD 02r01r17         [24]  449 	ljmp	00101$
      0001B0                        450 00129$:
                                    451 ;	../Common/StringUtils.c:35: *p = 0;
      0001B0 90r00r08         [24]  452 	mov	dptr,#_UnsignedCharToString_p_10000_4
      0001B3 ED               [12]  453 	mov	a,r5
      0001B4 F0               [24]  454 	movx	@dptr,a
      0001B5 EE               [12]  455 	mov	a,r6
      0001B6 A3               [24]  456 	inc	dptr
      0001B7 F0               [24]  457 	movx	@dptr,a
      0001B8 EF               [12]  458 	mov	a,r7
      0001B9 A3               [24]  459 	inc	dptr
      0001BA F0               [24]  460 	movx	@dptr,a
      0001BB 8D 82            [24]  461 	mov	dpl,r5
      0001BD 8E 83            [24]  462 	mov	dph,r6
      0001BF 8F F0            [24]  463 	mov	b,r7
      0001C1 E4               [12]  464 	clr	a
                                    465 ;	../Common/StringUtils.c:36: }
      0001C2 02r00r00         [24]  466 	ljmp	__gptrput
                                    467 ;------------------------------------------------------------
                                    468 ;Allocation info for local variables in function 'strcat'
                                    469 ;------------------------------------------------------------
                                    470 ;s             Allocated with name '_strcat_PARM_2'
                                    471 ;p             Allocated with name '_strcat_p_10000_7'
                                    472 ;------------------------------------------------------------
                                    473 ;	../Common/StringUtils.c:39: void strcat(char *p, char *s)
                                    474 ;	-----------------------------------------
                                    475 ;	 function strcat
                                    476 ;	-----------------------------------------
      0001C5                        477 _strcat:
      0001C5 AF F0            [24]  478 	mov	r7,b
      0001C7 AE 83            [24]  479 	mov	r6,dph
      0001C9 E5 82            [12]  480 	mov	a,dpl
      0001CB 90r00r12         [24]  481 	mov	dptr,#_strcat_p_10000_7
      0001CE F0               [24]  482 	movx	@dptr,a
      0001CF EE               [12]  483 	mov	a,r6
      0001D0 A3               [24]  484 	inc	dptr
      0001D1 F0               [24]  485 	movx	@dptr,a
      0001D2 EF               [12]  486 	mov	a,r7
      0001D3 A3               [24]  487 	inc	dptr
      0001D4 F0               [24]  488 	movx	@dptr,a
                                    489 ;	../Common/StringUtils.c:41: while (*p)
      0001D5 90r00r12         [24]  490 	mov	dptr,#_strcat_p_10000_7
      0001D8 E0               [24]  491 	movx	a,@dptr
      0001D9 FD               [12]  492 	mov	r5,a
      0001DA A3               [24]  493 	inc	dptr
      0001DB E0               [24]  494 	movx	a,@dptr
      0001DC FE               [12]  495 	mov	r6,a
      0001DD A3               [24]  496 	inc	dptr
      0001DE E0               [24]  497 	movx	a,@dptr
      0001DF FF               [12]  498 	mov	r7,a
      0001E0                        499 00101$:
      0001E0 8D 82            [24]  500 	mov	dpl,r5
      0001E2 8E 83            [24]  501 	mov	dph,r6
      0001E4 8F F0            [24]  502 	mov	b,r7
      0001E6 12r00r00         [24]  503 	lcall	__gptrget
      0001E9 60 12            [24]  504 	jz	00113$
                                    505 ;	../Common/StringUtils.c:43: ++p;
      0001EB 0D               [12]  506 	inc	r5
      0001EC BD 00 01         [24]  507 	cjne	r5,#0x00,00136$
      0001EF 0E               [12]  508 	inc	r6
      0001F0                        509 00136$:
      0001F0 90r00r12         [24]  510 	mov	dptr,#_strcat_p_10000_7
      0001F3 ED               [12]  511 	mov	a,r5
      0001F4 F0               [24]  512 	movx	@dptr,a
      0001F5 EE               [12]  513 	mov	a,r6
      0001F6 A3               [24]  514 	inc	dptr
      0001F7 F0               [24]  515 	movx	@dptr,a
      0001F8 EF               [12]  516 	mov	a,r7
      0001F9 A3               [24]  517 	inc	dptr
      0001FA F0               [24]  518 	movx	@dptr,a
                                    519 ;	../Common/StringUtils.c:45: while (*s)
      0001FB 80 E3            [24]  520 	sjmp	00101$
      0001FD                        521 00113$:
      0001FD 90r00r12         [24]  522 	mov	dptr,#_strcat_p_10000_7
      000200 ED               [12]  523 	mov	a,r5
      000201 F0               [24]  524 	movx	@dptr,a
      000202 EE               [12]  525 	mov	a,r6
      000203 A3               [24]  526 	inc	dptr
      000204 F0               [24]  527 	movx	@dptr,a
      000205 EF               [12]  528 	mov	a,r7
      000206 A3               [24]  529 	inc	dptr
      000207 F0               [24]  530 	movx	@dptr,a
      000208 90r00r0F         [24]  531 	mov	dptr,#_strcat_PARM_2
      00020B E0               [24]  532 	movx	a,@dptr
      00020C FA               [12]  533 	mov	r2,a
      00020D A3               [24]  534 	inc	dptr
      00020E E0               [24]  535 	movx	a,@dptr
      00020F FB               [12]  536 	mov	r3,a
      000210 A3               [24]  537 	inc	dptr
      000211 E0               [24]  538 	movx	a,@dptr
      000212 FC               [12]  539 	mov	r4,a
      000213                        540 00104$:
      000213 8A 82            [24]  541 	mov	dpl,r2
      000215 8B 83            [24]  542 	mov	dph,r3
      000217 8C F0            [24]  543 	mov	b,r4
      000219 12r00r00         [24]  544 	lcall	__gptrget
      00021C F9               [12]  545 	mov	r1,a
      00021D 60 21            [24]  546 	jz	00114$
                                    547 ;	../Common/StringUtils.c:47: *p = *s;
      00021F 8D 82            [24]  548 	mov	dpl,r5
      000221 8E 83            [24]  549 	mov	dph,r6
      000223 8F F0            [24]  550 	mov	b,r7
      000225 E9               [12]  551 	mov	a,r1
      000226 12r00r00         [24]  552 	lcall	__gptrput
      000229 A3               [24]  553 	inc	dptr
      00022A AD 82            [24]  554 	mov	r5,dpl
      00022C AE 83            [24]  555 	mov	r6,dph
                                    556 ;	../Common/StringUtils.c:48: ++p;
      00022E 90r00r12         [24]  557 	mov	dptr,#_strcat_p_10000_7
      000231 ED               [12]  558 	mov	a,r5
      000232 F0               [24]  559 	movx	@dptr,a
      000233 EE               [12]  560 	mov	a,r6
      000234 A3               [24]  561 	inc	dptr
      000235 F0               [24]  562 	movx	@dptr,a
      000236 EF               [12]  563 	mov	a,r7
      000237 A3               [24]  564 	inc	dptr
      000238 F0               [24]  565 	movx	@dptr,a
                                    566 ;	../Common/StringUtils.c:49: ++s;
      000239 0A               [12]  567 	inc	r2
      00023A BA 00 D6         [24]  568 	cjne	r2,#0x00,00104$
      00023D 0B               [12]  569 	inc	r3
      00023E 80 D3            [24]  570 	sjmp	00104$
      000240                        571 00114$:
      000240 90r00r12         [24]  572 	mov	dptr,#_strcat_p_10000_7
      000243 ED               [12]  573 	mov	a,r5
      000244 F0               [24]  574 	movx	@dptr,a
      000245 EE               [12]  575 	mov	a,r6
      000246 A3               [24]  576 	inc	dptr
      000247 F0               [24]  577 	movx	@dptr,a
      000248 EF               [12]  578 	mov	a,r7
      000249 A3               [24]  579 	inc	dptr
      00024A F0               [24]  580 	movx	@dptr,a
                                    581 ;	../Common/StringUtils.c:51: *p = 0;
      00024B 8D 82            [24]  582 	mov	dpl,r5
      00024D 8E 83            [24]  583 	mov	dph,r6
      00024F 8F F0            [24]  584 	mov	b,r7
      000251 E4               [12]  585 	clr	a
                                    586 ;	../Common/StringUtils.c:52: }
      000252 02r00r00         [24]  587 	ljmp	__gptrput
                                    588 ;------------------------------------------------------------
                                    589 ;Allocation info for local variables in function 'strcpy'
                                    590 ;------------------------------------------------------------
                                    591 ;s             Allocated with name '_strcpy_PARM_2'
                                    592 ;p             Allocated with name '_strcpy_p_10000_11'
                                    593 ;------------------------------------------------------------
                                    594 ;	../Common/StringUtils.c:54: void strcpy(char *p, char *s)
                                    595 ;	-----------------------------------------
                                    596 ;	 function strcpy
                                    597 ;	-----------------------------------------
      000255                        598 _strcpy:
      000255 AF F0            [24]  599 	mov	r7,b
      000257 AE 83            [24]  600 	mov	r6,dph
      000259 E5 82            [12]  601 	mov	a,dpl
      00025B 90r00r18         [24]  602 	mov	dptr,#_strcpy_p_10000_11
      00025E F0               [24]  603 	movx	@dptr,a
      00025F EE               [12]  604 	mov	a,r6
      000260 A3               [24]  605 	inc	dptr
      000261 F0               [24]  606 	movx	@dptr,a
      000262 EF               [12]  607 	mov	a,r7
      000263 A3               [24]  608 	inc	dptr
      000264 F0               [24]  609 	movx	@dptr,a
                                    610 ;	../Common/StringUtils.c:56: *p = 0;
      000265 90r00r18         [24]  611 	mov	dptr,#_strcpy_p_10000_11
      000268 E0               [24]  612 	movx	a,@dptr
      000269 FD               [12]  613 	mov	r5,a
      00026A A3               [24]  614 	inc	dptr
      00026B E0               [24]  615 	movx	a,@dptr
      00026C FE               [12]  616 	mov	r6,a
      00026D A3               [24]  617 	inc	dptr
      00026E E0               [24]  618 	movx	a,@dptr
      00026F FF               [12]  619 	mov	r7,a
      000270 8D 82            [24]  620 	mov	dpl,r5
      000272 8E 83            [24]  621 	mov	dph,r6
      000274 8F F0            [24]  622 	mov	b,r7
      000276 E4               [12]  623 	clr	a
      000277 12r00r00         [24]  624 	lcall	__gptrput
                                    625 ;	../Common/StringUtils.c:57: while (*s)
      00027A 90r00r15         [24]  626 	mov	dptr,#_strcpy_PARM_2
      00027D E0               [24]  627 	movx	a,@dptr
      00027E FA               [12]  628 	mov	r2,a
      00027F A3               [24]  629 	inc	dptr
      000280 E0               [24]  630 	movx	a,@dptr
      000281 FB               [12]  631 	mov	r3,a
      000282 A3               [24]  632 	inc	dptr
      000283 E0               [24]  633 	movx	a,@dptr
      000284 FC               [12]  634 	mov	r4,a
      000285                        635 00101$:
      000285 8A 82            [24]  636 	mov	dpl,r2
      000287 8B 83            [24]  637 	mov	dph,r3
      000289 8C F0            [24]  638 	mov	b,r4
      00028B 12r00r00         [24]  639 	lcall	__gptrget
      00028E F9               [12]  640 	mov	r1,a
      00028F 60 21            [24]  641 	jz	00108$
                                    642 ;	../Common/StringUtils.c:59: *p = *s;
      000291 8D 82            [24]  643 	mov	dpl,r5
      000293 8E 83            [24]  644 	mov	dph,r6
      000295 8F F0            [24]  645 	mov	b,r7
      000297 E9               [12]  646 	mov	a,r1
      000298 12r00r00         [24]  647 	lcall	__gptrput
      00029B A3               [24]  648 	inc	dptr
      00029C AD 82            [24]  649 	mov	r5,dpl
      00029E AE 83            [24]  650 	mov	r6,dph
                                    651 ;	../Common/StringUtils.c:60: ++p;
      0002A0 90r00r18         [24]  652 	mov	dptr,#_strcpy_p_10000_11
      0002A3 ED               [12]  653 	mov	a,r5
      0002A4 F0               [24]  654 	movx	@dptr,a
      0002A5 EE               [12]  655 	mov	a,r6
      0002A6 A3               [24]  656 	inc	dptr
      0002A7 F0               [24]  657 	movx	@dptr,a
      0002A8 EF               [12]  658 	mov	a,r7
      0002A9 A3               [24]  659 	inc	dptr
      0002AA F0               [24]  660 	movx	@dptr,a
                                    661 ;	../Common/StringUtils.c:61: ++s;
      0002AB 0A               [12]  662 	inc	r2
      0002AC BA 00 D6         [24]  663 	cjne	r2,#0x00,00101$
      0002AF 0B               [12]  664 	inc	r3
      0002B0 80 D3            [24]  665 	sjmp	00101$
      0002B2                        666 00108$:
      0002B2 90r00r18         [24]  667 	mov	dptr,#_strcpy_p_10000_11
      0002B5 ED               [12]  668 	mov	a,r5
      0002B6 F0               [24]  669 	movx	@dptr,a
      0002B7 EE               [12]  670 	mov	a,r6
      0002B8 A3               [24]  671 	inc	dptr
      0002B9 F0               [24]  672 	movx	@dptr,a
      0002BA EF               [12]  673 	mov	a,r7
      0002BB A3               [24]  674 	inc	dptr
      0002BC F0               [24]  675 	movx	@dptr,a
                                    676 ;	../Common/StringUtils.c:63: *p = 0;
      0002BD 8D 82            [24]  677 	mov	dpl,r5
      0002BF 8E 83            [24]  678 	mov	dph,r6
      0002C1 8F F0            [24]  679 	mov	b,r7
      0002C3 E4               [12]  680 	clr	a
                                    681 ;	../Common/StringUtils.c:64: }
      0002C4 02r00r00         [24]  682 	ljmp	__gptrput
                                    683 	.area CSEG    (CODE)
                                    684 	.area CONST   (CODE)
                                    685 	.area XINIT   (CODE)
                                    686 	.area CABS    (ABS,CODE)
