                                      1 ;--------------------------------------------------------
                                      2 ; File Created by SDCC : free open source ANSI-C Compiler
                                      3 ; Version 4.0.0 #11528 (MINGW64)
                                      4 ;--------------------------------------------------------
                                      5 	.module StringUtils
                                      6 	.optsdcc -mmcs51 --model-large
                                      7 	
                                      8 ;--------------------------------------------------------
                                      9 ; Public variables in this module
                                     10 ;--------------------------------------------------------
                                     11 	.globl _strcpy
                                     12 	.globl _strcat
                                     13 	.globl _UnsignedCharToString
                                     14 	.globl _IntToString
                                     15 	.globl _strcpy_PARM_2
                                     16 	.globl _strcat_PARM_2
                                     17 	.globl _UnsignedCharToString_PARM_2
                                     18 	.globl _IntToString_PARM_2
                                     19 ;--------------------------------------------------------
                                     20 ; special function registers
                                     21 ;--------------------------------------------------------
                                     22 	.area RSEG    (ABS,DATA)
      000000                         23 	.org 0x0000
                                     24 ;--------------------------------------------------------
                                     25 ; special function bits
                                     26 ;--------------------------------------------------------
                                     27 	.area RSEG    (ABS,DATA)
      000000                         28 	.org 0x0000
                                     29 ;--------------------------------------------------------
                                     30 ; overlayable register banks
                                     31 ;--------------------------------------------------------
                                     32 	.area REG_BANK_0	(REL,OVR,DATA)
      000000                         33 	.ds 8
                                     34 ;--------------------------------------------------------
                                     35 ; internal ram data
                                     36 ;--------------------------------------------------------
                                     37 	.area DSEG    (DATA)
      000000                         38 _IntToString_sloc0_1_0:
      000000                         39 	.ds 2
                                     40 ;--------------------------------------------------------
                                     41 ; overlayable items in internal ram 
                                     42 ;--------------------------------------------------------
                                     43 ;--------------------------------------------------------
                                     44 ; indirectly addressable internal ram data
                                     45 ;--------------------------------------------------------
                                     46 	.area ISEG    (DATA)
                                     47 ;--------------------------------------------------------
                                     48 ; absolute internal ram data
                                     49 ;--------------------------------------------------------
                                     50 	.area IABS    (ABS,DATA)
                                     51 	.area IABS    (ABS,DATA)
                                     52 ;--------------------------------------------------------
                                     53 ; bit data
                                     54 ;--------------------------------------------------------
                                     55 	.area BSEG    (BIT)
                                     56 ;--------------------------------------------------------
                                     57 ; paged external ram data
                                     58 ;--------------------------------------------------------
                                     59 	.area PSEG    (PAG,XDATA)
                                     60 ;--------------------------------------------------------
                                     61 ; external ram data
                                     62 ;--------------------------------------------------------
                                     63 	.area XSEG    (XDATA)
      000000                         64 _IntToString_PARM_2:
      000000                         65 	.ds 2
      000002                         66 _IntToString_p_65536_1:
      000002                         67 	.ds 3
      000005                         68 _IntToString_divider_65536_2:
      000005                         69 	.ds 2
      000007                         70 _UnsignedCharToString_PARM_2:
      000007                         71 	.ds 1
      000008                         72 _UnsignedCharToString_p_65536_4:
      000008                         73 	.ds 3
      00000B                         74 _UnsignedCharToString_digit_65536_5:
      00000B                         75 	.ds 2
      00000D                         76 _UnsignedCharToString_divider_65536_5:
      00000D                         77 	.ds 2
      00000F                         78 _strcat_PARM_2:
      00000F                         79 	.ds 3
      000012                         80 _strcat_p_65536_7:
      000012                         81 	.ds 3
      000015                         82 _strcpy_PARM_2:
      000015                         83 	.ds 3
      000018                         84 _strcpy_p_65536_11:
      000018                         85 	.ds 3
                                     86 ;--------------------------------------------------------
                                     87 ; absolute external ram data
                                     88 ;--------------------------------------------------------
                                     89 	.area XABS    (ABS,XDATA)
                                     90 ;--------------------------------------------------------
                                     91 ; external initialized ram data
                                     92 ;--------------------------------------------------------
                                     93 	.area XISEG   (XDATA)
                                     94 	.area HOME    (CODE)
                                     95 	.area GSINIT0 (CODE)
                                     96 	.area GSINIT1 (CODE)
                                     97 	.area GSINIT2 (CODE)
                                     98 	.area GSINIT3 (CODE)
                                     99 	.area GSINIT4 (CODE)
                                    100 	.area GSINIT5 (CODE)
                                    101 	.area GSINIT  (CODE)
                                    102 	.area GSFINAL (CODE)
                                    103 	.area CSEG    (CODE)
                                    104 ;--------------------------------------------------------
                                    105 ; global & static initialisations
                                    106 ;--------------------------------------------------------
                                    107 	.area HOME    (CODE)
                                    108 	.area GSINIT  (CODE)
                                    109 	.area GSFINAL (CODE)
                                    110 	.area GSINIT  (CODE)
                                    111 ;--------------------------------------------------------
                                    112 ; Home
                                    113 ;--------------------------------------------------------
                                    114 	.area HOME    (CODE)
                                    115 	.area HOME    (CODE)
                                    116 ;--------------------------------------------------------
                                    117 ; code
                                    118 ;--------------------------------------------------------
                                    119 	.area CSEG    (CODE)
                                    120 ;------------------------------------------------------------
                                    121 ;Allocation info for local variables in function 'IntToString'
                                    122 ;------------------------------------------------------------
                                    123 ;sloc0                     Allocated with name '_IntToString_sloc0_1_0'
                                    124 ;v                         Allocated with name '_IntToString_PARM_2'
                                    125 ;p                         Allocated with name '_IntToString_p_65536_1'
                                    126 ;digit                     Allocated with name '_IntToString_digit_65536_2'
                                    127 ;divider                   Allocated with name '_IntToString_divider_65536_2'
                                    128 ;------------------------------------------------------------
                                    129 ;	../Common/StringUtils.c:2: void IntToString(unsigned char *p, unsigned int v)
                                    130 ;	-----------------------------------------
                                    131 ;	 function IntToString
                                    132 ;	-----------------------------------------
      000000                        133 _IntToString:
                           000007   134 	ar7 = 0x07
                           000006   135 	ar6 = 0x06
                           000005   136 	ar5 = 0x05
                           000004   137 	ar4 = 0x04
                           000003   138 	ar3 = 0x03
                           000002   139 	ar2 = 0x02
                           000001   140 	ar1 = 0x01
                           000000   141 	ar0 = 0x00
      000000 AF F0            [24]  142 	mov	r7,b
      000002 AE 83            [24]  143 	mov	r6,dph
      000004 E5 82            [12]  144 	mov	a,dpl
      000006 90r00r02         [24]  145 	mov	dptr,#_IntToString_p_65536_1
      000009 F0               [24]  146 	movx	@dptr,a
      00000A EE               [12]  147 	mov	a,r6
      00000B A3               [24]  148 	inc	dptr
      00000C F0               [24]  149 	movx	@dptr,a
      00000D EF               [12]  150 	mov	a,r7
      00000E A3               [24]  151 	inc	dptr
      00000F F0               [24]  152 	movx	@dptr,a
                                    153 ;	../Common/StringUtils.c:6: divider = 10000;
      000010 90r00r05         [24]  154 	mov	dptr,#_IntToString_divider_65536_2
      000013 74 10            [12]  155 	mov	a,#0x10
      000015 F0               [24]  156 	movx	@dptr,a
      000016 74 27            [12]  157 	mov	a,#0x27
      000018 A3               [24]  158 	inc	dptr
      000019 F0               [24]  159 	movx	@dptr,a
                                    160 ;	../Common/StringUtils.c:7: do
      00001A 90r00r02         [24]  161 	mov	dptr,#_IntToString_p_65536_1
      00001D E0               [24]  162 	movx	a,@dptr
      00001E FD               [12]  163 	mov	r5,a
      00001F A3               [24]  164 	inc	dptr
      000020 E0               [24]  165 	movx	a,@dptr
      000021 FE               [12]  166 	mov	r6,a
      000022 A3               [24]  167 	inc	dptr
      000023 E0               [24]  168 	movx	a,@dptr
      000024 FF               [12]  169 	mov	r7,a
      000025                        170 00101$:
                                    171 ;	../Common/StringUtils.c:9: digit = v / divider;
      000025 90r00r05         [24]  172 	mov	dptr,#_IntToString_divider_65536_2
      000028 E0               [24]  173 	movx	a,@dptr
      000029 FB               [12]  174 	mov	r3,a
      00002A A3               [24]  175 	inc	dptr
      00002B E0               [24]  176 	movx	a,@dptr
      00002C FC               [12]  177 	mov	r4,a
      00002D 90r00r00         [24]  178 	mov	dptr,#_IntToString_PARM_2
      000030 E0               [24]  179 	movx	a,@dptr
      000031 F5*00            [12]  180 	mov	_IntToString_sloc0_1_0,a
      000033 A3               [24]  181 	inc	dptr
      000034 E0               [24]  182 	movx	a,@dptr
      000035 F5*01            [12]  183 	mov	(_IntToString_sloc0_1_0 + 1),a
      000037 90r00r00         [24]  184 	mov	dptr,#__divuint_PARM_2
      00003A EB               [12]  185 	mov	a,r3
      00003B F0               [24]  186 	movx	@dptr,a
      00003C EC               [12]  187 	mov	a,r4
      00003D A3               [24]  188 	inc	dptr
      00003E F0               [24]  189 	movx	@dptr,a
                                    190 ;	../Common/StringUtils.c:10: *p = '0' + digit;
      00003F 85*00 82         [24]  191 	mov	dpl,_IntToString_sloc0_1_0
      000042 85*01 83         [24]  192 	mov	dph,(_IntToString_sloc0_1_0 + 1)
      000045 C0 07            [24]  193 	push	ar7
      000047 C0 06            [24]  194 	push	ar6
      000049 C0 05            [24]  195 	push	ar5
      00004B C0 04            [24]  196 	push	ar4
      00004D C0 03            [24]  197 	push	ar3
      00004F 12r00r00         [24]  198 	lcall	__divuint
      000052 A8 82            [24]  199 	mov	r0,dpl
      000054 AA 83            [24]  200 	mov	r2,dph
      000056 D0 03            [24]  201 	pop	ar3
      000058 D0 04            [24]  202 	pop	ar4
      00005A D0 05            [24]  203 	pop	ar5
      00005C D0 06            [24]  204 	pop	ar6
      00005E D0 07            [24]  205 	pop	ar7
      000060 88 01            [24]  206 	mov	ar1,r0
      000062 74 30            [12]  207 	mov	a,#0x30
      000064 29               [12]  208 	add	a,r1
      000065 8D 82            [24]  209 	mov	dpl,r5
      000067 8E 83            [24]  210 	mov	dph,r6
      000069 8F F0            [24]  211 	mov	b,r7
      00006B 12r00r00         [24]  212 	lcall	__gptrput
      00006E A3               [24]  213 	inc	dptr
      00006F AD 82            [24]  214 	mov	r5,dpl
      000071 AE 83            [24]  215 	mov	r6,dph
                                    216 ;	../Common/StringUtils.c:11: v -= digit * divider;
      000073 90r00r00         [24]  217 	mov	dptr,#__mulint_PARM_2
      000076 EB               [12]  218 	mov	a,r3
      000077 F0               [24]  219 	movx	@dptr,a
      000078 EC               [12]  220 	mov	a,r4
      000079 A3               [24]  221 	inc	dptr
      00007A F0               [24]  222 	movx	@dptr,a
      00007B 88 82            [24]  223 	mov	dpl,r0
      00007D 8A 83            [24]  224 	mov	dph,r2
      00007F C0 07            [24]  225 	push	ar7
      000081 C0 06            [24]  226 	push	ar6
      000083 C0 05            [24]  227 	push	ar5
      000085 C0 04            [24]  228 	push	ar4
      000087 C0 03            [24]  229 	push	ar3
      000089 12r00r00         [24]  230 	lcall	__mulint
      00008C A9 82            [24]  231 	mov	r1,dpl
      00008E AA 83            [24]  232 	mov	r2,dph
      000090 D0 03            [24]  233 	pop	ar3
      000092 D0 04            [24]  234 	pop	ar4
      000094 90r00r00         [24]  235 	mov	dptr,#_IntToString_PARM_2
      000097 E5*00            [12]  236 	mov	a,_IntToString_sloc0_1_0
      000099 C3               [12]  237 	clr	c
      00009A 99               [12]  238 	subb	a,r1
      00009B F0               [24]  239 	movx	@dptr,a
      00009C E5*01            [12]  240 	mov	a,(_IntToString_sloc0_1_0 + 1)
      00009E 9A               [12]  241 	subb	a,r2
      00009F A3               [24]  242 	inc	dptr
      0000A0 F0               [24]  243 	movx	@dptr,a
                                    244 ;	../Common/StringUtils.c:12: divider = divider / 10;
      0000A1 90r00r00         [24]  245 	mov	dptr,#__divuint_PARM_2
      0000A4 74 0A            [12]  246 	mov	a,#0x0a
      0000A6 F0               [24]  247 	movx	@dptr,a
      0000A7 E4               [12]  248 	clr	a
      0000A8 A3               [24]  249 	inc	dptr
      0000A9 F0               [24]  250 	movx	@dptr,a
      0000AA 8B 82            [24]  251 	mov	dpl,r3
      0000AC 8C 83            [24]  252 	mov	dph,r4
      0000AE 12r00r00         [24]  253 	lcall	__divuint
      0000B1 E5 82            [12]  254 	mov	a,dpl
      0000B3 85 83 F0         [24]  255 	mov	b,dph
      0000B6 D0 05            [24]  256 	pop	ar5
      0000B8 D0 06            [24]  257 	pop	ar6
      0000BA D0 07            [24]  258 	pop	ar7
      0000BC 90r00r05         [24]  259 	mov	dptr,#_IntToString_divider_65536_2
      0000BF F0               [24]  260 	movx	@dptr,a
      0000C0 E5 F0            [12]  261 	mov	a,b
      0000C2 A3               [24]  262 	inc	dptr
      0000C3 F0               [24]  263 	movx	@dptr,a
                                    264 ;	../Common/StringUtils.c:13: ++p;
      0000C4 90r00r02         [24]  265 	mov	dptr,#_IntToString_p_65536_1
      0000C7 ED               [12]  266 	mov	a,r5
      0000C8 F0               [24]  267 	movx	@dptr,a
      0000C9 EE               [12]  268 	mov	a,r6
      0000CA A3               [24]  269 	inc	dptr
      0000CB F0               [24]  270 	movx	@dptr,a
      0000CC EF               [12]  271 	mov	a,r7
      0000CD A3               [24]  272 	inc	dptr
      0000CE F0               [24]  273 	movx	@dptr,a
                                    274 ;	../Common/StringUtils.c:15: while (divider > 0);
      0000CF 90r00r05         [24]  275 	mov	dptr,#_IntToString_divider_65536_2
      0000D2 E0               [24]  276 	movx	a,@dptr
      0000D3 F5 F0            [12]  277 	mov	b,a
      0000D5 A3               [24]  278 	inc	dptr
      0000D6 E0               [24]  279 	movx	a,@dptr
      0000D7 45 F0            [12]  280 	orl	a,b
      0000D9 60 03            [24]  281 	jz	00115$
      0000DB 02r00r25         [24]  282 	ljmp	00101$
      0000DE                        283 00115$:
                                    284 ;	../Common/StringUtils.c:16: *p = 0;
      0000DE 90r00r02         [24]  285 	mov	dptr,#_IntToString_p_65536_1
      0000E1 ED               [12]  286 	mov	a,r5
      0000E2 F0               [24]  287 	movx	@dptr,a
      0000E3 EE               [12]  288 	mov	a,r6
      0000E4 A3               [24]  289 	inc	dptr
      0000E5 F0               [24]  290 	movx	@dptr,a
      0000E6 EF               [12]  291 	mov	a,r7
      0000E7 A3               [24]  292 	inc	dptr
      0000E8 F0               [24]  293 	movx	@dptr,a
      0000E9 8D 82            [24]  294 	mov	dpl,r5
      0000EB 8E 83            [24]  295 	mov	dph,r6
      0000ED 8F F0            [24]  296 	mov	b,r7
      0000EF E4               [12]  297 	clr	a
                                    298 ;	../Common/StringUtils.c:17: }
      0000F0 02r00r00         [24]  299 	ljmp	__gptrput
                                    300 ;------------------------------------------------------------
                                    301 ;Allocation info for local variables in function 'UnsignedCharToString'
                                    302 ;------------------------------------------------------------
                                    303 ;v                         Allocated with name '_UnsignedCharToString_PARM_2'
                                    304 ;p                         Allocated with name '_UnsignedCharToString_p_65536_4'
                                    305 ;digit                     Allocated with name '_UnsignedCharToString_digit_65536_5'
                                    306 ;divider                   Allocated with name '_UnsignedCharToString_divider_65536_5'
                                    307 ;------------------------------------------------------------
                                    308 ;	../Common/StringUtils.c:21: void UnsignedCharToString(unsigned char *p, unsigned char v)
                                    309 ;	-----------------------------------------
                                    310 ;	 function UnsignedCharToString
                                    311 ;	-----------------------------------------
      0000F3                        312 _UnsignedCharToString:
      0000F3 AF F0            [24]  313 	mov	r7,b
      0000F5 AE 83            [24]  314 	mov	r6,dph
      0000F7 E5 82            [12]  315 	mov	a,dpl
      0000F9 90r00r08         [24]  316 	mov	dptr,#_UnsignedCharToString_p_65536_4
      0000FC F0               [24]  317 	movx	@dptr,a
      0000FD EE               [12]  318 	mov	a,r6
      0000FE A3               [24]  319 	inc	dptr
      0000FF F0               [24]  320 	movx	@dptr,a
      000100 EF               [12]  321 	mov	a,r7
      000101 A3               [24]  322 	inc	dptr
      000102 F0               [24]  323 	movx	@dptr,a
                                    324 ;	../Common/StringUtils.c:25: divider = 0x80;
      000103 90r00r0D         [24]  325 	mov	dptr,#_UnsignedCharToString_divider_65536_5
      000106 74 80            [12]  326 	mov	a,#0x80
      000108 F0               [24]  327 	movx	@dptr,a
      000109 E4               [12]  328 	clr	a
      00010A A3               [24]  329 	inc	dptr
      00010B F0               [24]  330 	movx	@dptr,a
                                    331 ;	../Common/StringUtils.c:26: do
      00010C 90r00r08         [24]  332 	mov	dptr,#_UnsignedCharToString_p_65536_4
      00010F E0               [24]  333 	movx	a,@dptr
      000110 FD               [12]  334 	mov	r5,a
      000111 A3               [24]  335 	inc	dptr
      000112 E0               [24]  336 	movx	a,@dptr
      000113 FE               [12]  337 	mov	r6,a
      000114 A3               [24]  338 	inc	dptr
      000115 E0               [24]  339 	movx	a,@dptr
      000116 FF               [12]  340 	mov	r7,a
      000117                        341 00101$:
                                    342 ;	../Common/StringUtils.c:28: digit = v / divider;
      000117 90r00r0D         [24]  343 	mov	dptr,#_UnsignedCharToString_divider_65536_5
      00011A E0               [24]  344 	movx	a,@dptr
      00011B FB               [12]  345 	mov	r3,a
      00011C A3               [24]  346 	inc	dptr
      00011D E0               [24]  347 	movx	a,@dptr
      00011E FC               [12]  348 	mov	r4,a
      00011F 90r00r07         [24]  349 	mov	dptr,#_UnsignedCharToString_PARM_2
      000122 E0               [24]  350 	movx	a,@dptr
      000123 F9               [12]  351 	mov	r1,a
      000124 7A 00            [12]  352 	mov	r2,#0x00
      000126 90r00r00         [24]  353 	mov	dptr,#__divuint_PARM_2
      000129 EB               [12]  354 	mov	a,r3
      00012A F0               [24]  355 	movx	@dptr,a
      00012B EC               [12]  356 	mov	a,r4
      00012C A3               [24]  357 	inc	dptr
      00012D F0               [24]  358 	movx	@dptr,a
      00012E 89 82            [24]  359 	mov	dpl,r1
      000130 8A 83            [24]  360 	mov	dph,r2
      000132 C0 07            [24]  361 	push	ar7
      000134 C0 06            [24]  362 	push	ar6
      000136 C0 05            [24]  363 	push	ar5
      000138 12r00r00         [24]  364 	lcall	__divuint
      00013B AB 82            [24]  365 	mov	r3,dpl
      00013D AC 83            [24]  366 	mov	r4,dph
      00013F D0 05            [24]  367 	pop	ar5
      000141 D0 06            [24]  368 	pop	ar6
      000143 D0 07            [24]  369 	pop	ar7
      000145 90r00r0B         [24]  370 	mov	dptr,#_UnsignedCharToString_digit_65536_5
      000148 EB               [12]  371 	mov	a,r3
      000149 F0               [24]  372 	movx	@dptr,a
      00014A EC               [12]  373 	mov	a,r4
      00014B A3               [24]  374 	inc	dptr
      00014C F0               [24]  375 	movx	@dptr,a
                                    376 ;	../Common/StringUtils.c:29: *p = digit ? '1' : '0';
      00014D 8D 00            [24]  377 	mov	ar0,r5
      00014F 8E 01            [24]  378 	mov	ar1,r6
      000151 8F 02            [24]  379 	mov	ar2,r7
      000153 EB               [12]  380 	mov	a,r3
      000154 4C               [12]  381 	orl	a,r4
      000155 60 06            [24]  382 	jz	00106$
      000157 7B 31            [12]  383 	mov	r3,#0x31
      000159 7C 00            [12]  384 	mov	r4,#0x00
      00015B 80 04            [24]  385 	sjmp	00107$
      00015D                        386 00106$:
      00015D 7B 30            [12]  387 	mov	r3,#0x30
      00015F 7C 00            [12]  388 	mov	r4,#0x00
      000161                        389 00107$:
      000161 88 82            [24]  390 	mov	dpl,r0
      000163 89 83            [24]  391 	mov	dph,r1
      000165 8A F0            [24]  392 	mov	b,r2
      000167 EB               [12]  393 	mov	a,r3
      000168 12r00r00         [24]  394 	lcall	__gptrput
                                    395 ;	../Common/StringUtils.c:30: v -= digit * divider;
      00016B 90r00r0B         [24]  396 	mov	dptr,#_UnsignedCharToString_digit_65536_5
      00016E E0               [24]  397 	movx	a,@dptr
      00016F FB               [12]  398 	mov	r3,a
      000170 A3               [24]  399 	inc	dptr
      000171 E0               [24]  400 	movx	a,@dptr
      000172 90r00r0D         [24]  401 	mov	dptr,#_UnsignedCharToString_divider_65536_5
      000175 E0               [24]  402 	movx	a,@dptr
      000176 FA               [12]  403 	mov	r2,a
      000177 A3               [24]  404 	inc	dptr
      000178 E0               [24]  405 	movx	a,@dptr
      000179 FC               [12]  406 	mov	r4,a
      00017A 8A 01            [24]  407 	mov	ar1,r2
      00017C 8B F0            [24]  408 	mov	b,r3
      00017E E9               [12]  409 	mov	a,r1
      00017F A4               [48]  410 	mul	ab
      000180 FB               [12]  411 	mov	r3,a
      000181 90r00r07         [24]  412 	mov	dptr,#_UnsignedCharToString_PARM_2
      000184 E0               [24]  413 	movx	a,@dptr
      000185 C3               [12]  414 	clr	c
      000186 9B               [12]  415 	subb	a,r3
      000187 F0               [24]  416 	movx	@dptr,a
                                    417 ;	../Common/StringUtils.c:31: divider = divider / 2;
      000188 EC               [12]  418 	mov	a,r4
      000189 C3               [12]  419 	clr	c
      00018A 13               [12]  420 	rrc	a
      00018B CA               [12]  421 	xch	a,r2
      00018C 13               [12]  422 	rrc	a
      00018D CA               [12]  423 	xch	a,r2
      00018E FC               [12]  424 	mov	r4,a
      00018F 90r00r0D         [24]  425 	mov	dptr,#_UnsignedCharToString_divider_65536_5
      000192 EA               [12]  426 	mov	a,r2
      000193 F0               [24]  427 	movx	@dptr,a
      000194 EC               [12]  428 	mov	a,r4
      000195 A3               [24]  429 	inc	dptr
      000196 F0               [24]  430 	movx	@dptr,a
                                    431 ;	../Common/StringUtils.c:32: ++p;
      000197 0D               [12]  432 	inc	r5
      000198 BD 00 01         [24]  433 	cjne	r5,#0x00,00122$
      00019B 0E               [12]  434 	inc	r6
      00019C                        435 00122$:
      00019C 90r00r08         [24]  436 	mov	dptr,#_UnsignedCharToString_p_65536_4
      00019F ED               [12]  437 	mov	a,r5
      0001A0 F0               [24]  438 	movx	@dptr,a
      0001A1 EE               [12]  439 	mov	a,r6
      0001A2 A3               [24]  440 	inc	dptr
      0001A3 F0               [24]  441 	movx	@dptr,a
      0001A4 EF               [12]  442 	mov	a,r7
      0001A5 A3               [24]  443 	inc	dptr
      0001A6 F0               [24]  444 	movx	@dptr,a
                                    445 ;	../Common/StringUtils.c:34: while (divider > 0);
      0001A7 90r00r0D         [24]  446 	mov	dptr,#_UnsignedCharToString_divider_65536_5
      0001AA E0               [24]  447 	movx	a,@dptr
      0001AB F5 F0            [12]  448 	mov	b,a
      0001AD A3               [24]  449 	inc	dptr
      0001AE E0               [24]  450 	movx	a,@dptr
      0001AF 45 F0            [12]  451 	orl	a,b
      0001B1 60 03            [24]  452 	jz	00123$
      0001B3 02r01r17         [24]  453 	ljmp	00101$
      0001B6                        454 00123$:
                                    455 ;	../Common/StringUtils.c:35: *p = 0;
      0001B6 90r00r08         [24]  456 	mov	dptr,#_UnsignedCharToString_p_65536_4
      0001B9 ED               [12]  457 	mov	a,r5
      0001BA F0               [24]  458 	movx	@dptr,a
      0001BB EE               [12]  459 	mov	a,r6
      0001BC A3               [24]  460 	inc	dptr
      0001BD F0               [24]  461 	movx	@dptr,a
      0001BE EF               [12]  462 	mov	a,r7
      0001BF A3               [24]  463 	inc	dptr
      0001C0 F0               [24]  464 	movx	@dptr,a
      0001C1 8D 82            [24]  465 	mov	dpl,r5
      0001C3 8E 83            [24]  466 	mov	dph,r6
      0001C5 8F F0            [24]  467 	mov	b,r7
      0001C7 E4               [12]  468 	clr	a
                                    469 ;	../Common/StringUtils.c:36: }
      0001C8 02r00r00         [24]  470 	ljmp	__gptrput
                                    471 ;------------------------------------------------------------
                                    472 ;Allocation info for local variables in function 'strcat'
                                    473 ;------------------------------------------------------------
                                    474 ;s                         Allocated with name '_strcat_PARM_2'
                                    475 ;p                         Allocated with name '_strcat_p_65536_7'
                                    476 ;------------------------------------------------------------
                                    477 ;	../Common/StringUtils.c:39: void strcat(char *p, char *s)
                                    478 ;	-----------------------------------------
                                    479 ;	 function strcat
                                    480 ;	-----------------------------------------
      0001CB                        481 _strcat:
      0001CB AF F0            [24]  482 	mov	r7,b
      0001CD AE 83            [24]  483 	mov	r6,dph
      0001CF E5 82            [12]  484 	mov	a,dpl
      0001D1 90r00r12         [24]  485 	mov	dptr,#_strcat_p_65536_7
      0001D4 F0               [24]  486 	movx	@dptr,a
      0001D5 EE               [12]  487 	mov	a,r6
      0001D6 A3               [24]  488 	inc	dptr
      0001D7 F0               [24]  489 	movx	@dptr,a
      0001D8 EF               [12]  490 	mov	a,r7
      0001D9 A3               [24]  491 	inc	dptr
      0001DA F0               [24]  492 	movx	@dptr,a
                                    493 ;	../Common/StringUtils.c:41: while (*p)
      0001DB 90r00r12         [24]  494 	mov	dptr,#_strcat_p_65536_7
      0001DE E0               [24]  495 	movx	a,@dptr
      0001DF FD               [12]  496 	mov	r5,a
      0001E0 A3               [24]  497 	inc	dptr
      0001E1 E0               [24]  498 	movx	a,@dptr
      0001E2 FE               [12]  499 	mov	r6,a
      0001E3 A3               [24]  500 	inc	dptr
      0001E4 E0               [24]  501 	movx	a,@dptr
      0001E5 FF               [12]  502 	mov	r7,a
      0001E6                        503 00101$:
      0001E6 8D 82            [24]  504 	mov	dpl,r5
      0001E8 8E 83            [24]  505 	mov	dph,r6
      0001EA 8F F0            [24]  506 	mov	b,r7
      0001EC 12r00r00         [24]  507 	lcall	__gptrget
      0001EF 60 12            [24]  508 	jz	00113$
                                    509 ;	../Common/StringUtils.c:43: ++p;
      0001F1 0D               [12]  510 	inc	r5
      0001F2 BD 00 01         [24]  511 	cjne	r5,#0x00,00128$
      0001F5 0E               [12]  512 	inc	r6
      0001F6                        513 00128$:
      0001F6 90r00r12         [24]  514 	mov	dptr,#_strcat_p_65536_7
      0001F9 ED               [12]  515 	mov	a,r5
      0001FA F0               [24]  516 	movx	@dptr,a
      0001FB EE               [12]  517 	mov	a,r6
      0001FC A3               [24]  518 	inc	dptr
      0001FD F0               [24]  519 	movx	@dptr,a
      0001FE EF               [12]  520 	mov	a,r7
      0001FF A3               [24]  521 	inc	dptr
      000200 F0               [24]  522 	movx	@dptr,a
                                    523 ;	../Common/StringUtils.c:45: while (*s)
      000201 80 E3            [24]  524 	sjmp	00101$
      000203                        525 00113$:
      000203 90r00r12         [24]  526 	mov	dptr,#_strcat_p_65536_7
      000206 ED               [12]  527 	mov	a,r5
      000207 F0               [24]  528 	movx	@dptr,a
      000208 EE               [12]  529 	mov	a,r6
      000209 A3               [24]  530 	inc	dptr
      00020A F0               [24]  531 	movx	@dptr,a
      00020B EF               [12]  532 	mov	a,r7
      00020C A3               [24]  533 	inc	dptr
      00020D F0               [24]  534 	movx	@dptr,a
      00020E 90r00r0F         [24]  535 	mov	dptr,#_strcat_PARM_2
      000211 E0               [24]  536 	movx	a,@dptr
      000212 FA               [12]  537 	mov	r2,a
      000213 A3               [24]  538 	inc	dptr
      000214 E0               [24]  539 	movx	a,@dptr
      000215 FB               [12]  540 	mov	r3,a
      000216 A3               [24]  541 	inc	dptr
      000217 E0               [24]  542 	movx	a,@dptr
      000218 FC               [12]  543 	mov	r4,a
      000219                        544 00104$:
      000219 8A 82            [24]  545 	mov	dpl,r2
      00021B 8B 83            [24]  546 	mov	dph,r3
      00021D 8C F0            [24]  547 	mov	b,r4
      00021F 12r00r00         [24]  548 	lcall	__gptrget
      000222 F9               [12]  549 	mov	r1,a
      000223 60 21            [24]  550 	jz	00114$
                                    551 ;	../Common/StringUtils.c:47: *p = *s;
      000225 8D 82            [24]  552 	mov	dpl,r5
      000227 8E 83            [24]  553 	mov	dph,r6
      000229 8F F0            [24]  554 	mov	b,r7
      00022B E9               [12]  555 	mov	a,r1
      00022C 12r00r00         [24]  556 	lcall	__gptrput
      00022F A3               [24]  557 	inc	dptr
      000230 AD 82            [24]  558 	mov	r5,dpl
      000232 AE 83            [24]  559 	mov	r6,dph
                                    560 ;	../Common/StringUtils.c:48: ++p;
      000234 90r00r12         [24]  561 	mov	dptr,#_strcat_p_65536_7
      000237 ED               [12]  562 	mov	a,r5
      000238 F0               [24]  563 	movx	@dptr,a
      000239 EE               [12]  564 	mov	a,r6
      00023A A3               [24]  565 	inc	dptr
      00023B F0               [24]  566 	movx	@dptr,a
      00023C EF               [12]  567 	mov	a,r7
      00023D A3               [24]  568 	inc	dptr
      00023E F0               [24]  569 	movx	@dptr,a
                                    570 ;	../Common/StringUtils.c:49: ++s;
      00023F 0A               [12]  571 	inc	r2
      000240 BA 00 D6         [24]  572 	cjne	r2,#0x00,00104$
      000243 0B               [12]  573 	inc	r3
      000244 80 D3            [24]  574 	sjmp	00104$
      000246                        575 00114$:
      000246 90r00r12         [24]  576 	mov	dptr,#_strcat_p_65536_7
      000249 ED               [12]  577 	mov	a,r5
      00024A F0               [24]  578 	movx	@dptr,a
      00024B EE               [12]  579 	mov	a,r6
      00024C A3               [24]  580 	inc	dptr
      00024D F0               [24]  581 	movx	@dptr,a
      00024E EF               [12]  582 	mov	a,r7
      00024F A3               [24]  583 	inc	dptr
      000250 F0               [24]  584 	movx	@dptr,a
                                    585 ;	../Common/StringUtils.c:51: *p = 0;
      000251 8D 82            [24]  586 	mov	dpl,r5
      000253 8E 83            [24]  587 	mov	dph,r6
      000255 8F F0            [24]  588 	mov	b,r7
      000257 E4               [12]  589 	clr	a
                                    590 ;	../Common/StringUtils.c:52: }
      000258 02r00r00         [24]  591 	ljmp	__gptrput
                                    592 ;------------------------------------------------------------
                                    593 ;Allocation info for local variables in function 'strcpy'
                                    594 ;------------------------------------------------------------
                                    595 ;s                         Allocated with name '_strcpy_PARM_2'
                                    596 ;p                         Allocated with name '_strcpy_p_65536_11'
                                    597 ;------------------------------------------------------------
                                    598 ;	../Common/StringUtils.c:54: void strcpy(char *p, char *s)
                                    599 ;	-----------------------------------------
                                    600 ;	 function strcpy
                                    601 ;	-----------------------------------------
      00025B                        602 _strcpy:
      00025B AF F0            [24]  603 	mov	r7,b
      00025D AE 83            [24]  604 	mov	r6,dph
      00025F E5 82            [12]  605 	mov	a,dpl
      000261 90r00r18         [24]  606 	mov	dptr,#_strcpy_p_65536_11
      000264 F0               [24]  607 	movx	@dptr,a
      000265 EE               [12]  608 	mov	a,r6
      000266 A3               [24]  609 	inc	dptr
      000267 F0               [24]  610 	movx	@dptr,a
      000268 EF               [12]  611 	mov	a,r7
      000269 A3               [24]  612 	inc	dptr
      00026A F0               [24]  613 	movx	@dptr,a
                                    614 ;	../Common/StringUtils.c:56: *p = 0;
      00026B 90r00r18         [24]  615 	mov	dptr,#_strcpy_p_65536_11
      00026E E0               [24]  616 	movx	a,@dptr
      00026F FD               [12]  617 	mov	r5,a
      000270 A3               [24]  618 	inc	dptr
      000271 E0               [24]  619 	movx	a,@dptr
      000272 FE               [12]  620 	mov	r6,a
      000273 A3               [24]  621 	inc	dptr
      000274 E0               [24]  622 	movx	a,@dptr
      000275 FF               [12]  623 	mov	r7,a
      000276 8D 82            [24]  624 	mov	dpl,r5
      000278 8E 83            [24]  625 	mov	dph,r6
      00027A 8F F0            [24]  626 	mov	b,r7
      00027C E4               [12]  627 	clr	a
      00027D 12r00r00         [24]  628 	lcall	__gptrput
                                    629 ;	../Common/StringUtils.c:57: while (*s)
      000280 90r00r15         [24]  630 	mov	dptr,#_strcpy_PARM_2
      000283 E0               [24]  631 	movx	a,@dptr
      000284 FA               [12]  632 	mov	r2,a
      000285 A3               [24]  633 	inc	dptr
      000286 E0               [24]  634 	movx	a,@dptr
      000287 FB               [12]  635 	mov	r3,a
      000288 A3               [24]  636 	inc	dptr
      000289 E0               [24]  637 	movx	a,@dptr
      00028A FC               [12]  638 	mov	r4,a
      00028B                        639 00101$:
      00028B 8A 82            [24]  640 	mov	dpl,r2
      00028D 8B 83            [24]  641 	mov	dph,r3
      00028F 8C F0            [24]  642 	mov	b,r4
      000291 12r00r00         [24]  643 	lcall	__gptrget
      000294 F9               [12]  644 	mov	r1,a
      000295 60 21            [24]  645 	jz	00108$
                                    646 ;	../Common/StringUtils.c:59: *p = *s;
      000297 8D 82            [24]  647 	mov	dpl,r5
      000299 8E 83            [24]  648 	mov	dph,r6
      00029B 8F F0            [24]  649 	mov	b,r7
      00029D E9               [12]  650 	mov	a,r1
      00029E 12r00r00         [24]  651 	lcall	__gptrput
      0002A1 A3               [24]  652 	inc	dptr
      0002A2 AD 82            [24]  653 	mov	r5,dpl
      0002A4 AE 83            [24]  654 	mov	r6,dph
                                    655 ;	../Common/StringUtils.c:60: ++p;
      0002A6 90r00r18         [24]  656 	mov	dptr,#_strcpy_p_65536_11
      0002A9 ED               [12]  657 	mov	a,r5
      0002AA F0               [24]  658 	movx	@dptr,a
      0002AB EE               [12]  659 	mov	a,r6
      0002AC A3               [24]  660 	inc	dptr
      0002AD F0               [24]  661 	movx	@dptr,a
      0002AE EF               [12]  662 	mov	a,r7
      0002AF A3               [24]  663 	inc	dptr
      0002B0 F0               [24]  664 	movx	@dptr,a
                                    665 ;	../Common/StringUtils.c:61: ++s;
      0002B1 0A               [12]  666 	inc	r2
      0002B2 BA 00 D6         [24]  667 	cjne	r2,#0x00,00101$
      0002B5 0B               [12]  668 	inc	r3
      0002B6 80 D3            [24]  669 	sjmp	00101$
      0002B8                        670 00108$:
      0002B8 90r00r18         [24]  671 	mov	dptr,#_strcpy_p_65536_11
      0002BB ED               [12]  672 	mov	a,r5
      0002BC F0               [24]  673 	movx	@dptr,a
      0002BD EE               [12]  674 	mov	a,r6
      0002BE A3               [24]  675 	inc	dptr
      0002BF F0               [24]  676 	movx	@dptr,a
      0002C0 EF               [12]  677 	mov	a,r7
      0002C1 A3               [24]  678 	inc	dptr
      0002C2 F0               [24]  679 	movx	@dptr,a
                                    680 ;	../Common/StringUtils.c:63: *p = 0;
      0002C3 8D 82            [24]  681 	mov	dpl,r5
      0002C5 8E 83            [24]  682 	mov	dph,r6
      0002C7 8F F0            [24]  683 	mov	b,r7
      0002C9 E4               [12]  684 	clr	a
                                    685 ;	../Common/StringUtils.c:64: }
      0002CA 02r00r00         [24]  686 	ljmp	__gptrput
                                    687 	.area CSEG    (CODE)
                                    688 	.area CONST   (CODE)
                                    689 	.area XINIT   (CODE)
                                    690 	.area CABS    (ABS,CODE)
