                              1 ;--------------------------------------------------------
                              2 ; File Created by SDCC : free open source ANSI-C Compiler
                              3 ; Version 3.0.0 #6037 (Oct 31 2010) (MINGW32)
                              4 ; This file was generated Wed Jun 27 23:08:40 2012
                              5 ;--------------------------------------------------------
                              6 	.module Main
                              7 	.optsdcc -mmcs51 --model-small
                              8 	
                              9 ;--------------------------------------------------------
                             10 ; Public variables in this module
                             11 ;--------------------------------------------------------
                             12 	.globl _WriteByte_PARM_2
                             13 	.globl _main
                             14 	.globl _WriteByte
                             15 	.globl _ReadByte
                             16 	.globl _P5_7
                             17 	.globl _P5_6
                             18 	.globl _P5_5
                             19 	.globl _P5_4
                             20 	.globl _P5_3
                             21 	.globl _P5_2
                             22 	.globl _P5_1
                             23 	.globl _P5_0
                             24 	.globl _P4_7
                             25 	.globl _P4_6
                             26 	.globl _P4_5
                             27 	.globl _P4_4
                             28 	.globl _P4_3
                             29 	.globl _P4_2
                             30 	.globl _P4_1
                             31 	.globl _P4_0
                             32 	.globl _PX0L
                             33 	.globl _PT0L
                             34 	.globl _PX1L
                             35 	.globl _PT1L
                             36 	.globl _PLS
                             37 	.globl _PT2L
                             38 	.globl _PPCL
                             39 	.globl _EC
                             40 	.globl _CCF0
                             41 	.globl _CCF1
                             42 	.globl _CCF2
                             43 	.globl _CCF3
                             44 	.globl _CCF4
                             45 	.globl _CR
                             46 	.globl _CF
                             47 	.globl _TF2
                             48 	.globl _EXF2
                             49 	.globl _RCLK
                             50 	.globl _TCLK
                             51 	.globl _EXEN2
                             52 	.globl _TR2
                             53 	.globl _C_T2
                             54 	.globl _CP_RL2
                             55 	.globl _T2CON_7
                             56 	.globl _T2CON_6
                             57 	.globl _T2CON_5
                             58 	.globl _T2CON_4
                             59 	.globl _T2CON_3
                             60 	.globl _T2CON_2
                             61 	.globl _T2CON_1
                             62 	.globl _T2CON_0
                             63 	.globl _PT2
                             64 	.globl _ET2
                             65 	.globl _CY
                             66 	.globl _AC
                             67 	.globl _F0
                             68 	.globl _RS1
                             69 	.globl _RS0
                             70 	.globl _OV
                             71 	.globl _F1
                             72 	.globl _P
                             73 	.globl _PS
                             74 	.globl _PT1
                             75 	.globl _PX1
                             76 	.globl _PT0
                             77 	.globl _PX0
                             78 	.globl _RD
                             79 	.globl _WR
                             80 	.globl _T1
                             81 	.globl _T0
                             82 	.globl _INT1
                             83 	.globl _INT0
                             84 	.globl _TXD
                             85 	.globl _RXD
                             86 	.globl _P3_7
                             87 	.globl _P3_6
                             88 	.globl _P3_5
                             89 	.globl _P3_4
                             90 	.globl _P3_3
                             91 	.globl _P3_2
                             92 	.globl _P3_1
                             93 	.globl _P3_0
                             94 	.globl _EA
                             95 	.globl _ES
                             96 	.globl _ET1
                             97 	.globl _EX1
                             98 	.globl _ET0
                             99 	.globl _EX0
                            100 	.globl _P2_7
                            101 	.globl _P2_6
                            102 	.globl _P2_5
                            103 	.globl _P2_4
                            104 	.globl _P2_3
                            105 	.globl _P2_2
                            106 	.globl _P2_1
                            107 	.globl _P2_0
                            108 	.globl _SM0
                            109 	.globl _SM1
                            110 	.globl _SM2
                            111 	.globl _REN
                            112 	.globl _TB8
                            113 	.globl _RB8
                            114 	.globl _TI
                            115 	.globl _RI
                            116 	.globl _P1_7
                            117 	.globl _P1_6
                            118 	.globl _P1_5
                            119 	.globl _P1_4
                            120 	.globl _P1_3
                            121 	.globl _P1_2
                            122 	.globl _P1_1
                            123 	.globl _P1_0
                            124 	.globl _TF1
                            125 	.globl _TR1
                            126 	.globl _TF0
                            127 	.globl _TR0
                            128 	.globl _IE1
                            129 	.globl _IT1
                            130 	.globl _IE0
                            131 	.globl _IT0
                            132 	.globl _P0_7
                            133 	.globl _P0_6
                            134 	.globl _P0_5
                            135 	.globl _P0_4
                            136 	.globl _P0_3
                            137 	.globl _P0_2
                            138 	.globl _P0_1
                            139 	.globl _P0_0
                            140 	.globl _EECON
                            141 	.globl _KBF
                            142 	.globl _KBE
                            143 	.globl _KBLS
                            144 	.globl _BRL
                            145 	.globl _BDRCON
                            146 	.globl _T2MOD
                            147 	.globl _SPDAT
                            148 	.globl _SPSTA
                            149 	.globl _SPCON
                            150 	.globl _SADEN
                            151 	.globl _SADDR
                            152 	.globl _WDTPRG
                            153 	.globl _WDTRST
                            154 	.globl _P5
                            155 	.globl _P4
                            156 	.globl _IPH1
                            157 	.globl _IPL1
                            158 	.globl _IPH0
                            159 	.globl _IPL0
                            160 	.globl _IEN1
                            161 	.globl _IEN0
                            162 	.globl _CMOD
                            163 	.globl _CL
                            164 	.globl _CH
                            165 	.globl _CCON
                            166 	.globl _CCAPM4
                            167 	.globl _CCAPM3
                            168 	.globl _CCAPM2
                            169 	.globl _CCAPM1
                            170 	.globl _CCAPM0
                            171 	.globl _CCAP4L
                            172 	.globl _CCAP3L
                            173 	.globl _CCAP2L
                            174 	.globl _CCAP1L
                            175 	.globl _CCAP0L
                            176 	.globl _CCAP4H
                            177 	.globl _CCAP3H
                            178 	.globl _CCAP2H
                            179 	.globl _CCAP1H
                            180 	.globl _CCAP0H
                            181 	.globl _CKCON1
                            182 	.globl _CKCON0
                            183 	.globl _CKRL
                            184 	.globl _AUXR1
                            185 	.globl _AUXR
                            186 	.globl _TH2
                            187 	.globl _TL2
                            188 	.globl _RCAP2H
                            189 	.globl _RCAP2L
                            190 	.globl _T2CON
                            191 	.globl _B
                            192 	.globl _ACC
                            193 	.globl _PSW
                            194 	.globl _IP
                            195 	.globl _P3
                            196 	.globl _IE
                            197 	.globl _P2
                            198 	.globl _SBUF
                            199 	.globl _SCON
                            200 	.globl _P1
                            201 	.globl _TH1
                            202 	.globl _TH0
                            203 	.globl _TL1
                            204 	.globl _TL0
                            205 	.globl _TMOD
                            206 	.globl _TCON
                            207 	.globl _PCON
                            208 	.globl _DPH
                            209 	.globl _DPL
                            210 	.globl _SP
                            211 	.globl _P0
                            212 ;--------------------------------------------------------
                            213 ; special function registers
                            214 ;--------------------------------------------------------
                            215 	.area RSEG    (ABS,DATA)
   0000                     216 	.org 0x0000
                    0080    217 _P0	=	0x0080
                    0081    218 _SP	=	0x0081
                    0082    219 _DPL	=	0x0082
                    0083    220 _DPH	=	0x0083
                    0087    221 _PCON	=	0x0087
                    0088    222 _TCON	=	0x0088
                    0089    223 _TMOD	=	0x0089
                    008A    224 _TL0	=	0x008a
                    008B    225 _TL1	=	0x008b
                    008C    226 _TH0	=	0x008c
                    008D    227 _TH1	=	0x008d
                    0090    228 _P1	=	0x0090
                    0098    229 _SCON	=	0x0098
                    0099    230 _SBUF	=	0x0099
                    00A0    231 _P2	=	0x00a0
                    00A8    232 _IE	=	0x00a8
                    00B0    233 _P3	=	0x00b0
                    00B8    234 _IP	=	0x00b8
                    00D0    235 _PSW	=	0x00d0
                    00E0    236 _ACC	=	0x00e0
                    00F0    237 _B	=	0x00f0
                    00C8    238 _T2CON	=	0x00c8
                    00CA    239 _RCAP2L	=	0x00ca
                    00CB    240 _RCAP2H	=	0x00cb
                    00CC    241 _TL2	=	0x00cc
                    00CD    242 _TH2	=	0x00cd
                    008E    243 _AUXR	=	0x008e
                    00A2    244 _AUXR1	=	0x00a2
                    0097    245 _CKRL	=	0x0097
                    008F    246 _CKCON0	=	0x008f
                    00AF    247 _CKCON1	=	0x00af
                    00FA    248 _CCAP0H	=	0x00fa
                    00FB    249 _CCAP1H	=	0x00fb
                    00FC    250 _CCAP2H	=	0x00fc
                    00FD    251 _CCAP3H	=	0x00fd
                    00FE    252 _CCAP4H	=	0x00fe
                    00EA    253 _CCAP0L	=	0x00ea
                    00EB    254 _CCAP1L	=	0x00eb
                    00EC    255 _CCAP2L	=	0x00ec
                    00ED    256 _CCAP3L	=	0x00ed
                    00EE    257 _CCAP4L	=	0x00ee
                    00DA    258 _CCAPM0	=	0x00da
                    00DB    259 _CCAPM1	=	0x00db
                    00DC    260 _CCAPM2	=	0x00dc
                    00DD    261 _CCAPM3	=	0x00dd
                    00DE    262 _CCAPM4	=	0x00de
                    00D8    263 _CCON	=	0x00d8
                    00F9    264 _CH	=	0x00f9
                    00E9    265 _CL	=	0x00e9
                    00D9    266 _CMOD	=	0x00d9
                    00A8    267 _IEN0	=	0x00a8
                    00B1    268 _IEN1	=	0x00b1
                    00B8    269 _IPL0	=	0x00b8
                    00B7    270 _IPH0	=	0x00b7
                    00B2    271 _IPL1	=	0x00b2
                    00B3    272 _IPH1	=	0x00b3
                    00C0    273 _P4	=	0x00c0
                    00E8    274 _P5	=	0x00e8
                    00A6    275 _WDTRST	=	0x00a6
                    00A7    276 _WDTPRG	=	0x00a7
                    00A9    277 _SADDR	=	0x00a9
                    00B9    278 _SADEN	=	0x00b9
                    00C3    279 _SPCON	=	0x00c3
                    00C4    280 _SPSTA	=	0x00c4
                    00C5    281 _SPDAT	=	0x00c5
                    00C9    282 _T2MOD	=	0x00c9
                    009B    283 _BDRCON	=	0x009b
                    009A    284 _BRL	=	0x009a
                    009C    285 _KBLS	=	0x009c
                    009D    286 _KBE	=	0x009d
                    009E    287 _KBF	=	0x009e
                    00D2    288 _EECON	=	0x00d2
                            289 ;--------------------------------------------------------
                            290 ; special function bits
                            291 ;--------------------------------------------------------
                            292 	.area RSEG    (ABS,DATA)
   0000                     293 	.org 0x0000
                    0080    294 _P0_0	=	0x0080
                    0081    295 _P0_1	=	0x0081
                    0082    296 _P0_2	=	0x0082
                    0083    297 _P0_3	=	0x0083
                    0084    298 _P0_4	=	0x0084
                    0085    299 _P0_5	=	0x0085
                    0086    300 _P0_6	=	0x0086
                    0087    301 _P0_7	=	0x0087
                    0088    302 _IT0	=	0x0088
                    0089    303 _IE0	=	0x0089
                    008A    304 _IT1	=	0x008a
                    008B    305 _IE1	=	0x008b
                    008C    306 _TR0	=	0x008c
                    008D    307 _TF0	=	0x008d
                    008E    308 _TR1	=	0x008e
                    008F    309 _TF1	=	0x008f
                    0090    310 _P1_0	=	0x0090
                    0091    311 _P1_1	=	0x0091
                    0092    312 _P1_2	=	0x0092
                    0093    313 _P1_3	=	0x0093
                    0094    314 _P1_4	=	0x0094
                    0095    315 _P1_5	=	0x0095
                    0096    316 _P1_6	=	0x0096
                    0097    317 _P1_7	=	0x0097
                    0098    318 _RI	=	0x0098
                    0099    319 _TI	=	0x0099
                    009A    320 _RB8	=	0x009a
                    009B    321 _TB8	=	0x009b
                    009C    322 _REN	=	0x009c
                    009D    323 _SM2	=	0x009d
                    009E    324 _SM1	=	0x009e
                    009F    325 _SM0	=	0x009f
                    00A0    326 _P2_0	=	0x00a0
                    00A1    327 _P2_1	=	0x00a1
                    00A2    328 _P2_2	=	0x00a2
                    00A3    329 _P2_3	=	0x00a3
                    00A4    330 _P2_4	=	0x00a4
                    00A5    331 _P2_5	=	0x00a5
                    00A6    332 _P2_6	=	0x00a6
                    00A7    333 _P2_7	=	0x00a7
                    00A8    334 _EX0	=	0x00a8
                    00A9    335 _ET0	=	0x00a9
                    00AA    336 _EX1	=	0x00aa
                    00AB    337 _ET1	=	0x00ab
                    00AC    338 _ES	=	0x00ac
                    00AF    339 _EA	=	0x00af
                    00B0    340 _P3_0	=	0x00b0
                    00B1    341 _P3_1	=	0x00b1
                    00B2    342 _P3_2	=	0x00b2
                    00B3    343 _P3_3	=	0x00b3
                    00B4    344 _P3_4	=	0x00b4
                    00B5    345 _P3_5	=	0x00b5
                    00B6    346 _P3_6	=	0x00b6
                    00B7    347 _P3_7	=	0x00b7
                    00B0    348 _RXD	=	0x00b0
                    00B1    349 _TXD	=	0x00b1
                    00B2    350 _INT0	=	0x00b2
                    00B3    351 _INT1	=	0x00b3
                    00B4    352 _T0	=	0x00b4
                    00B5    353 _T1	=	0x00b5
                    00B6    354 _WR	=	0x00b6
                    00B7    355 _RD	=	0x00b7
                    00B8    356 _PX0	=	0x00b8
                    00B9    357 _PT0	=	0x00b9
                    00BA    358 _PX1	=	0x00ba
                    00BB    359 _PT1	=	0x00bb
                    00BC    360 _PS	=	0x00bc
                    00D0    361 _P	=	0x00d0
                    00D1    362 _F1	=	0x00d1
                    00D2    363 _OV	=	0x00d2
                    00D3    364 _RS0	=	0x00d3
                    00D4    365 _RS1	=	0x00d4
                    00D5    366 _F0	=	0x00d5
                    00D6    367 _AC	=	0x00d6
                    00D7    368 _CY	=	0x00d7
                    00AD    369 _ET2	=	0x00ad
                    00BD    370 _PT2	=	0x00bd
                    00C8    371 _T2CON_0	=	0x00c8
                    00C9    372 _T2CON_1	=	0x00c9
                    00CA    373 _T2CON_2	=	0x00ca
                    00CB    374 _T2CON_3	=	0x00cb
                    00CC    375 _T2CON_4	=	0x00cc
                    00CD    376 _T2CON_5	=	0x00cd
                    00CE    377 _T2CON_6	=	0x00ce
                    00CF    378 _T2CON_7	=	0x00cf
                    00C8    379 _CP_RL2	=	0x00c8
                    00C9    380 _C_T2	=	0x00c9
                    00CA    381 _TR2	=	0x00ca
                    00CB    382 _EXEN2	=	0x00cb
                    00CC    383 _TCLK	=	0x00cc
                    00CD    384 _RCLK	=	0x00cd
                    00CE    385 _EXF2	=	0x00ce
                    00CF    386 _TF2	=	0x00cf
                    00DF    387 _CF	=	0x00df
                    00DE    388 _CR	=	0x00de
                    00DC    389 _CCF4	=	0x00dc
                    00DB    390 _CCF3	=	0x00db
                    00DA    391 _CCF2	=	0x00da
                    00D9    392 _CCF1	=	0x00d9
                    00D8    393 _CCF0	=	0x00d8
                    00AE    394 _EC	=	0x00ae
                    00BE    395 _PPCL	=	0x00be
                    00BD    396 _PT2L	=	0x00bd
                    00BC    397 _PLS	=	0x00bc
                    00BB    398 _PT1L	=	0x00bb
                    00BA    399 _PX1L	=	0x00ba
                    00B9    400 _PT0L	=	0x00b9
                    00B8    401 _PX0L	=	0x00b8
                    00C0    402 _P4_0	=	0x00c0
                    00C1    403 _P4_1	=	0x00c1
                    00C2    404 _P4_2	=	0x00c2
                    00C3    405 _P4_3	=	0x00c3
                    00C4    406 _P4_4	=	0x00c4
                    00C5    407 _P4_5	=	0x00c5
                    00C6    408 _P4_6	=	0x00c6
                    00C7    409 _P4_7	=	0x00c7
                    00E8    410 _P5_0	=	0x00e8
                    00E9    411 _P5_1	=	0x00e9
                    00EA    412 _P5_2	=	0x00ea
                    00EB    413 _P5_3	=	0x00eb
                    00EC    414 _P5_4	=	0x00ec
                    00ED    415 _P5_5	=	0x00ed
                    00EE    416 _P5_6	=	0x00ee
                    00EF    417 _P5_7	=	0x00ef
                            418 ;--------------------------------------------------------
                            419 ; overlayable register banks
                            420 ;--------------------------------------------------------
                            421 	.area REG_BANK_0	(REL,OVR,DATA)
   0000                     422 	.ds 8
                            423 ;--------------------------------------------------------
                            424 ; internal ram data
                            425 ;--------------------------------------------------------
                            426 	.area DSEG    (DATA)
   0000                     427 _main_buf_1_1:
   0000                     428 	.ds 10
                            429 ;--------------------------------------------------------
                            430 ; overlayable items in internal ram 
                            431 ;--------------------------------------------------------
                            432 	.area	OSEG    (OVR,DATA)
                            433 	.area	OSEG    (OVR,DATA)
   0000                     434 _WriteByte_PARM_2::
   0000                     435 	.ds 1
                            436 ;--------------------------------------------------------
                            437 ; Stack segment in internal ram 
                            438 ;--------------------------------------------------------
                            439 	.area	SSEG	(DATA)
   0000                     440 __start__stack:
   0000                     441 	.ds	1
                            442 
                            443 ;--------------------------------------------------------
                            444 ; indirectly addressable internal ram data
                            445 ;--------------------------------------------------------
                            446 	.area ISEG    (DATA)
                            447 ;--------------------------------------------------------
                            448 ; absolute internal ram data
                            449 ;--------------------------------------------------------
                            450 	.area IABS    (ABS,DATA)
                            451 	.area IABS    (ABS,DATA)
                            452 ;--------------------------------------------------------
                            453 ; bit data
                            454 ;--------------------------------------------------------
                            455 	.area BSEG    (BIT)
                            456 ;--------------------------------------------------------
                            457 ; paged external ram data
                            458 ;--------------------------------------------------------
                            459 	.area PSEG    (PAG,XDATA)
                            460 ;--------------------------------------------------------
                            461 ; external ram data
                            462 ;--------------------------------------------------------
                            463 	.area XSEG    (XDATA)
                            464 ;--------------------------------------------------------
                            465 ; absolute external ram data
                            466 ;--------------------------------------------------------
                            467 	.area XABS    (ABS,XDATA)
                            468 ;--------------------------------------------------------
                            469 ; external initialized ram data
                            470 ;--------------------------------------------------------
                            471 	.area XISEG   (XDATA)
                            472 	.area HOME    (CODE)
                            473 	.area GSINIT0 (CODE)
                            474 	.area GSINIT1 (CODE)
                            475 	.area GSINIT2 (CODE)
                            476 	.area GSINIT3 (CODE)
                            477 	.area GSINIT4 (CODE)
                            478 	.area GSINIT5 (CODE)
                            479 	.area GSINIT  (CODE)
                            480 	.area GSFINAL (CODE)
                            481 	.area CSEG    (CODE)
                            482 ;--------------------------------------------------------
                            483 ; interrupt vector 
                            484 ;--------------------------------------------------------
                            485 	.area HOME    (CODE)
   0000                     486 __interrupt_vect:
   0000 02s00r00            487 	ljmp	__sdcc_gsinit_startup
                            488 ;--------------------------------------------------------
                            489 ; global & static initialisations
                            490 ;--------------------------------------------------------
                            491 	.area HOME    (CODE)
                            492 	.area GSINIT  (CODE)
                            493 	.area GSFINAL (CODE)
                            494 	.area GSINIT  (CODE)
                            495 	.globl __sdcc_gsinit_startup
                            496 	.globl __sdcc_program_startup
                            497 	.globl __start__stack
                            498 	.globl __mcs51_genXINIT
                            499 	.globl __mcs51_genXRAMCLEAR
                            500 	.globl __mcs51_genRAMCLEAR
                            501 	.area GSFINAL (CODE)
   0000 02s00r03            502 	ljmp	__sdcc_program_startup
                            503 ;--------------------------------------------------------
                            504 ; Home
                            505 ;--------------------------------------------------------
                            506 	.area HOME    (CODE)
                            507 	.area HOME    (CODE)
   0003                     508 __sdcc_program_startup:
   0003 12s00r47            509 	lcall	_main
                            510 ;	return from main will lock up
   0006 80 FE               511 	sjmp .
                            512 ;--------------------------------------------------------
                            513 ; code
                            514 ;--------------------------------------------------------
                            515 	.area CSEG    (CODE)
                            516 ;------------------------------------------------------------
                            517 ;Allocation info for local variables in function 'ReadByte'
                            518 ;------------------------------------------------------------
                            519 ;address                   Allocated to registers r2 r3 
                            520 ;value                     Allocated to registers r2 
                            521 ;eaSave                    Allocated to registers r4 
                            522 ;------------------------------------------------------------
                            523 ;	Main.c:5: unsigned char ReadByte(int address)
                            524 ;	-----------------------------------------
                            525 ;	 function ReadByte
                            526 ;	-----------------------------------------
   0000                     527 _ReadByte:
                    0002    528 	ar2 = 0x02
                    0003    529 	ar3 = 0x03
                    0004    530 	ar4 = 0x04
                    0005    531 	ar5 = 0x05
                    0006    532 	ar6 = 0x06
                    0007    533 	ar7 = 0x07
                    0000    534 	ar0 = 0x00
                    0001    535 	ar1 = 0x01
   0000 AA 82               536 	mov	r2,dpl
   0002 AB 83               537 	mov	r3,dph
                            538 ;	Main.c:11: while (EECON & EEBUSY > 0)
   0004                     539 00101$:
   0004 E5 D2               540 	mov	a,_EECON
   0006 20 E0 FB            541 	jb	acc.0,00101$
                            542 ;	Main.c:16: eaSave = EA;
   0009 A2 AF               543 	mov	c,_EA
   000B E4                  544 	clr	a
   000C 33                  545 	rlc	a
   000D FC                  546 	mov	r4,a
                            547 ;	Main.c:17: EA = 0;
   000E C2 AF               548 	clr	_EA
                            549 ;	Main.c:20: EECON |= EEE;
   0010 43 D2 02            550 	orl	_EECON,#0x02
                            551 ;	Main.c:23: value = *(unsigned char __xdata*)address;
   0013 8A 82               552 	mov	dpl,r2
   0015 8B 83               553 	mov	dph,r3
   0017 E0                  554 	movx	a,@dptr
   0018 FA                  555 	mov	r2,a
                            556 ;	Main.c:26: EECON &= ~EEE;
   0019 53 D2 FD            557 	anl	_EECON,#0xFD
                            558 ;	Main.c:29: EA = eaSave;
   001C EC                  559 	mov	a,r4
   001D 24 FF               560 	add	a,#0xff
   001F 92 AF               561 	mov	_EA,c
                            562 ;	Main.c:31: return value;
   0021 8A 82               563 	mov	dpl,r2
   0023 22                  564 	ret
                            565 ;------------------------------------------------------------
                            566 ;Allocation info for local variables in function 'WriteByte'
                            567 ;------------------------------------------------------------
                            568 ;value                     Allocated with name '_WriteByte_PARM_2'
                            569 ;address                   Allocated to registers r2 r3 
                            570 ;eaSave                    Allocated to registers r4 
                            571 ;------------------------------------------------------------
                            572 ;	Main.c:34: void WriteByte(int address, unsigned char value)
                            573 ;	-----------------------------------------
                            574 ;	 function WriteByte
                            575 ;	-----------------------------------------
   0024                     576 _WriteByte:
   0024 AA 82               577 	mov	r2,dpl
   0026 AB 83               578 	mov	r3,dph
                            579 ;	Main.c:39: while (EECON & EEBUSY > 0)
   0028                     580 00101$:
   0028 E5 D2               581 	mov	a,_EECON
   002A 20 E0 FB            582 	jb	acc.0,00101$
                            583 ;	Main.c:44: eaSave = EA;
   002D A2 AF               584 	mov	c,_EA
   002F E4                  585 	clr	a
   0030 33                  586 	rlc	a
   0031 FC                  587 	mov	r4,a
                            588 ;	Main.c:45: EA = 0;
   0032 C2 AF               589 	clr	_EA
                            590 ;	Main.c:48: EECON |= EEE;
   0034 43 D2 02            591 	orl	_EECON,#0x02
                            592 ;	Main.c:51: *(unsigned char __xdata*)address = value;
   0037 8A 82               593 	mov	dpl,r2
   0039 8B 83               594 	mov	dph,r3
   003B E5*00               595 	mov	a,_WriteByte_PARM_2
   003D F0                  596 	movx	@dptr,a
                            597 ;	Main.c:54: EECON &= ~EEE;
   003E 53 D2 FD            598 	anl	_EECON,#0xFD
                            599 ;	Main.c:57: EA = eaSave;
   0041 EC                  600 	mov	a,r4
   0042 24 FF               601 	add	a,#0xff
   0044 92 AF               602 	mov	_EA,c
   0046 22                  603 	ret
                            604 ;------------------------------------------------------------
                            605 ;Allocation info for local variables in function 'main'
                            606 ;------------------------------------------------------------
                            607 ;c1                        Allocated to registers r2 
                            608 ;c2                        Allocated to registers 
                            609 ;buf                       Allocated with name '_main_buf_1_1'
                            610 ;------------------------------------------------------------
                            611 ;	Main.c:61: void main(void)
                            612 ;	-----------------------------------------
                            613 ;	 function main
                            614 ;	-----------------------------------------
   0047                     615 _main:
                            616 ;	Main.c:67: CKCON0 = 0x01;						// Initial X2 Mode (BUS Clock = 58.9824 MHz) 
   0047 75 8F 01            617 	mov	_CKCON0,#0x01
                            618 ;	Main.c:68: InitialiseLcd();
   004A 12s00r00            619 	lcall	_InitialiseLcd
                            620 ;	Main.c:70: for (c1 = 'A'; c1 <= 'Z'; ++c1)
   004D 7A 41               621 	mov	r2,#0x41
   004F                     622 00101$:
   004F C3                  623 	clr	c
   0050 74 DA               624 	mov	a,#(0x5A ^ 0x80)
   0052 8A F0               625 	mov	b,r2
   0054 63 F0 80            626 	xrl	b,#0x80
   0057 95 F0               627 	subb	a,b
   0059 40 37               628 	jc	00105$
                            629 ;	Main.c:72: DirectWriteToDisplay("           ");
   005B 90s00r00            630 	mov	dptr,#__str_0
   005E 75 F0 80            631 	mov	b,#0x80
   0061 C0 02               632 	push	ar2
   0063 12s00r00            633 	lcall	_DirectWriteToDisplay
   0066 D0 02               634 	pop	ar2
                            635 ;	Main.c:74: WriteByte(0, c1);
   0068 8A*00               636 	mov	_WriteByte_PARM_2,r2
   006A 90 00 00            637 	mov	dptr,#0x0000
   006D C0 02               638 	push	ar2
   006F 12s00r24            639 	lcall	_WriteByte
                            640 ;	Main.c:76: c2 = ReadByte(0);
   0072 90 00 00            641 	mov	dptr,#0x0000
   0075 12s00r00            642 	lcall	_ReadByte
   0078 85 82*00            643 	mov	_UnsignedCharToString_PARM_2,dpl
                            644 ;	Main.c:78: UnsignedCharToString(buf, c2);
   007B 90s00r00            645 	mov	dptr,#_main_buf_1_1
   007E 75 F0 40            646 	mov	b,#0x40
   0081 12s00r00            647 	lcall	_UnsignedCharToString
                            648 ;	Main.c:79: DirectWriteToDisplay(buf);
   0084 90s00r00            649 	mov	dptr,#_main_buf_1_1
   0087 75 F0 40            650 	mov	b,#0x40
   008A 12s00r00            651 	lcall	_DirectWriteToDisplay
   008D D0 02               652 	pop	ar2
                            653 ;	Main.c:70: for (c1 = 'A'; c1 <= 'Z'; ++c1)
   008F 0A                  654 	inc	r2
   0090 80 BD               655 	sjmp	00101$
   0092                     656 00105$:
   0092 22                  657 	ret
                            658 	.area CSEG    (CODE)
                            659 	.area CONST   (CODE)
   0000                     660 __str_0:
   0000 20 20 20 20 20 20   661 	.ascii "           "
        20 20 20 20 20
   000B 00                  662 	.db 0x00
                            663 	.area XINIT   (CODE)
                            664 	.area CABS    (ABS,CODE)
