                              1 ;--------------------------------------------------------
                              2 ; File Created by SDCC : free open source ANSI-C Compiler
                              3 ; Version 3.0.0 #6037 (Oct 31 2010) (MINGW32)
                              4 ; This file was generated Wed Jun 27 23:08:40 2012
                              5 ;--------------------------------------------------------
                              6 	.module StringUtils
                              7 	.optsdcc -mmcs51 --model-small
                              8 	
                              9 ;--------------------------------------------------------
                             10 ; Public variables in this module
                             11 ;--------------------------------------------------------
                             12 	.globl _strcpy_PARM_2
                             13 	.globl _strcat_PARM_2
                             14 	.globl _strcpy
                             15 	.globl _strcat
                             16 	.globl _UnsignedCharToString
                             17 	.globl _IntToString
                             18 	.globl _UnsignedCharToString_PARM_2
                             19 	.globl _IntToString_PARM_2
                             20 ;--------------------------------------------------------
                             21 ; special function registers
                             22 ;--------------------------------------------------------
                             23 	.area RSEG    (ABS,DATA)
   0000                      24 	.org 0x0000
                             25 ;--------------------------------------------------------
                             26 ; special function bits
                             27 ;--------------------------------------------------------
                             28 	.area RSEG    (ABS,DATA)
   0000                      29 	.org 0x0000
                             30 ;--------------------------------------------------------
                             31 ; overlayable register banks
                             32 ;--------------------------------------------------------
                             33 	.area REG_BANK_0	(REL,OVR,DATA)
   0000                      34 	.ds 8
                             35 ;--------------------------------------------------------
                             36 ; internal ram data
                             37 ;--------------------------------------------------------
                             38 	.area DSEG    (DATA)
   0000                      39 _IntToString_PARM_2:
   0000                      40 	.ds 2
   0002                      41 _UnsignedCharToString_PARM_2:
   0002                      42 	.ds 1
   0003                      43 _UnsignedCharToString_sloc0_1_0:
   0003                      44 	.ds 3
                             45 ;--------------------------------------------------------
                             46 ; overlayable items in internal ram 
                             47 ;--------------------------------------------------------
                             48 	.area	OSEG    (OVR,DATA)
   0000                      49 _strcat_PARM_2::
   0000                      50 	.ds 3
                             51 	.area	OSEG    (OVR,DATA)
   0000                      52 _strcpy_PARM_2::
   0000                      53 	.ds 3
                             54 ;--------------------------------------------------------
                             55 ; indirectly addressable internal ram data
                             56 ;--------------------------------------------------------
                             57 	.area ISEG    (DATA)
                             58 ;--------------------------------------------------------
                             59 ; absolute internal ram data
                             60 ;--------------------------------------------------------
                             61 	.area IABS    (ABS,DATA)
                             62 	.area IABS    (ABS,DATA)
                             63 ;--------------------------------------------------------
                             64 ; bit data
                             65 ;--------------------------------------------------------
                             66 	.area BSEG    (BIT)
                             67 ;--------------------------------------------------------
                             68 ; paged external ram data
                             69 ;--------------------------------------------------------
                             70 	.area PSEG    (PAG,XDATA)
                             71 ;--------------------------------------------------------
                             72 ; external ram data
                             73 ;--------------------------------------------------------
                             74 	.area XSEG    (XDATA)
                             75 ;--------------------------------------------------------
                             76 ; absolute external ram data
                             77 ;--------------------------------------------------------
                             78 	.area XABS    (ABS,XDATA)
                             79 ;--------------------------------------------------------
                             80 ; external initialized ram data
                             81 ;--------------------------------------------------------
                             82 	.area XISEG   (XDATA)
                             83 	.area HOME    (CODE)
                             84 	.area GSINIT0 (CODE)
                             85 	.area GSINIT1 (CODE)
                             86 	.area GSINIT2 (CODE)
                             87 	.area GSINIT3 (CODE)
                             88 	.area GSINIT4 (CODE)
                             89 	.area GSINIT5 (CODE)
                             90 	.area GSINIT  (CODE)
                             91 	.area GSFINAL (CODE)
                             92 	.area CSEG    (CODE)
                             93 ;--------------------------------------------------------
                             94 ; global & static initialisations
                             95 ;--------------------------------------------------------
                             96 	.area HOME    (CODE)
                             97 	.area GSINIT  (CODE)
                             98 	.area GSFINAL (CODE)
                             99 	.area GSINIT  (CODE)
                            100 ;--------------------------------------------------------
                            101 ; Home
                            102 ;--------------------------------------------------------
                            103 	.area HOME    (CODE)
                            104 	.area HOME    (CODE)
                            105 ;--------------------------------------------------------
                            106 ; code
                            107 ;--------------------------------------------------------
                            108 	.area CSEG    (CODE)
                            109 ;------------------------------------------------------------
                            110 ;Allocation info for local variables in function 'IntToString'
                            111 ;------------------------------------------------------------
                            112 ;v                         Allocated with name '_IntToString_PARM_2'
                            113 ;p                         Allocated to registers r2 r3 r4 
                            114 ;digit                     Allocated to registers r7 r0 
                            115 ;divider                   Allocated to registers r5 r6 
                            116 ;------------------------------------------------------------
                            117 ;	../Common/StringUtils.c:2: void IntToString(unsigned char *p, unsigned int v)
                            118 ;	-----------------------------------------
                            119 ;	 function IntToString
                            120 ;	-----------------------------------------
   0000                     121 _IntToString:
                    0002    122 	ar2 = 0x02
                    0003    123 	ar3 = 0x03
                    0004    124 	ar4 = 0x04
                    0005    125 	ar5 = 0x05
                    0006    126 	ar6 = 0x06
                    0007    127 	ar7 = 0x07
                    0000    128 	ar0 = 0x00
                    0001    129 	ar1 = 0x01
   0000 AA 82               130 	mov	r2,dpl
   0002 AB 83               131 	mov	r3,dph
   0004 AC F0               132 	mov	r4,b
                            133 ;	../Common/StringUtils.c:6: divider = 10000;
   0006 7D 10               134 	mov	r5,#0x10
   0008 7E 27               135 	mov	r6,#0x27
                            136 ;	../Common/StringUtils.c:7: do
   000A                     137 00101$:
                            138 ;	../Common/StringUtils.c:9: digit = v / divider;
   000A 8D*00               139 	mov	__divuint_PARM_2,r5
   000C 8E*01               140 	mov	(__divuint_PARM_2 + 1),r6
   000E 85*00 82            141 	mov	dpl,_IntToString_PARM_2
   0011 85*01 83            142 	mov	dph,(_IntToString_PARM_2 + 1)
   0014 C0 02               143 	push	ar2
   0016 C0 03               144 	push	ar3
   0018 C0 04               145 	push	ar4
   001A C0 05               146 	push	ar5
   001C C0 06               147 	push	ar6
   001E 12s00r00            148 	lcall	__divuint
   0021 AF 82               149 	mov	r7,dpl
   0023 A8 83               150 	mov	r0,dph
   0025 D0 06               151 	pop	ar6
   0027 D0 05               152 	pop	ar5
   0029 D0 04               153 	pop	ar4
   002B D0 03               154 	pop	ar3
   002D D0 02               155 	pop	ar2
                            156 ;	../Common/StringUtils.c:10: *p = '0' + digit;
   002F 8F 01               157 	mov	ar1,r7
   0031 74 30               158 	mov	a,#0x30
   0033 29                  159 	add	a,r1
   0034 8A 82               160 	mov	dpl,r2
   0036 8B 83               161 	mov	dph,r3
   0038 8C F0               162 	mov	b,r4
   003A 12s00r00            163 	lcall	__gptrput
   003D A3                  164 	inc	dptr
   003E AA 82               165 	mov	r2,dpl
   0040 AB 83               166 	mov	r3,dph
                            167 ;	../Common/StringUtils.c:11: v -= digit * divider;
   0042 8D*00               168 	mov	__mulint_PARM_2,r5
   0044 8E*01               169 	mov	(__mulint_PARM_2 + 1),r6
   0046 8F 82               170 	mov	dpl,r7
   0048 88 83               171 	mov	dph,r0
   004A C0 02               172 	push	ar2
   004C C0 03               173 	push	ar3
   004E C0 04               174 	push	ar4
   0050 C0 05               175 	push	ar5
   0052 C0 06               176 	push	ar6
   0054 12s00r00            177 	lcall	__mulint
   0057 AF 82               178 	mov	r7,dpl
   0059 A8 83               179 	mov	r0,dph
   005B D0 06               180 	pop	ar6
   005D D0 05               181 	pop	ar5
   005F E5*00               182 	mov	a,_IntToString_PARM_2
   0061 C3                  183 	clr	c
   0062 9F                  184 	subb	a,r7
   0063 F5*00               185 	mov	_IntToString_PARM_2,a
   0065 E5*01               186 	mov	a,(_IntToString_PARM_2 + 1)
   0067 98                  187 	subb	a,r0
   0068 F5*01               188 	mov	(_IntToString_PARM_2 + 1),a
                            189 ;	../Common/StringUtils.c:12: divider = divider / 10;
   006A 75*00 0A            190 	mov	__divuint_PARM_2,#0x0A
   006D 75*01 00            191 	mov	(__divuint_PARM_2 + 1),#0x00
   0070 8D 82               192 	mov	dpl,r5
   0072 8E 83               193 	mov	dph,r6
   0074 12s00r00            194 	lcall	__divuint
   0077 AD 82               195 	mov	r5,dpl
   0079 AE 83               196 	mov	r6,dph
   007B D0 04               197 	pop	ar4
   007D D0 03               198 	pop	ar3
   007F D0 02               199 	pop	ar2
                            200 ;	../Common/StringUtils.c:13: ++p;
                            201 ;	../Common/StringUtils.c:15: while (divider > 0);
   0081 ED                  202 	mov	a,r5
   0082 4E                  203 	orl	a,r6
   0083 70 85               204 	jnz	00101$
                            205 ;	../Common/StringUtils.c:16: *p = 0;
   0085 8A 82               206 	mov	dpl,r2
   0087 8B 83               207 	mov	dph,r3
   0089 8C F0               208 	mov	b,r4
   008B E4                  209 	clr	a
   008C 02s00r00            210 	ljmp	__gptrput
                            211 ;------------------------------------------------------------
                            212 ;Allocation info for local variables in function 'UnsignedCharToString'
                            213 ;------------------------------------------------------------
                            214 ;v                         Allocated with name '_UnsignedCharToString_PARM_2'
                            215 ;p                         Allocated to registers r2 r3 r4 
                            216 ;digit                     Allocated to registers r7 r0 
                            217 ;divider                   Allocated to registers r5 r6 
                            218 ;sloc0                     Allocated with name '_UnsignedCharToString_sloc0_1_0'
                            219 ;------------------------------------------------------------
                            220 ;	../Common/StringUtils.c:21: void UnsignedCharToString(unsigned char *p, unsigned char v)
                            221 ;	-----------------------------------------
                            222 ;	 function UnsignedCharToString
                            223 ;	-----------------------------------------
   008F                     224 _UnsignedCharToString:
   008F AA 82               225 	mov	r2,dpl
   0091 AB 83               226 	mov	r3,dph
   0093 AC F0               227 	mov	r4,b
                            228 ;	../Common/StringUtils.c:25: divider = 0x80;
   0095 7D 80               229 	mov	r5,#0x80
   0097 7E 00               230 	mov	r6,#0x00
                            231 ;	../Common/StringUtils.c:26: do
   0099                     232 00101$:
                            233 ;	../Common/StringUtils.c:28: digit = v / divider;
   0099 AF*02               234 	mov	r7,_UnsignedCharToString_PARM_2
   009B 78 00               235 	mov	r0,#0x00
   009D 8D*00               236 	mov	__divuint_PARM_2,r5
   009F 8E*01               237 	mov	(__divuint_PARM_2 + 1),r6
   00A1 8F 82               238 	mov	dpl,r7
   00A3 88 83               239 	mov	dph,r0
   00A5 C0 02               240 	push	ar2
   00A7 C0 03               241 	push	ar3
   00A9 C0 04               242 	push	ar4
   00AB C0 05               243 	push	ar5
   00AD C0 06               244 	push	ar6
   00AF 12s00r00            245 	lcall	__divuint
   00B2 AF 82               246 	mov	r7,dpl
   00B4 A8 83               247 	mov	r0,dph
   00B6 D0 06               248 	pop	ar6
   00B8 D0 05               249 	pop	ar5
   00BA D0 04               250 	pop	ar4
   00BC D0 03               251 	pop	ar3
   00BE D0 02               252 	pop	ar2
                            253 ;	../Common/StringUtils.c:29: *p = digit ? '1' : '0';
   00C0 8A*03               254 	mov	_UnsignedCharToString_sloc0_1_0,r2
   00C2 8B*04               255 	mov	(_UnsignedCharToString_sloc0_1_0 + 1),r3
   00C4 8C*05               256 	mov	(_UnsignedCharToString_sloc0_1_0 + 2),r4
   00C6 EF                  257 	mov	a,r7
   00C7 48                  258 	orl	a,r0
   00C8 60 04               259 	jz	00106$
   00CA 79 31               260 	mov	r1,#0x31
   00CC 80 02               261 	sjmp	00107$
   00CE                     262 00106$:
   00CE 79 30               263 	mov	r1,#0x30
   00D0                     264 00107$:
   00D0 85*03 82            265 	mov	dpl,_UnsignedCharToString_sloc0_1_0
   00D3 85*04 83            266 	mov	dph,(_UnsignedCharToString_sloc0_1_0 + 1)
   00D6 85*05 F0            267 	mov	b,(_UnsignedCharToString_sloc0_1_0 + 2)
   00D9 E9                  268 	mov	a,r1
   00DA 12s00r00            269 	lcall	__gptrput
                            270 ;	../Common/StringUtils.c:30: v -= digit * divider;
   00DD 8D 00               271 	mov	ar0,r5
   00DF 8F F0               272 	mov	b,r7
   00E1 E8                  273 	mov	a,r0
   00E2 A4                  274 	mul	ab
   00E3 D3                  275 	setb	c
   00E4 95*02               276 	subb	a,_UnsignedCharToString_PARM_2
   00E6 F4                  277 	cpl	a
   00E7 F5*02               278 	mov	_UnsignedCharToString_PARM_2,a
                            279 ;	../Common/StringUtils.c:31: divider = divider / 2;
   00E9 EE                  280 	mov	a,r6
   00EA C3                  281 	clr	c
   00EB 13                  282 	rrc	a
   00EC CD                  283 	xch	a,r5
   00ED 13                  284 	rrc	a
   00EE CD                  285 	xch	a,r5
   00EF FE                  286 	mov	r6,a
                            287 ;	../Common/StringUtils.c:32: ++p;
   00F0 0A                  288 	inc	r2
   00F1 BA 00 01            289 	cjne	r2,#0x00,00113$
   00F4 0B                  290 	inc	r3
   00F5                     291 00113$:
                            292 ;	../Common/StringUtils.c:34: while (divider > 0);
   00F5 ED                  293 	mov	a,r5
   00F6 4E                  294 	orl	a,r6
   00F7 70 A0               295 	jnz	00101$
                            296 ;	../Common/StringUtils.c:35: *p = 0;
   00F9 8A 82               297 	mov	dpl,r2
   00FB 8B 83               298 	mov	dph,r3
   00FD 8C F0               299 	mov	b,r4
   00FF E4                  300 	clr	a
   0100 02s00r00            301 	ljmp	__gptrput
                            302 ;------------------------------------------------------------
                            303 ;Allocation info for local variables in function 'strcat'
                            304 ;------------------------------------------------------------
                            305 ;s                         Allocated with name '_strcat_PARM_2'
                            306 ;p                         Allocated to registers r2 r3 r4 
                            307 ;------------------------------------------------------------
                            308 ;	../Common/StringUtils.c:39: void strcat(char *p, char *s)
                            309 ;	-----------------------------------------
                            310 ;	 function strcat
                            311 ;	-----------------------------------------
   0103                     312 _strcat:
   0103 AA 82               313 	mov	r2,dpl
   0105 AB 83               314 	mov	r3,dph
   0107 AC F0               315 	mov	r4,b
                            316 ;	../Common/StringUtils.c:41: while (*p)
   0109                     317 00101$:
   0109 8A 82               318 	mov	dpl,r2
   010B 8B 83               319 	mov	dph,r3
   010D 8C F0               320 	mov	b,r4
   010F 12s00r00            321 	lcall	__gptrget
   0112 60 07               322 	jz	00112$
                            323 ;	../Common/StringUtils.c:43: ++p;
   0114 0A                  324 	inc	r2
   0115 BA 00 F1            325 	cjne	r2,#0x00,00101$
   0118 0B                  326 	inc	r3
                            327 ;	../Common/StringUtils.c:45: while (*s)
   0119 80 EE               328 	sjmp	00101$
   011B                     329 00112$:
   011B AD*00               330 	mov	r5,_strcat_PARM_2
   011D AE*01               331 	mov	r6,(_strcat_PARM_2 + 1)
   011F AF*02               332 	mov	r7,(_strcat_PARM_2 + 2)
   0121                     333 00104$:
   0121 8D 82               334 	mov	dpl,r5
   0123 8E 83               335 	mov	dph,r6
   0125 8F F0               336 	mov	b,r7
   0127 12s00r00            337 	lcall	__gptrget
   012A F8                  338 	mov	r0,a
   012B 60 16               339 	jz	00106$
                            340 ;	../Common/StringUtils.c:47: *p = *s;
   012D 8A 82               341 	mov	dpl,r2
   012F 8B 83               342 	mov	dph,r3
   0131 8C F0               343 	mov	b,r4
   0133 E8                  344 	mov	a,r0
   0134 12s00r00            345 	lcall	__gptrput
   0137 A3                  346 	inc	dptr
   0138 AA 82               347 	mov	r2,dpl
   013A AB 83               348 	mov	r3,dph
                            349 ;	../Common/StringUtils.c:48: ++p;
                            350 ;	../Common/StringUtils.c:49: ++s;
   013C 0D                  351 	inc	r5
   013D BD 00 E1            352 	cjne	r5,#0x00,00104$
   0140 0E                  353 	inc	r6
   0141 80 DE               354 	sjmp	00104$
   0143                     355 00106$:
                            356 ;	../Common/StringUtils.c:51: *p = 0;
   0143 8A 82               357 	mov	dpl,r2
   0145 8B 83               358 	mov	dph,r3
   0147 8C F0               359 	mov	b,r4
   0149 E4                  360 	clr	a
   014A 02s00r00            361 	ljmp	__gptrput
                            362 ;------------------------------------------------------------
                            363 ;Allocation info for local variables in function 'strcpy'
                            364 ;------------------------------------------------------------
                            365 ;s                         Allocated with name '_strcpy_PARM_2'
                            366 ;p                         Allocated to registers r2 r3 r4 
                            367 ;------------------------------------------------------------
                            368 ;	../Common/StringUtils.c:54: void strcpy(char *p, char *s)
                            369 ;	-----------------------------------------
                            370 ;	 function strcpy
                            371 ;	-----------------------------------------
   014D                     372 _strcpy:
                            373 ;	../Common/StringUtils.c:56: *p = 0;
   014D AA 82               374 	mov	r2,dpl
   014F AB 83               375 	mov	r3,dph
   0151 AC F0               376 	mov	r4,b
   0153 E4                  377 	clr	a
   0154 12s00r00            378 	lcall	__gptrput
                            379 ;	../Common/StringUtils.c:57: while (*s)
   0157 AD*00               380 	mov	r5,_strcpy_PARM_2
   0159 AE*01               381 	mov	r6,(_strcpy_PARM_2 + 1)
   015B AF*02               382 	mov	r7,(_strcpy_PARM_2 + 2)
   015D                     383 00101$:
   015D 8D 82               384 	mov	dpl,r5
   015F 8E 83               385 	mov	dph,r6
   0161 8F F0               386 	mov	b,r7
   0163 12s00r00            387 	lcall	__gptrget
   0166 F8                  388 	mov	r0,a
   0167 60 16               389 	jz	00103$
                            390 ;	../Common/StringUtils.c:59: *p = *s;
   0169 8A 82               391 	mov	dpl,r2
   016B 8B 83               392 	mov	dph,r3
   016D 8C F0               393 	mov	b,r4
   016F E8                  394 	mov	a,r0
   0170 12s00r00            395 	lcall	__gptrput
   0173 A3                  396 	inc	dptr
   0174 AA 82               397 	mov	r2,dpl
   0176 AB 83               398 	mov	r3,dph
                            399 ;	../Common/StringUtils.c:60: ++p;
                            400 ;	../Common/StringUtils.c:61: ++s;
   0178 0D                  401 	inc	r5
   0179 BD 00 E1            402 	cjne	r5,#0x00,00101$
   017C 0E                  403 	inc	r6
   017D 80 DE               404 	sjmp	00101$
   017F                     405 00103$:
                            406 ;	../Common/StringUtils.c:63: *p = 0;
   017F 8A 82               407 	mov	dpl,r2
   0181 8B 83               408 	mov	dph,r3
   0183 8C F0               409 	mov	b,r4
   0185 E4                  410 	clr	a
   0186 02s00r00            411 	ljmp	__gptrput
                            412 	.area CSEG    (CODE)
                            413 	.area CONST   (CODE)
                            414 	.area XINIT   (CODE)
                            415 	.area CABS    (ABS,CODE)
