C:\Program Files (x86)\Microsoft Visual Studio\2019\Community\MSBuild\Current\Bin\Microsoft.Common.CurrentVersion.targets(287,5): warning MSB4211: The property "TargetPath" is being set to a value for the first time, but it was already consumed at "C:\Program Files (x86)\Microsoft Visual Studio\2019\Community\MSBuild\Microsoft\VC\v160\Microsoft.MakeFile.Targets (25,5)".
  sdcc: Calling preprocessor...
  sdcc: sdcpp.exe -nostdinc -Wall -std=c11 -D"MC8051" -I"../Common" -obj-ext=.rel -D__SDCC_CHAR_UNSIGNED -D__SDCC_MODEL_LARGE -D__SDCC_FLOAT_REENT -D__SDCC=4_0_0 -D__SDCC_VERSION_MAJOR=4 -D__SDCC_VERSION_MINOR=0 -D__SDCC_VERSION_PATCH=0 -DSDCC=400 -D__SDCC_REVISION=11528 -D__SDCC_mcs51 -D__STDC_NO_COMPLEX__=1 -D__STDC_NO_THREADS__=1 -D__STDC_NO_ATOMICS__=1 -D__STDC_NO_VLA__=1 -D__STDC_ISO_10646__=201409L -D__STDC_UTF_16__=1 -D__STDC_UTF_32__=1 -isystem "C:\Program Files\SDCC\bin\..\include\mcs51" -isystem "C:\Program Files\SDCC\bin\..\include"  "SimpleCentralHeating.c" 
  + C:\PROGRA~1\SDCC\bin\sdcpp.exe -nostdinc -Wall -std=c11 -D"MC8051" -I"../Common" -obj-ext=.rel -D__SDCC_CHAR_UNSIGNED -D__SDCC_MODEL_LARGE -D__SDCC_FLOAT_REENT -D__SDCC=4_0_0 -D__SDCC_VERSION_MAJOR=4 -D__SDCC_VERSION_MINOR=0 -D__SDCC_VERSION_PATCH=0 -DSDCC=400 -D__SDCC_REVISION=11528 -D__SDCC_mcs51 -D__STDC_NO_COMPLEX__=1 -D__STDC_NO_THREADS__=1 -D__STDC_NO_ATOMICS__=1 -D__STDC_NO_VLA__=1 -D__STDC_ISO_10646__=201409L -D__STDC_UTF_16__=1 -D__STDC_UTF_32__=1 -isystem "C:\Program Files\SDCC\bin\..\include\mcs51" -isystem "C:\Program Files\SDCC\bin\..\include"  "SimpleCentralHeating.c" 
  sdcc: Generating code...
  sdcc: Calling assembler...
  sdcc: sdas8051.exe -plosgffw "SimpleCentralHeating.rel" "SimpleCentralHeating".asm
  + C:\PROGRA~1\SDCC\bin\sdas8051.exe -plosgffw "SimpleCentralHeating.rel" "SimpleCentralHeating".asm
  sdcc: Calling preprocessor...
  sdcc: sdcpp.exe -nostdinc -Wall -std=c11 -D"MC8051" -I"../Common" -obj-ext=.rel -D__SDCC_CHAR_UNSIGNED -D__SDCC_MODEL_LARGE -D__SDCC_FLOAT_REENT -D__SDCC=4_0_0 -D__SDCC_VERSION_MAJOR=4 -D__SDCC_VERSION_MINOR=0 -D__SDCC_VERSION_PATCH=0 -DSDCC=400 -D__SDCC_REVISION=11528 -D__SDCC_mcs51 -D__STDC_NO_COMPLEX__=1 -D__STDC_NO_THREADS__=1 -D__STDC_NO_ATOMICS__=1 -D__STDC_NO_VLA__=1 -D__STDC_ISO_10646__=201409L -D__STDC_UTF_16__=1 -D__STDC_UTF_32__=1 -isystem "C:\Program Files\SDCC\bin\..\include\mcs51" -isystem "C:\Program Files\SDCC\bin\..\include"  "89C51Board.c" 
  + C:\PROGRA~1\SDCC\bin\sdcpp.exe -nostdinc -Wall -std=c11 -D"MC8051" -I"../Common" -obj-ext=.rel -D__SDCC_CHAR_UNSIGNED -D__SDCC_MODEL_LARGE -D__SDCC_FLOAT_REENT -D__SDCC=4_0_0 -D__SDCC_VERSION_MAJOR=4 -D__SDCC_VERSION_MINOR=0 -D__SDCC_VERSION_PATCH=0 -DSDCC=400 -D__SDCC_REVISION=11528 -D__SDCC_mcs51 -D__STDC_NO_COMPLEX__=1 -D__STDC_NO_THREADS__=1 -D__STDC_NO_ATOMICS__=1 -D__STDC_NO_VLA__=1 -D__STDC_ISO_10646__=201409L -D__STDC_UTF_16__=1 -D__STDC_UTF_32__=1 -isystem "C:\Program Files\SDCC\bin\..\include\mcs51" -isystem "C:\Program Files\SDCC\bin\..\include"  "89C51Board.c" 
  sdcc: Generating code...
  sdcc: Calling assembler...
  sdcc: sdas8051.exe -plosgffw "89C51Board.rel" "89C51Board".asm
  + C:\PROGRA~1\SDCC\bin\sdas8051.exe -plosgffw "89C51Board.rel" "89C51Board".asm
  sdcc: Calling preprocessor...
  sdcc: sdcpp.exe -nostdinc -Wall -std=c11 -D"MC8051" -I"../Common" -obj-ext=.rel -D__SDCC_CHAR_UNSIGNED -D__SDCC_MODEL_LARGE -D__SDCC_FLOAT_REENT -D__SDCC=4_0_0 -D__SDCC_VERSION_MAJOR=4 -D__SDCC_VERSION_MINOR=0 -D__SDCC_VERSION_PATCH=0 -DSDCC=400 -D__SDCC_REVISION=11528 -D__SDCC_mcs51 -D__STDC_NO_COMPLEX__=1 -D__STDC_NO_THREADS__=1 -D__STDC_NO_ATOMICS__=1 -D__STDC_NO_VLA__=1 -D__STDC_ISO_10646__=201409L -D__STDC_UTF_16__=1 -D__STDC_UTF_32__=1 -isystem "C:\Program Files\SDCC\bin\..\include\mcs51" -isystem "C:\Program Files\SDCC\bin\..\include"  "../Common/MenuMgr.c" 
../Common/MenuMgr.c(210): warning 94: comparison is always true due to limited range of data type
  + C:\PROGRA~1\SDCC\bin\sdcpp.exe -nostdinc -Wall -std=c11 -D"MC8051" -I"../Common" -obj-ext=.rel -D__SDCC_CHAR_UNSIGNED -D__SDCC_MODEL_LARGE -D__SDCC_FLOAT_REENT -D__SDCC=4_0_0 -D__SDCC_VERSION_MAJOR=4 -D__SDCC_VERSION_MINOR=0 -D__SDCC_VERSION_PATCH=0 -DSDCC=400 -D__SDCC_REVISION=11528 -D__SDCC_mcs51 -D__STDC_NO_COMPLEX__=1 -D__STDC_NO_THREADS__=1 -D__STDC_NO_ATOMICS__=1 -D__STDC_NO_VLA__=1 -D__STDC_ISO_10646__=201409L -D__STDC_UTF_16__=1 -D__STDC_UTF_32__=1 -isystem "C:\Program Files\SDCC\bin\..\include\mcs51" -isystem "C:\Program Files\SDCC\bin\..\include"  "../Common/MenuMgr.c" 
  sdcc: Generating code...
  sdcc: Calling assembler...
  sdcc: sdas8051.exe -plosgffw "MenuMgr.rel" "MenuMgr".asm
  + C:\PROGRA~1\SDCC\bin\sdas8051.exe -plosgffw "MenuMgr.rel" "MenuMgr".asm
  sdcc: Calling preprocessor...
  sdcc: sdcpp.exe -nostdinc -Wall -std=c11 -D"MC8051" -I"../Common" -obj-ext=.rel -D__SDCC_CHAR_UNSIGNED -D__SDCC_MODEL_LARGE -D__SDCC_FLOAT_REENT -D__SDCC=4_0_0 -D__SDCC_VERSION_MAJOR=4 -D__SDCC_VERSION_MINOR=0 -D__SDCC_VERSION_PATCH=0 -DSDCC=400 -D__SDCC_REVISION=11528 -D__SDCC_mcs51 -D__STDC_NO_COMPLEX__=1 -D__STDC_NO_THREADS__=1 -D__STDC_NO_ATOMICS__=1 -D__STDC_NO_VLA__=1 -D__STDC_ISO_10646__=201409L -D__STDC_UTF_16__=1 -D__STDC_UTF_32__=1 -isystem "C:\Program Files\SDCC\bin\..\include\mcs51" -isystem "C:\Program Files\SDCC\bin\..\include"  "../Common/CentralHeating.c" 
  + C:\PROGRA~1\SDCC\bin\sdcpp.exe -nostdinc -Wall -std=c11 -D"MC8051" -I"../Common" -obj-ext=.rel -D__SDCC_CHAR_UNSIGNED -D__SDCC_MODEL_LARGE -D__SDCC_FLOAT_REENT -D__SDCC=4_0_0 -D__SDCC_VERSION_MAJOR=4 -D__SDCC_VERSION_MINOR=0 -D__SDCC_VERSION_PATCH=0 -DSDCC=400 -D__SDCC_REVISION=11528 -D__SDCC_mcs51 -D__STDC_NO_COMPLEX__=1 -D__STDC_NO_THREADS__=1 -D__STDC_NO_ATOMICS__=1 -D__STDC_NO_VLA__=1 -D__STDC_ISO_10646__=201409L -D__STDC_UTF_16__=1 -D__STDC_UTF_32__=1 -isystem "C:\Program Files\SDCC\bin\..\include\mcs51" -isystem "C:\Program Files\SDCC\bin\..\include"  "../Common/CentralHeating.c" 
  sdcc: Generating code...
  sdcc: Calling assembler...
  sdcc: sdas8051.exe -plosgffw "CentralHeating.rel" "CentralHeating".asm
  + C:\PROGRA~1\SDCC\bin\sdas8051.exe -plosgffw "CentralHeating.rel" "CentralHeating".asm
  sdcc: Calling preprocessor...
  sdcc: sdcpp.exe -nostdinc -Wall -std=c11 -D"MC8051" -I"../Common" -obj-ext=.rel -D__SDCC_CHAR_UNSIGNED -D__SDCC_MODEL_LARGE -D__SDCC_FLOAT_REENT -D__SDCC=4_0_0 -D__SDCC_VERSION_MAJOR=4 -D__SDCC_VERSION_MINOR=0 -D__SDCC_VERSION_PATCH=0 -DSDCC=400 -D__SDCC_REVISION=11528 -D__SDCC_mcs51 -D__STDC_NO_COMPLEX__=1 -D__STDC_NO_THREADS__=1 -D__STDC_NO_ATOMICS__=1 -D__STDC_NO_VLA__=1 -D__STDC_ISO_10646__=201409L -D__STDC_UTF_16__=1 -D__STDC_UTF_32__=1 -isystem "C:\Program Files\SDCC\bin\..\include\mcs51" -isystem "C:\Program Files\SDCC\bin\..\include"  "../Common/CentralHeatingMenus.c" 
  + C:\PROGRA~1\SDCC\bin\sdcpp.exe -nostdinc -Wall -std=c11 -D"MC8051" -I"../Common" -obj-ext=.rel -D__SDCC_CHAR_UNSIGNED -D__SDCC_MODEL_LARGE -D__SDCC_FLOAT_REENT -D__SDCC=4_0_0 -D__SDCC_VERSION_MAJOR=4 -D__SDCC_VERSION_MINOR=0 -D__SDCC_VERSION_PATCH=0 -DSDCC=400 -D__SDCC_REVISION=11528 -D__SDCC_mcs51 -D__STDC_NO_COMPLEX__=1 -D__STDC_NO_THREADS__=1 -D__STDC_NO_ATOMICS__=1 -D__STDC_NO_VLA__=1 -D__STDC_ISO_10646__=201409L -D__STDC_UTF_16__=1 -D__STDC_UTF_32__=1 -isystem "C:\Program Files\SDCC\bin\..\include\mcs51" -isystem "C:\Program Files\SDCC\bin\..\include"  "../Common/CentralHeatingMenus.c" 
  sdcc: Generating code...
  sdcc: Calling assembler...
  sdcc: sdas8051.exe -plosgffw "CentralHeatingMenus.rel" "CentralHeatingMenus".asm
  + C:\PROGRA~1\SDCC\bin\sdas8051.exe -plosgffw "CentralHeatingMenus.rel" "CentralHeatingMenus".asm
  sdcc: Calling preprocessor...
  sdcc: sdcpp.exe -nostdinc -Wall -std=c11 -D"MC8051" -I"../Common" -obj-ext=.rel -D__SDCC_CHAR_UNSIGNED -D__SDCC_MODEL_LARGE -D__SDCC_FLOAT_REENT -D__SDCC=4_0_0 -D__SDCC_VERSION_MAJOR=4 -D__SDCC_VERSION_MINOR=0 -D__SDCC_VERSION_PATCH=0 -DSDCC=400 -D__SDCC_REVISION=11528 -D__SDCC_mcs51 -D__STDC_NO_COMPLEX__=1 -D__STDC_NO_THREADS__=1 -D__STDC_NO_ATOMICS__=1 -D__STDC_NO_VLA__=1 -D__STDC_ISO_10646__=201409L -D__STDC_UTF_16__=1 -D__STDC_UTF_32__=1 -isystem "C:\Program Files\SDCC\bin\..\include\mcs51" -isystem "C:\Program Files\SDCC\bin\..\include"  "../Common/StringUtils.c" 
  + C:\PROGRA~1\SDCC\bin\sdcpp.exe -nostdinc -Wall -std=c11 -D"MC8051" -I"../Common" -obj-ext=.rel -D__SDCC_CHAR_UNSIGNED -D__SDCC_MODEL_LARGE -D__SDCC_FLOAT_REENT -D__SDCC=4_0_0 -D__SDCC_VERSION_MAJOR=4 -D__SDCC_VERSION_MINOR=0 -D__SDCC_VERSION_PATCH=0 -DSDCC=400 -D__SDCC_REVISION=11528 -D__SDCC_mcs51 -D__STDC_NO_COMPLEX__=1 -D__STDC_NO_THREADS__=1 -D__STDC_NO_ATOMICS__=1 -D__STDC_NO_VLA__=1 -D__STDC_ISO_10646__=201409L -D__STDC_UTF_16__=1 -D__STDC_UTF_32__=1 -isystem "C:\Program Files\SDCC\bin\..\include\mcs51" -isystem "C:\Program Files\SDCC\bin\..\include"  "../Common/StringUtils.c" 
  sdcc: Generating code...
  sdcc: Calling assembler...
  sdcc: sdas8051.exe -plosgffw "StringUtils.rel" "StringUtils".asm
  + C:\PROGRA~1\SDCC\bin\sdas8051.exe -plosgffw "StringUtils.rel" "StringUtils".asm
  sdcc: Calling preprocessor...
  sdcc: sdcpp.exe -nostdinc -Wall -std=c11 -D"MC8051" -I"../Common" -obj-ext=.rel -D__SDCC_CHAR_UNSIGNED -D__SDCC_MODEL_LARGE -D__SDCC_FLOAT_REENT -D__SDCC=4_0_0 -D__SDCC_VERSION_MAJOR=4 -D__SDCC_VERSION_MINOR=0 -D__SDCC_VERSION_PATCH=0 -DSDCC=400 -D__SDCC_REVISION=11528 -D__SDCC_mcs51 -D__STDC_NO_COMPLEX__=1 -D__STDC_NO_THREADS__=1 -D__STDC_NO_ATOMICS__=1 -D__STDC_NO_VLA__=1 -D__STDC_ISO_10646__=201409L -D__STDC_UTF_16__=1 -D__STDC_UTF_32__=1 -isystem "C:\Program Files\SDCC\bin\..\include\mcs51" -isystem "C:\Program Files\SDCC\bin\..\include"  "../Common/DateTime.c" 
  + C:\PROGRA~1\SDCC\bin\sdcpp.exe -nostdinc -Wall -std=c11 -D"MC8051" -I"../Common" -obj-ext=.rel -D__SDCC_CHAR_UNSIGNED -D__SDCC_MODEL_LARGE -D__SDCC_FLOAT_REENT -D__SDCC=4_0_0 -D__SDCC_VERSION_MAJOR=4 -D__SDCC_VERSION_MINOR=0 -D__SDCC_VERSION_PATCH=0 -DSDCC=400 -D__SDCC_REVISION=11528 -D__SDCC_mcs51 -D__STDC_NO_COMPLEX__=1 -D__STDC_NO_THREADS__=1 -D__STDC_NO_ATOMICS__=1 -D__STDC_NO_VLA__=1 -D__STDC_ISO_10646__=201409L -D__STDC_UTF_16__=1 -D__STDC_UTF_32__=1 -isystem "C:\Program Files\SDCC\bin\..\include\mcs51" -isystem "C:\Program Files\SDCC\bin\..\include"  "../Common/DateTime.c" 
  sdcc: Generating code...
  sdcc: Calling assembler...
  sdcc: sdas8051.exe -plosgffw "DateTime.rel" "DateTime".asm
  + C:\PROGRA~1\SDCC\bin\sdas8051.exe -plosgffw "DateTime.rel" "DateTime".asm
  sdcc: Calling preprocessor...
  sdcc: sdcpp.exe -nostdinc -Wall -std=c11 -D"MC8051" -I"../Common" -obj-ext=.rel -D__SDCC_CHAR_UNSIGNED -D__SDCC_MODEL_LARGE -D__SDCC_FLOAT_REENT -D__SDCC=4_0_0 -D__SDCC_VERSION_MAJOR=4 -D__SDCC_VERSION_MINOR=0 -D__SDCC_VERSION_PATCH=0 -DSDCC=400 -D__SDCC_REVISION=11528 -D__SDCC_mcs51 -D__STDC_NO_COMPLEX__=1 -D__STDC_NO_THREADS__=1 -D__STDC_NO_ATOMICS__=1 -D__STDC_NO_VLA__=1 -D__STDC_ISO_10646__=201409L -D__STDC_UTF_16__=1 -D__STDC_UTF_32__=1 -isystem "C:\Program Files\SDCC\bin\..\include\mcs51" -isystem "C:\Program Files\SDCC\bin\..\include"  "LcdDisplay.c" 
  + C:\PROGRA~1\SDCC\bin\sdcpp.exe -nostdinc -Wall -std=c11 -D"MC8051" -I"../Common" -obj-ext=.rel -D__SDCC_CHAR_UNSIGNED -D__SDCC_MODEL_LARGE -D__SDCC_FLOAT_REENT -D__SDCC=4_0_0 -D__SDCC_VERSION_MAJOR=4 -D__SDCC_VERSION_MINOR=0 -D__SDCC_VERSION_PATCH=0 -DSDCC=400 -D__SDCC_REVISION=11528 -D__SDCC_mcs51 -D__STDC_NO_COMPLEX__=1 -D__STDC_NO_THREADS__=1 -D__STDC_NO_ATOMICS__=1 -D__STDC_NO_VLA__=1 -D__STDC_ISO_10646__=201409L -D__STDC_UTF_16__=1 -D__STDC_UTF_32__=1 -isystem "C:\Program Files\SDCC\bin\..\include\mcs51" -isystem "C:\Program Files\SDCC\bin\..\include"  "LcdDisplay.c" 
  sdcc: Generating code...
  sdcc: Calling assembler...
  sdcc: sdas8051.exe -plosgffw "LcdDisplay.rel" "LcdDisplay".asm
  + C:\PROGRA~1\SDCC\bin\sdas8051.exe -plosgffw "LcdDisplay.rel" "LcdDisplay".asm
  sdcc: Calling preprocessor...
  sdcc: sdcpp.exe -nostdinc -Wall -std=c11 -D"MC8051" -I"../Common" -obj-ext=.rel -D__SDCC_CHAR_UNSIGNED -D__SDCC_MODEL_LARGE -D__SDCC_FLOAT_REENT -D__SDCC=4_0_0 -D__SDCC_VERSION_MAJOR=4 -D__SDCC_VERSION_MINOR=0 -D__SDCC_VERSION_PATCH=0 -DSDCC=400 -D__SDCC_REVISION=11528 -D__SDCC_mcs51 -D__STDC_NO_COMPLEX__=1 -D__STDC_NO_THREADS__=1 -D__STDC_NO_ATOMICS__=1 -D__STDC_NO_VLA__=1 -D__STDC_ISO_10646__=201409L -D__STDC_UTF_16__=1 -D__STDC_UTF_32__=1 -isystem "C:\Program Files\SDCC\bin\..\include\mcs51" -isystem "C:\Program Files\SDCC\bin\..\include"  "I2C.c" 
  + C:\PROGRA~1\SDCC\bin\sdcpp.exe -nostdinc -Wall -std=c11 -D"MC8051" -I"../Common" -obj-ext=.rel -D__SDCC_CHAR_UNSIGNED -D__SDCC_MODEL_LARGE -D__SDCC_FLOAT_REENT -D__SDCC=4_0_0 -D__SDCC_VERSION_MAJOR=4 -D__SDCC_VERSION_MINOR=0 -D__SDCC_VERSION_PATCH=0 -DSDCC=400 -D__SDCC_REVISION=11528 -D__SDCC_mcs51 -D__STDC_NO_COMPLEX__=1 -D__STDC_NO_THREADS__=1 -D__STDC_NO_ATOMICS__=1 -D__STDC_NO_VLA__=1 -D__STDC_ISO_10646__=201409L -D__STDC_UTF_16__=1 -D__STDC_UTF_32__=1 -isystem "C:\Program Files\SDCC\bin\..\include\mcs51" -isystem "C:\Program Files\SDCC\bin\..\include"  "I2C.c" 
  sdcc: Generating code...
  sdcc: Calling assembler...
  sdcc: sdas8051.exe -plosgffw "I2C.rel" "I2C".asm
  + C:\PROGRA~1\SDCC\bin\sdas8051.exe -plosgffw "I2C.rel" "I2C".asm
  sdcc: Calling preprocessor...
  sdcc: sdcpp.exe -nostdinc -Wall -std=c11 -D"MC8051" -I"../Common" -obj-ext=.rel -D__SDCC_CHAR_UNSIGNED -D__SDCC_MODEL_LARGE -D__SDCC_FLOAT_REENT -D__SDCC=4_0_0 -D__SDCC_VERSION_MAJOR=4 -D__SDCC_VERSION_MINOR=0 -D__SDCC_VERSION_PATCH=0 -DSDCC=400 -D__SDCC_REVISION=11528 -D__SDCC_mcs51 -D__STDC_NO_COMPLEX__=1 -D__STDC_NO_THREADS__=1 -D__STDC_NO_ATOMICS__=1 -D__STDC_NO_VLA__=1 -D__STDC_ISO_10646__=201409L -D__STDC_UTF_16__=1 -D__STDC_UTF_32__=1 -isystem "C:\Program Files\SDCC\bin\..\include\mcs51" -isystem "C:\Program Files\SDCC\bin\..\include"  "RTC1307.c" 
  + C:\PROGRA~1\SDCC\bin\sdcpp.exe -nostdinc -Wall -std=c11 -D"MC8051" -I"../Common" -obj-ext=.rel -D__SDCC_CHAR_UNSIGNED -D__SDCC_MODEL_LARGE -D__SDCC_FLOAT_REENT -D__SDCC=4_0_0 -D__SDCC_VERSION_MAJOR=4 -D__SDCC_VERSION_MINOR=0 -D__SDCC_VERSION_PATCH=0 -DSDCC=400 -D__SDCC_REVISION=11528 -D__SDCC_mcs51 -D__STDC_NO_COMPLEX__=1 -D__STDC_NO_THREADS__=1 -D__STDC_NO_ATOMICS__=1 -D__STDC_NO_VLA__=1 -D__STDC_ISO_10646__=201409L -D__STDC_UTF_16__=1 -D__STDC_UTF_32__=1 -isystem "C:\Program Files\SDCC\bin\..\include\mcs51" -isystem "C:\Program Files\SDCC\bin\..\include"  "RTC1307.c" 
  sdcc: Generating code...
  sdcc: Calling assembler...
  sdcc: sdas8051.exe -plosgffw "RTC1307.rel" "RTC1307".asm
  + C:\PROGRA~1\SDCC\bin\sdas8051.exe -plosgffw "RTC1307.rel" "RTC1307".asm
  sdcc: Calling linker...
  sdcc: sdld.exe -nf "89C51Board.lk"
  packihx: read 525 lines, wrote 1026: OK.
