c:\users\huseyincagla_zr\source\repos\private\centralheating\x86emulated\debug\vc143.pdb
c:\users\huseyincagla_zr\source\repos\private\centralheating\x86emulated\debug\vc143.idb
c:\users\huseyincagla_zr\source\repos\private\centralheating\x86emulated\debug\centralheating.obj
c:\users\huseyincagla_zr\source\repos\private\centralheating\x86emulated\debug\centralheatingmenus.obj
c:\users\huseyincagla_zr\source\repos\private\centralheating\x86emulated\debug\datetime.obj
c:\users\huseyincagla_zr\source\repos\private\centralheating\x86emulated\debug\menumgr.obj
c:\users\huseyincagla_zr\source\repos\private\centralheating\x86emulated\debug\stringutils.obj
c:\users\huseyincagla_zr\source\repos\private\centralheating\x86emulated\debug\crashdump.obj
c:\users\huseyincagla_zr\source\repos\private\centralheating\x86emulated\debug\emulatorentrypoint.obj
c:\users\huseyincagla_zr\source\repos\private\centralheating\x86emulated\debug\x86emulated.dll
c:\users\huseyincagla_zr\source\repos\private\centralheating\x86emulated\debug\x86emulated.pdb
c:\users\huseyincagla_zr\source\repos\private\centralheating\x86emulated\debug\x86emulated.lib
c:\users\huseyincagla_zr\source\repos\private\centralheating\x86emulated\debug\x86emulated.exp
c:\users\huseyincagla_zr\source\repos\private\centralheating\x86emulated\debug\x86emulated.ilk
c:\users\huseyincagla_zr\source\repos\private\centralheating\x86emulated\debug\x86emulated.tlog\cl.command.1.tlog
c:\users\huseyincagla_zr\source\repos\private\centralheating\x86emulated\debug\x86emulated.tlog\cl.items.tlog
c:\users\huseyincagla_zr\source\repos\private\centralheating\x86emulated\debug\x86emulated.tlog\cl.read.1.tlog
c:\users\huseyincagla_zr\source\repos\private\centralheating\x86emulated\debug\x86emulated.tlog\cl.write.1.tlog
c:\users\huseyincagla_zr\source\repos\private\centralheating\x86emulated\debug\x86emulated.tlog\link.command.1.tlog
c:\users\huseyincagla_zr\source\repos\private\centralheating\x86emulated\debug\x86emulated.tlog\link.read.1.tlog
c:\users\huseyincagla_zr\source\repos\private\centralheating\x86emulated\debug\x86emulated.tlog\link.secondary.1.tlog
c:\users\huseyincagla_zr\source\repos\private\centralheating\x86emulated\debug\x86emulated.tlog\link.write.1.tlog
